{"timestamp":"2025-12-07T12:04:59.714770","level":"info","event":"DAG bundles loaded: dags-folder","logger":"airflow.dag_processing.bundles.manager.DagBundlesManager"}
{"timestamp":"2025-12-07T12:04:59.715507","level":"info","event":"Filling up the DagBag from /opt/airflow/dags/tsetmc_history_dag.py","logger":"airflow.models.dagbag.DagBag"}
{"timestamp":"2025-12-07T12:05:00.538210","level":"warning","event":"Using Connection.get_connection_from_secrets from `airflow.models` is deprecated.Please use `from airflow.sdk import Connection` instead","category":"DeprecationWarning","filename":"/home/airflow/.local/lib/python3.12/site-packages/airflow/models/connection.py","lineno":471,"logger":"py.warnings"}
{"timestamp":"2025-12-07T12:05:00.622329Z","level":"info","event":"Failed to load dags/csvfiles/34144395039913458_20251127.csv into Postgres: The conn_id `my_postgres` isn't defined","chan":"stdout","logger":"task"}
{"timestamp":"2025-12-07T12:05:00.629806","level":"warning","event":"Using Connection.get_connection_from_secrets from `airflow.models` is deprecated.Please use `from airflow.sdk import Connection` instead","category":"DeprecationWarning","filename":"/home/airflow/.local/lib/python3.12/site-packages/airflow/models/connection.py","lineno":471,"logger":"py.warnings"}
{"timestamp":"2025-12-07T12:05:00.640108Z","level":"info","event":"Failed to load dags/csvfiles/34144395039913458_20251128.csv into Postgres: The conn_id `my_postgres` isn't defined","chan":"stdout","logger":"task"}
{"timestamp":"2025-12-07T12:05:00.651596","level":"warning","event":"Using Connection.get_connection_from_secrets from `airflow.models` is deprecated.Please use `from airflow.sdk import Connection` instead","category":"DeprecationWarning","filename":"/home/airflow/.local/lib/python3.12/site-packages/airflow/models/connection.py","lineno":471,"logger":"py.warnings"}
{"timestamp":"2025-12-07T12:05:00.663420Z","level":"info","event":"Failed to load dags/csvfiles/34144395039913458_20251129.csv into Postgres: The conn_id `my_postgres` isn't defined","chan":"stdout","logger":"task"}
{"timestamp":"2025-12-07T12:05:00.669587","level":"warning","event":"Using Connection.get_connection_from_secrets from `airflow.models` is deprecated.Please use `from airflow.sdk import Connection` instead","category":"DeprecationWarning","filename":"/home/airflow/.local/lib/python3.12/site-packages/airflow/models/connection.py","lineno":471,"logger":"py.warnings"}
{"timestamp":"2025-12-07T12:05:00.680601Z","level":"info","event":"Failed to load dags/csvfiles/34144395039913458_20251130.csv into Postgres: The conn_id `my_postgres` isn't defined","chan":"stdout","logger":"task"}
{"timestamp":"2025-12-07T12:05:00.687587","level":"warning","event":"Using Connection.get_connection_from_secrets from `airflow.models` is deprecated.Please use `from airflow.sdk import Connection` instead","category":"DeprecationWarning","filename":"/home/airflow/.local/lib/python3.12/site-packages/airflow/models/connection.py","lineno":471,"logger":"py.warnings"}
{"timestamp":"2025-12-07T12:05:00.696845Z","level":"info","event":"Failed to load dags/csvfiles/34144395039913458_20251201.csv into Postgres: The conn_id `my_postgres` isn't defined","chan":"stdout","logger":"task"}
{"timestamp":"2025-12-07T12:05:00.702952","level":"warning","event":"Using Connection.get_connection_from_secrets from `airflow.models` is deprecated.Please use `from airflow.sdk import Connection` instead","category":"DeprecationWarning","filename":"/home/airflow/.local/lib/python3.12/site-packages/airflow/models/connection.py","lineno":471,"logger":"py.warnings"}
{"timestamp":"2025-12-07T12:05:00.712041Z","level":"info","event":"Failed to load dags/csvfiles/34144395039913458_20251202.csv into Postgres: The conn_id `my_postgres` isn't defined","chan":"stdout","logger":"task"}
{"timestamp":"2025-12-07T12:05:00.719000","level":"warning","event":"Using Connection.get_connection_from_secrets from `airflow.models` is deprecated.Please use `from airflow.sdk import Connection` instead","category":"DeprecationWarning","filename":"/home/airflow/.local/lib/python3.12/site-packages/airflow/models/connection.py","lineno":471,"logger":"py.warnings"}
{"timestamp":"2025-12-07T12:05:00.729672Z","level":"info","event":"Failed to load dags/csvfiles/34144395039913458_20251203.csv into Postgres: The conn_id `my_postgres` isn't defined","chan":"stdout","logger":"task"}
{"timestamp":"2025-12-07T12:05:00.735944","level":"warning","event":"Using Connection.get_connection_from_secrets from `airflow.models` is deprecated.Please use `from airflow.sdk import Connection` instead","category":"DeprecationWarning","filename":"/home/airflow/.local/lib/python3.12/site-packages/airflow/models/connection.py","lineno":471,"logger":"py.warnings"}
{"timestamp":"2025-12-07T12:05:00.745898Z","level":"info","event":"Failed to load dags/csvfiles/34144395039913458_20251204.csv into Postgres: The conn_id `my_postgres` isn't defined","chan":"stdout","logger":"task"}
{"timestamp":"2025-12-07T12:05:00.752304","level":"warning","event":"Using Connection.get_connection_from_secrets from `airflow.models` is deprecated.Please use `from airflow.sdk import Connection` instead","category":"DeprecationWarning","filename":"/home/airflow/.local/lib/python3.12/site-packages/airflow/models/connection.py","lineno":471,"logger":"py.warnings"}
{"timestamp":"2025-12-07T12:05:00.763109Z","level":"info","event":"Failed to load dags/csvfiles/34144395039913458_20251205.csv into Postgres: The conn_id `my_postgres` isn't defined","chan":"stdout","logger":"task"}
{"timestamp":"2025-12-07T12:05:00.769318","level":"warning","event":"Using Connection.get_connection_from_secrets from `airflow.models` is deprecated.Please use `from airflow.sdk import Connection` instead","category":"DeprecationWarning","filename":"/home/airflow/.local/lib/python3.12/site-packages/airflow/models/connection.py","lineno":471,"logger":"py.warnings"}
{"timestamp":"2025-12-07T12:05:00.779842Z","level":"info","event":"Failed to load dags/csvfiles/34144395039913458_20251206.csv into Postgres: The conn_id `my_postgres` isn't defined","chan":"stdout","logger":"task"}
{"timestamp":"2025-12-07T12:05:00.789654","level":"warning","event":"Using Connection.get_connection_from_secrets from `airflow.models` is deprecated.Please use `from airflow.sdk import Connection` instead","category":"DeprecationWarning","filename":"/home/airflow/.local/lib/python3.12/site-packages/airflow/models/connection.py","lineno":471,"logger":"py.warnings"}
{"timestamp":"2025-12-07T12:05:00.807239Z","level":"info","event":"Failed to load dags/csvfiles/34144395039913458_20251207.csv into Postgres: The conn_id `my_postgres` isn't defined","chan":"stdout","logger":"task"}
{"timestamp":"2025-12-07T12:05:00.815542","level":"warning","event":"Using Connection.get_connection_from_secrets from `airflow.models` is deprecated.Please use `from airflow.sdk import Connection` instead","category":"DeprecationWarning","filename":"/home/airflow/.local/lib/python3.12/site-packages/airflow/models/connection.py","lineno":471,"logger":"py.warnings"}
{"timestamp":"2025-12-07T12:05:00.835645Z","level":"info","event":"Failed to load dags/csvfiles/26014913469567886_20251127.csv into Postgres: The conn_id `my_postgres` isn't defined","chan":"stdout","logger":"task"}
{"timestamp":"2025-12-07T12:05:00.843326","level":"warning","event":"Using Connection.get_connection_from_secrets from `airflow.models` is deprecated.Please use `from airflow.sdk import Connection` instead","category":"DeprecationWarning","filename":"/home/airflow/.local/lib/python3.12/site-packages/airflow/models/connection.py","lineno":471,"logger":"py.warnings"}
{"timestamp":"2025-12-07T12:05:00.857887Z","level":"info","event":"Failed to load dags/csvfiles/26014913469567886_20251128.csv into Postgres: The conn_id `my_postgres` isn't defined","chan":"stdout","logger":"task"}
{"timestamp":"2025-12-07T12:05:00.866677","level":"warning","event":"Using Connection.get_connection_from_secrets from `airflow.models` is deprecated.Please use `from airflow.sdk import Connection` instead","category":"DeprecationWarning","filename":"/home/airflow/.local/lib/python3.12/site-packages/airflow/models/connection.py","lineno":471,"logger":"py.warnings"}
{"timestamp":"2025-12-07T12:05:00.874975Z","level":"info","event":"Failed to load dags/csvfiles/26014913469567886_20251129.csv into Postgres: The conn_id `my_postgres` isn't defined","chan":"stdout","logger":"task"}
{"timestamp":"2025-12-07T12:05:00.882031","level":"warning","event":"Using Connection.get_connection_from_secrets from `airflow.models` is deprecated.Please use `from airflow.sdk import Connection` instead","category":"DeprecationWarning","filename":"/home/airflow/.local/lib/python3.12/site-packages/airflow/models/connection.py","lineno":471,"logger":"py.warnings"}
{"timestamp":"2025-12-07T12:05:00.889879Z","level":"info","event":"Failed to load dags/csvfiles/26014913469567886_20251130.csv into Postgres: The conn_id `my_postgres` isn't defined","chan":"stdout","logger":"task"}
{"timestamp":"2025-12-07T12:05:00.897040","level":"warning","event":"Using Connection.get_connection_from_secrets from `airflow.models` is deprecated.Please use `from airflow.sdk import Connection` instead","category":"DeprecationWarning","filename":"/home/airflow/.local/lib/python3.12/site-packages/airflow/models/connection.py","lineno":471,"logger":"py.warnings"}
{"timestamp":"2025-12-07T12:05:00.904758Z","level":"info","event":"Failed to load dags/csvfiles/26014913469567886_20251201.csv into Postgres: The conn_id `my_postgres` isn't defined","chan":"stdout","logger":"task"}
{"timestamp":"2025-12-07T12:05:00.909484","level":"warning","event":"Using Connection.get_connection_from_secrets from `airflow.models` is deprecated.Please use `from airflow.sdk import Connection` instead","category":"DeprecationWarning","filename":"/home/airflow/.local/lib/python3.12/site-packages/airflow/models/connection.py","lineno":471,"logger":"py.warnings"}
{"timestamp":"2025-12-07T12:05:00.919463Z","level":"info","event":"Failed to load dags/csvfiles/26014913469567886_20251202.csv into Postgres: The conn_id `my_postgres` isn't defined","chan":"stdout","logger":"task"}
{"timestamp":"2025-12-07T12:05:00.924032","level":"warning","event":"Using Connection.get_connection_from_secrets from `airflow.models` is deprecated.Please use `from airflow.sdk import Connection` instead","category":"DeprecationWarning","filename":"/home/airflow/.local/lib/python3.12/site-packages/airflow/models/connection.py","lineno":471,"logger":"py.warnings"}
{"timestamp":"2025-12-07T12:05:00.935334Z","level":"info","event":"Failed to load dags/csvfiles/26014913469567886_20251203.csv into Postgres: The conn_id `my_postgres` isn't defined","chan":"stdout","logger":"task"}
{"timestamp":"2025-12-07T12:05:00.941032","level":"warning","event":"Using Connection.get_connection_from_secrets from `airflow.models` is deprecated.Please use `from airflow.sdk import Connection` instead","category":"DeprecationWarning","filename":"/home/airflow/.local/lib/python3.12/site-packages/airflow/models/connection.py","lineno":471,"logger":"py.warnings"}
{"timestamp":"2025-12-07T12:05:00.951854Z","level":"info","event":"Failed to load dags/csvfiles/26014913469567886_20251204.csv into Postgres: The conn_id `my_postgres` isn't defined","chan":"stdout","logger":"task"}
{"timestamp":"2025-12-07T12:05:00.958089","level":"warning","event":"Using Connection.get_connection_from_secrets from `airflow.models` is deprecated.Please use `from airflow.sdk import Connection` instead","category":"DeprecationWarning","filename":"/home/airflow/.local/lib/python3.12/site-packages/airflow/models/connection.py","lineno":471,"logger":"py.warnings"}
{"timestamp":"2025-12-07T12:05:00.969858Z","level":"info","event":"Failed to load dags/csvfiles/26014913469567886_20251205.csv into Postgres: The conn_id `my_postgres` isn't defined","chan":"stdout","logger":"task"}
{"timestamp":"2025-12-07T12:05:00.976417","level":"warning","event":"Using Connection.get_connection_from_secrets from `airflow.models` is deprecated.Please use `from airflow.sdk import Connection` instead","category":"DeprecationWarning","filename":"/home/airflow/.local/lib/python3.12/site-packages/airflow/models/connection.py","lineno":471,"logger":"py.warnings"}
{"timestamp":"2025-12-07T12:05:01.001882Z","level":"info","event":"Failed to load dags/csvfiles/26014913469567886_20251206.csv into Postgres: The conn_id `my_postgres` isn't defined","chan":"stdout","logger":"task"}
{"timestamp":"2025-12-07T12:05:01.007777","level":"warning","event":"Using Connection.get_connection_from_secrets from `airflow.models` is deprecated.Please use `from airflow.sdk import Connection` instead","category":"DeprecationWarning","filename":"/home/airflow/.local/lib/python3.12/site-packages/airflow/models/connection.py","lineno":471,"logger":"py.warnings"}
{"timestamp":"2025-12-07T12:05:01.025943Z","level":"info","event":"Failed to load dags/csvfiles/26014913469567886_20251207.csv into Postgres: The conn_id `my_postgres` isn't defined","chan":"stdout","logger":"task"}
{"timestamp":"2025-12-07T12:05:01.036239","level":"warning","event":"Using Connection.get_connection_from_secrets from `airflow.models` is deprecated.Please use `from airflow.sdk import Connection` instead","category":"DeprecationWarning","filename":"/home/airflow/.local/lib/python3.12/site-packages/airflow/models/connection.py","lineno":471,"logger":"py.warnings"}
{"timestamp":"2025-12-07T12:05:01.053786Z","level":"info","event":"Failed to load dags/csvfiles/26014913469567886_20251127.csv into Postgres: The conn_id `my_postgres` isn't defined","chan":"stdout","logger":"task"}
{"timestamp":"2025-12-07T12:05:01.057847","level":"warning","event":"Using Connection.get_connection_from_secrets from `airflow.models` is deprecated.Please use `from airflow.sdk import Connection` instead","category":"DeprecationWarning","filename":"/home/airflow/.local/lib/python3.12/site-packages/airflow/models/connection.py","lineno":471,"logger":"py.warnings"}
{"timestamp":"2025-12-07T12:05:01.070235Z","level":"info","event":"Failed to load dags/csvfiles/26014913469567886_20251128.csv into Postgres: The conn_id `my_postgres` isn't defined","chan":"stdout","logger":"task"}
{"timestamp":"2025-12-07T12:05:01.073963","level":"warning","event":"Using Connection.get_connection_from_secrets from `airflow.models` is deprecated.Please use `from airflow.sdk import Connection` instead","category":"DeprecationWarning","filename":"/home/airflow/.local/lib/python3.12/site-packages/airflow/models/connection.py","lineno":471,"logger":"py.warnings"}
{"timestamp":"2025-12-07T12:05:01.085483Z","level":"info","event":"Failed to load dags/csvfiles/26014913469567886_20251129.csv into Postgres: The conn_id `my_postgres` isn't defined","chan":"stdout","logger":"task"}
{"timestamp":"2025-12-07T12:05:01.089137","level":"warning","event":"Using Connection.get_connection_from_secrets from `airflow.models` is deprecated.Please use `from airflow.sdk import Connection` instead","category":"DeprecationWarning","filename":"/home/airflow/.local/lib/python3.12/site-packages/airflow/models/connection.py","lineno":471,"logger":"py.warnings"}
{"timestamp":"2025-12-07T12:05:01.099807Z","level":"info","event":"Failed to load dags/csvfiles/26014913469567886_20251130.csv into Postgres: The conn_id `my_postgres` isn't defined","chan":"stdout","logger":"task"}
{"timestamp":"2025-12-07T12:05:01.103452","level":"warning","event":"Using Connection.get_connection_from_secrets from `airflow.models` is deprecated.Please use `from airflow.sdk import Connection` instead","category":"DeprecationWarning","filename":"/home/airflow/.local/lib/python3.12/site-packages/airflow/models/connection.py","lineno":471,"logger":"py.warnings"}
{"timestamp":"2025-12-07T12:05:01.114298Z","level":"info","event":"Failed to load dags/csvfiles/26014913469567886_20251201.csv into Postgres: The conn_id `my_postgres` isn't defined","chan":"stdout","logger":"task"}
{"timestamp":"2025-12-07T12:05:01.117961","level":"warning","event":"Using Connection.get_connection_from_secrets from `airflow.models` is deprecated.Please use `from airflow.sdk import Connection` instead","category":"DeprecationWarning","filename":"/home/airflow/.local/lib/python3.12/site-packages/airflow/models/connection.py","lineno":471,"logger":"py.warnings"}
{"timestamp":"2025-12-07T12:05:01.126005Z","level":"info","event":"Failed to load dags/csvfiles/26014913469567886_20251202.csv into Postgres: The conn_id `my_postgres` isn't defined","chan":"stdout","logger":"task"}
{"timestamp":"2025-12-07T12:05:01.132666","level":"warning","event":"Using Connection.get_connection_from_secrets from `airflow.models` is deprecated.Please use `from airflow.sdk import Connection` instead","category":"DeprecationWarning","filename":"/home/airflow/.local/lib/python3.12/site-packages/airflow/models/connection.py","lineno":471,"logger":"py.warnings"}
{"timestamp":"2025-12-07T12:05:01.140125Z","level":"info","event":"Failed to load dags/csvfiles/26014913469567886_20251203.csv into Postgres: The conn_id `my_postgres` isn't defined","chan":"stdout","logger":"task"}
{"timestamp":"2025-12-07T12:05:01.148757","level":"warning","event":"Using Connection.get_connection_from_secrets from `airflow.models` is deprecated.Please use `from airflow.sdk import Connection` instead","category":"DeprecationWarning","filename":"/home/airflow/.local/lib/python3.12/site-packages/airflow/models/connection.py","lineno":471,"logger":"py.warnings"}
{"timestamp":"2025-12-07T12:05:01.157781Z","level":"info","event":"Failed to load dags/csvfiles/26014913469567886_20251204.csv into Postgres: The conn_id `my_postgres` isn't defined","chan":"stdout","logger":"task"}
{"timestamp":"2025-12-07T12:05:01.166888","level":"warning","event":"Using Connection.get_connection_from_secrets from `airflow.models` is deprecated.Please use `from airflow.sdk import Connection` instead","category":"DeprecationWarning","filename":"/home/airflow/.local/lib/python3.12/site-packages/airflow/models/connection.py","lineno":471,"logger":"py.warnings"}
{"timestamp":"2025-12-07T12:05:01.176321Z","level":"info","event":"Failed to load dags/csvfiles/26014913469567886_20251205.csv into Postgres: The conn_id `my_postgres` isn't defined","chan":"stdout","logger":"task"}
{"timestamp":"2025-12-07T12:05:01.187770","level":"warning","event":"Using Connection.get_connection_from_secrets from `airflow.models` is deprecated.Please use `from airflow.sdk import Connection` instead","category":"DeprecationWarning","filename":"/home/airflow/.local/lib/python3.12/site-packages/airflow/models/connection.py","lineno":471,"logger":"py.warnings"}
{"timestamp":"2025-12-07T12:05:01.205193Z","level":"info","event":"Failed to load dags/csvfiles/26014913469567886_20251206.csv into Postgres: The conn_id `my_postgres` isn't defined","chan":"stdout","logger":"task"}
{"timestamp":"2025-12-07T12:05:01.212069","level":"warning","event":"Using Connection.get_connection_from_secrets from `airflow.models` is deprecated.Please use `from airflow.sdk import Connection` instead","category":"DeprecationWarning","filename":"/home/airflow/.local/lib/python3.12/site-packages/airflow/models/connection.py","lineno":471,"logger":"py.warnings"}
{"timestamp":"2025-12-07T12:05:01.229293Z","level":"info","event":"Failed to load dags/csvfiles/26014913469567886_20251207.csv into Postgres: The conn_id `my_postgres` isn't defined","chan":"stdout","logger":"task"}
{"timestamp":"2025-12-07T12:05:01.235426","level":"warning","event":"Using Connection.get_connection_from_secrets from `airflow.models` is deprecated.Please use `from airflow.sdk import Connection` instead","category":"DeprecationWarning","filename":"/home/airflow/.local/lib/python3.12/site-packages/airflow/models/connection.py","lineno":471,"logger":"py.warnings"}
{"timestamp":"2025-12-07T12:05:01.250585Z","level":"info","event":"Failed to load dags/csvfiles/25559236668122210_20251127.csv into Postgres: The conn_id `my_postgres` isn't defined","chan":"stdout","logger":"task"}
{"timestamp":"2025-12-07T12:05:01.255090","level":"warning","event":"Using Connection.get_connection_from_secrets from `airflow.models` is deprecated.Please use `from airflow.sdk import Connection` instead","category":"DeprecationWarning","filename":"/home/airflow/.local/lib/python3.12/site-packages/airflow/models/connection.py","lineno":471,"logger":"py.warnings"}
{"timestamp":"2025-12-07T12:05:01.264132Z","level":"info","event":"Failed to load dags/csvfiles/25559236668122210_20251128.csv into Postgres: The conn_id `my_postgres` isn't defined","chan":"stdout","logger":"task"}
{"timestamp":"2025-12-07T12:05:01.267626","level":"warning","event":"Using Connection.get_connection_from_secrets from `airflow.models` is deprecated.Please use `from airflow.sdk import Connection` instead","category":"DeprecationWarning","filename":"/home/airflow/.local/lib/python3.12/site-packages/airflow/models/connection.py","lineno":471,"logger":"py.warnings"}
{"timestamp":"2025-12-07T12:05:01.275594Z","level":"info","event":"Failed to load dags/csvfiles/25559236668122210_20251129.csv into Postgres: The conn_id `my_postgres` isn't defined","chan":"stdout","logger":"task"}
{"timestamp":"2025-12-07T12:05:01.279491","level":"warning","event":"Using Connection.get_connection_from_secrets from `airflow.models` is deprecated.Please use `from airflow.sdk import Connection` instead","category":"DeprecationWarning","filename":"/home/airflow/.local/lib/python3.12/site-packages/airflow/models/connection.py","lineno":471,"logger":"py.warnings"}
{"timestamp":"2025-12-07T12:05:01.287101Z","level":"info","event":"Failed to load dags/csvfiles/25559236668122210_20251130.csv into Postgres: The conn_id `my_postgres` isn't defined","chan":"stdout","logger":"task"}
{"timestamp":"2025-12-07T12:05:01.291130","level":"warning","event":"Using Connection.get_connection_from_secrets from `airflow.models` is deprecated.Please use `from airflow.sdk import Connection` instead","category":"DeprecationWarning","filename":"/home/airflow/.local/lib/python3.12/site-packages/airflow/models/connection.py","lineno":471,"logger":"py.warnings"}
{"timestamp":"2025-12-07T12:05:01.299382Z","level":"info","event":"Failed to load dags/csvfiles/25559236668122210_20251201.csv into Postgres: The conn_id `my_postgres` isn't defined","chan":"stdout","logger":"task"}
{"timestamp":"2025-12-07T12:05:01.303967","level":"warning","event":"Using Connection.get_connection_from_secrets from `airflow.models` is deprecated.Please use `from airflow.sdk import Connection` instead","category":"DeprecationWarning","filename":"/home/airflow/.local/lib/python3.12/site-packages/airflow/models/connection.py","lineno":471,"logger":"py.warnings"}
{"timestamp":"2025-12-07T12:05:01.312596Z","level":"info","event":"Failed to load dags/csvfiles/25559236668122210_20251202.csv into Postgres: The conn_id `my_postgres` isn't defined","chan":"stdout","logger":"task"}
{"timestamp":"2025-12-07T12:05:01.317095","level":"warning","event":"Using Connection.get_connection_from_secrets from `airflow.models` is deprecated.Please use `from airflow.sdk import Connection` instead","category":"DeprecationWarning","filename":"/home/airflow/.local/lib/python3.12/site-packages/airflow/models/connection.py","lineno":471,"logger":"py.warnings"}
{"timestamp":"2025-12-07T12:05:01.324844Z","level":"info","event":"Failed to load dags/csvfiles/25559236668122210_20251203.csv into Postgres: The conn_id `my_postgres` isn't defined","chan":"stdout","logger":"task"}
{"timestamp":"2025-12-07T12:05:01.330030","level":"warning","event":"Using Connection.get_connection_from_secrets from `airflow.models` is deprecated.Please use `from airflow.sdk import Connection` instead","category":"DeprecationWarning","filename":"/home/airflow/.local/lib/python3.12/site-packages/airflow/models/connection.py","lineno":471,"logger":"py.warnings"}
{"timestamp":"2025-12-07T12:05:01.338138Z","level":"info","event":"Failed to load dags/csvfiles/25559236668122210_20251204.csv into Postgres: The conn_id `my_postgres` isn't defined","chan":"stdout","logger":"task"}
{"timestamp":"2025-12-07T12:05:01.342836","level":"warning","event":"Using Connection.get_connection_from_secrets from `airflow.models` is deprecated.Please use `from airflow.sdk import Connection` instead","category":"DeprecationWarning","filename":"/home/airflow/.local/lib/python3.12/site-packages/airflow/models/connection.py","lineno":471,"logger":"py.warnings"}
{"timestamp":"2025-12-07T12:05:01.351854Z","level":"info","event":"Failed to load dags/csvfiles/25559236668122210_20251205.csv into Postgres: The conn_id `my_postgres` isn't defined","chan":"stdout","logger":"task"}
{"timestamp":"2025-12-07T12:05:01.357495","level":"warning","event":"Using Connection.get_connection_from_secrets from `airflow.models` is deprecated.Please use `from airflow.sdk import Connection` instead","category":"DeprecationWarning","filename":"/home/airflow/.local/lib/python3.12/site-packages/airflow/models/connection.py","lineno":471,"logger":"py.warnings"}
{"timestamp":"2025-12-07T12:05:01.366506Z","level":"info","event":"Failed to load dags/csvfiles/25559236668122210_20251206.csv into Postgres: The conn_id `my_postgres` isn't defined","chan":"stdout","logger":"task"}
{"timestamp":"2025-12-07T12:05:01.372274","level":"warning","event":"Using Connection.get_connection_from_secrets from `airflow.models` is deprecated.Please use `from airflow.sdk import Connection` instead","category":"DeprecationWarning","filename":"/home/airflow/.local/lib/python3.12/site-packages/airflow/models/connection.py","lineno":471,"logger":"py.warnings"}
{"timestamp":"2025-12-07T12:05:01.382067Z","level":"info","event":"Failed to load dags/csvfiles/25559236668122210_20251207.csv into Postgres: The conn_id `my_postgres` isn't defined","chan":"stdout","logger":"task"}
{"timestamp":"2025-12-07T12:05:01.390509","level":"warning","event":"Using Connection.get_connection_from_secrets from `airflow.models` is deprecated.Please use `from airflow.sdk import Connection` instead","category":"DeprecationWarning","filename":"/home/airflow/.local/lib/python3.12/site-packages/airflow/models/connection.py","lineno":471,"logger":"py.warnings"}
{"timestamp":"2025-12-07T12:05:01.406764Z","level":"info","event":"Failed to load dags/csvfiles/17914401175772326_20251127.csv into Postgres: The conn_id `my_postgres` isn't defined","chan":"stdout","logger":"task"}
{"timestamp":"2025-12-07T12:05:01.416248","level":"warning","event":"Using Connection.get_connection_from_secrets from `airflow.models` is deprecated.Please use `from airflow.sdk import Connection` instead","category":"DeprecationWarning","filename":"/home/airflow/.local/lib/python3.12/site-packages/airflow/models/connection.py","lineno":471,"logger":"py.warnings"}
{"timestamp":"2025-12-07T12:05:01.431431Z","level":"info","event":"Failed to load dags/csvfiles/17914401175772326_20251128.csv into Postgres: The conn_id `my_postgres` isn't defined","chan":"stdout","logger":"task"}
{"timestamp":"2025-12-07T12:05:01.439741","level":"warning","event":"Using Connection.get_connection_from_secrets from `airflow.models` is deprecated.Please use `from airflow.sdk import Connection` instead","category":"DeprecationWarning","filename":"/home/airflow/.local/lib/python3.12/site-packages/airflow/models/connection.py","lineno":471,"logger":"py.warnings"}
{"timestamp":"2025-12-07T12:05:01.453084Z","level":"info","event":"Failed to load dags/csvfiles/17914401175772326_20251129.csv into Postgres: The conn_id `my_postgres` isn't defined","chan":"stdout","logger":"task"}
{"timestamp":"2025-12-07T12:05:01.457788","level":"warning","event":"Using Connection.get_connection_from_secrets from `airflow.models` is deprecated.Please use `from airflow.sdk import Connection` instead","category":"DeprecationWarning","filename":"/home/airflow/.local/lib/python3.12/site-packages/airflow/models/connection.py","lineno":471,"logger":"py.warnings"}
{"timestamp":"2025-12-07T12:05:01.471538Z","level":"info","event":"Failed to load dags/csvfiles/17914401175772326_20251130.csv into Postgres: The conn_id `my_postgres` isn't defined","chan":"stdout","logger":"task"}
{"timestamp":"2025-12-07T12:05:01.477102","level":"warning","event":"Using Connection.get_connection_from_secrets from `airflow.models` is deprecated.Please use `from airflow.sdk import Connection` instead","category":"DeprecationWarning","filename":"/home/airflow/.local/lib/python3.12/site-packages/airflow/models/connection.py","lineno":471,"logger":"py.warnings"}
{"timestamp":"2025-12-07T12:05:01.494195Z","level":"info","event":"Failed to load dags/csvfiles/17914401175772326_20251201.csv into Postgres: The conn_id `my_postgres` isn't defined","chan":"stdout","logger":"task"}
{"timestamp":"2025-12-07T12:05:01.504072","level":"warning","event":"Using Connection.get_connection_from_secrets from `airflow.models` is deprecated.Please use `from airflow.sdk import Connection` instead","category":"DeprecationWarning","filename":"/home/airflow/.local/lib/python3.12/site-packages/airflow/models/connection.py","lineno":471,"logger":"py.warnings"}
{"timestamp":"2025-12-07T12:05:01.519742Z","level":"info","event":"Failed to load dags/csvfiles/17914401175772326_20251202.csv into Postgres: The conn_id `my_postgres` isn't defined","chan":"stdout","logger":"task"}
{"timestamp":"2025-12-07T12:05:01.525120","level":"warning","event":"Using Connection.get_connection_from_secrets from `airflow.models` is deprecated.Please use `from airflow.sdk import Connection` instead","category":"DeprecationWarning","filename":"/home/airflow/.local/lib/python3.12/site-packages/airflow/models/connection.py","lineno":471,"logger":"py.warnings"}
{"timestamp":"2025-12-07T12:05:01.541473Z","level":"info","event":"Failed to load dags/csvfiles/17914401175772326_20251203.csv into Postgres: The conn_id `my_postgres` isn't defined","chan":"stdout","logger":"task"}
{"timestamp":"2025-12-07T12:05:01.546734","level":"warning","event":"Using Connection.get_connection_from_secrets from `airflow.models` is deprecated.Please use `from airflow.sdk import Connection` instead","category":"DeprecationWarning","filename":"/home/airflow/.local/lib/python3.12/site-packages/airflow/models/connection.py","lineno":471,"logger":"py.warnings"}
{"timestamp":"2025-12-07T12:05:01.554149Z","level":"info","event":"Failed to load dags/csvfiles/17914401175772326_20251204.csv into Postgres: The conn_id `my_postgres` isn't defined","chan":"stdout","logger":"task"}
{"timestamp":"2025-12-07T12:05:01.557549","level":"warning","event":"Using Connection.get_connection_from_secrets from `airflow.models` is deprecated.Please use `from airflow.sdk import Connection` instead","category":"DeprecationWarning","filename":"/home/airflow/.local/lib/python3.12/site-packages/airflow/models/connection.py","lineno":471,"logger":"py.warnings"}
{"timestamp":"2025-12-07T12:05:01.565929Z","level":"info","event":"Failed to load dags/csvfiles/17914401175772326_20251205.csv into Postgres: The conn_id `my_postgres` isn't defined","chan":"stdout","logger":"task"}
{"timestamp":"2025-12-07T12:05:01.569383","level":"warning","event":"Using Connection.get_connection_from_secrets from `airflow.models` is deprecated.Please use `from airflow.sdk import Connection` instead","category":"DeprecationWarning","filename":"/home/airflow/.local/lib/python3.12/site-packages/airflow/models/connection.py","lineno":471,"logger":"py.warnings"}
{"timestamp":"2025-12-07T12:05:01.577756Z","level":"info","event":"Failed to load dags/csvfiles/17914401175772326_20251206.csv into Postgres: The conn_id `my_postgres` isn't defined","chan":"stdout","logger":"task"}
{"timestamp":"2025-12-07T12:05:01.581632","level":"warning","event":"Using Connection.get_connection_from_secrets from `airflow.models` is deprecated.Please use `from airflow.sdk import Connection` instead","category":"DeprecationWarning","filename":"/home/airflow/.local/lib/python3.12/site-packages/airflow/models/connection.py","lineno":471,"logger":"py.warnings"}
{"timestamp":"2025-12-07T12:05:01.588735Z","level":"info","event":"Failed to load dags/csvfiles/17914401175772326_20251207.csv into Postgres: The conn_id `my_postgres` isn't defined","chan":"stdout","logger":"task"}
{"timestamp":"2025-12-07T12:05:01.589186","level":"info","event":"Done. Returned value was: None","logger":"airflow.task.operators.airflow.providers.standard.decorators.python._PythonDecoratedOperator"}
