{"timestamp":"2025-12-07T13:38:56.278400","level":"info","event":"DAG bundles loaded: dags-folder","logger":"airflow.dag_processing.bundles.manager.DagBundlesManager"}
{"timestamp":"2025-12-07T13:38:56.279930","level":"info","event":"Filling up the DagBag from /opt/airflow/dags/tsetmc_history_dag.py","logger":"airflow.models.dagbag.DagBag"}
{"timestamp":"2025-12-07T13:38:56.420410","level":"warning","event":"Using Connection.get_connection_from_secrets from `airflow.models` is deprecated.Please use `from airflow.sdk import Connection` instead","category":"DeprecationWarning","filename":"/home/airflow/.local/lib/python3.12/site-packages/airflow/models/connection.py","lineno":471,"logger":"py.warnings"}
{"timestamp":"2025-12-07T13:38:56.433569","level":"info","event":"Connection Retrieved 'my_postgres'","logger":"airflow.hooks.base"}
{"timestamp":"2025-12-07T13:38:56.468520Z","level":"info","event":"Loaded dags/csvfiles/34144395039913458_20251127.csv to Postgres.","chan":"stdout","logger":"task"}
{"timestamp":"2025-12-07T13:38:56.477627Z","level":"info","event":"Loaded dags/csvfiles/34144395039913458_20251128.csv to Postgres.","chan":"stdout","logger":"task"}
{"timestamp":"2025-12-07T13:38:56.483464Z","level":"info","event":"Loaded dags/csvfiles/34144395039913458_20251129.csv to Postgres.","chan":"stdout","logger":"task"}
{"timestamp":"2025-12-07T13:38:56.488564Z","level":"info","event":"Loaded dags/csvfiles/34144395039913458_20251130.csv to Postgres.","chan":"stdout","logger":"task"}
{"timestamp":"2025-12-07T13:38:56.496866Z","level":"info","event":"Loaded dags/csvfiles/34144395039913458_20251201.csv to Postgres.","chan":"stdout","logger":"task"}
{"timestamp":"2025-12-07T13:38:56.501914Z","level":"info","event":"Loaded dags/csvfiles/34144395039913458_20251202.csv to Postgres.","chan":"stdout","logger":"task"}
{"timestamp":"2025-12-07T13:38:56.507555Z","level":"info","event":"Loaded dags/csvfiles/34144395039913458_20251203.csv to Postgres.","chan":"stdout","logger":"task"}
{"timestamp":"2025-12-07T13:38:56.513468Z","level":"info","event":"Loaded dags/csvfiles/34144395039913458_20251204.csv to Postgres.","chan":"stdout","logger":"task"}
{"timestamp":"2025-12-07T13:38:56.518510Z","level":"info","event":"Loaded dags/csvfiles/34144395039913458_20251205.csv to Postgres.","chan":"stdout","logger":"task"}
{"timestamp":"2025-12-07T13:38:56.526143Z","level":"info","event":"Loaded dags/csvfiles/34144395039913458_20251206.csv to Postgres.","chan":"stdout","logger":"task"}
{"timestamp":"2025-12-07T13:38:56.531543Z","level":"info","event":"Loaded dags/csvfiles/34144395039913458_20251207.csv to Postgres.","chan":"stdout","logger":"task"}
{"timestamp":"2025-12-07T13:38:56.537796Z","level":"info","event":"Loaded dags/csvfiles/26014913469567886_20251127.csv to Postgres.","chan":"stdout","logger":"task"}
{"timestamp":"2025-12-07T13:38:56.547316Z","level":"info","event":"Loaded dags/csvfiles/26014913469567886_20251128.csv to Postgres.","chan":"stdout","logger":"task"}
{"timestamp":"2025-12-07T13:38:56.557956Z","level":"info","event":"Loaded dags/csvfiles/26014913469567886_20251129.csv to Postgres.","chan":"stdout","logger":"task"}
{"timestamp":"2025-12-07T13:38:56.566399Z","level":"info","event":"Loaded dags/csvfiles/26014913469567886_20251130.csv to Postgres.","chan":"stdout","logger":"task"}
{"timestamp":"2025-12-07T13:38:56.573657Z","level":"info","event":"Loaded dags/csvfiles/26014913469567886_20251201.csv to Postgres.","chan":"stdout","logger":"task"}
{"timestamp":"2025-12-07T13:38:56.582440Z","level":"info","event":"Loaded dags/csvfiles/26014913469567886_20251202.csv to Postgres.","chan":"stdout","logger":"task"}
{"timestamp":"2025-12-07T13:38:56.590948Z","level":"info","event":"Loaded dags/csvfiles/26014913469567886_20251203.csv to Postgres.","chan":"stdout","logger":"task"}
{"timestamp":"2025-12-07T13:38:56.599448Z","level":"info","event":"Loaded dags/csvfiles/26014913469567886_20251204.csv to Postgres.","chan":"stdout","logger":"task"}
{"timestamp":"2025-12-07T13:38:56.606081Z","level":"info","event":"Loaded dags/csvfiles/26014913469567886_20251205.csv to Postgres.","chan":"stdout","logger":"task"}
{"timestamp":"2025-12-07T13:38:56.615981Z","level":"info","event":"Loaded dags/csvfiles/26014913469567886_20251206.csv to Postgres.","chan":"stdout","logger":"task"}
{"timestamp":"2025-12-07T13:38:56.623207Z","level":"info","event":"Loaded dags/csvfiles/26014913469567886_20251207.csv to Postgres.","chan":"stdout","logger":"task"}
{"timestamp":"2025-12-07T13:38:56.632959Z","level":"info","event":"Loaded dags/csvfiles/26014913469567886_20251127.csv to Postgres.","chan":"stdout","logger":"task"}
{"timestamp":"2025-12-07T13:38:56.639556Z","level":"info","event":"Loaded dags/csvfiles/26014913469567886_20251128.csv to Postgres.","chan":"stdout","logger":"task"}
{"timestamp":"2025-12-07T13:38:56.648721Z","level":"info","event":"Loaded dags/csvfiles/26014913469567886_20251129.csv to Postgres.","chan":"stdout","logger":"task"}
{"timestamp":"2025-12-07T13:38:56.658611Z","level":"info","event":"Loaded dags/csvfiles/26014913469567886_20251130.csv to Postgres.","chan":"stdout","logger":"task"}
{"timestamp":"2025-12-07T13:38:56.668674Z","level":"info","event":"Loaded dags/csvfiles/26014913469567886_20251201.csv to Postgres.","chan":"stdout","logger":"task"}
{"timestamp":"2025-12-07T13:38:56.680268Z","level":"info","event":"Loaded dags/csvfiles/26014913469567886_20251202.csv to Postgres.","chan":"stdout","logger":"task"}
{"timestamp":"2025-12-07T13:38:56.688123Z","level":"info","event":"Loaded dags/csvfiles/26014913469567886_20251203.csv to Postgres.","chan":"stdout","logger":"task"}
{"timestamp":"2025-12-07T13:38:56.698111Z","level":"info","event":"Loaded dags/csvfiles/26014913469567886_20251204.csv to Postgres.","chan":"stdout","logger":"task"}
{"timestamp":"2025-12-07T13:38:56.707113Z","level":"info","event":"Loaded dags/csvfiles/26014913469567886_20251205.csv to Postgres.","chan":"stdout","logger":"task"}
{"timestamp":"2025-12-07T13:38:56.716543Z","level":"info","event":"Loaded dags/csvfiles/26014913469567886_20251206.csv to Postgres.","chan":"stdout","logger":"task"}
{"timestamp":"2025-12-07T13:38:56.724481Z","level":"info","event":"Loaded dags/csvfiles/26014913469567886_20251207.csv to Postgres.","chan":"stdout","logger":"task"}
{"timestamp":"2025-12-07T13:38:56.731477Z","level":"info","event":"Loaded dags/csvfiles/25559236668122210_20251127.csv to Postgres.","chan":"stdout","logger":"task"}
{"timestamp":"2025-12-07T13:38:56.737911Z","level":"info","event":"Loaded dags/csvfiles/25559236668122210_20251128.csv to Postgres.","chan":"stdout","logger":"task"}
{"timestamp":"2025-12-07T13:38:56.745841Z","level":"info","event":"Loaded dags/csvfiles/25559236668122210_20251129.csv to Postgres.","chan":"stdout","logger":"task"}
{"timestamp":"2025-12-07T13:38:56.753523Z","level":"info","event":"Loaded dags/csvfiles/25559236668122210_20251130.csv to Postgres.","chan":"stdout","logger":"task"}
{"timestamp":"2025-12-07T13:38:56.764485Z","level":"info","event":"Loaded dags/csvfiles/25559236668122210_20251201.csv to Postgres.","chan":"stdout","logger":"task"}
{"timestamp":"2025-12-07T13:38:56.773123Z","level":"info","event":"Loaded dags/csvfiles/25559236668122210_20251202.csv to Postgres.","chan":"stdout","logger":"task"}
{"timestamp":"2025-12-07T13:38:56.782007Z","level":"info","event":"Loaded dags/csvfiles/25559236668122210_20251203.csv to Postgres.","chan":"stdout","logger":"task"}
{"timestamp":"2025-12-07T13:38:56.787494Z","level":"info","event":"Loaded dags/csvfiles/25559236668122210_20251204.csv to Postgres.","chan":"stdout","logger":"task"}
{"timestamp":"2025-12-07T13:38:56.796845Z","level":"info","event":"Loaded dags/csvfiles/25559236668122210_20251205.csv to Postgres.","chan":"stdout","logger":"task"}
{"timestamp":"2025-12-07T13:38:56.803517Z","level":"info","event":"Loaded dags/csvfiles/25559236668122210_20251206.csv to Postgres.","chan":"stdout","logger":"task"}
{"timestamp":"2025-12-07T13:38:56.810775Z","level":"info","event":"Loaded dags/csvfiles/25559236668122210_20251207.csv to Postgres.","chan":"stdout","logger":"task"}
{"timestamp":"2025-12-07T13:38:56.817481Z","level":"info","event":"Loaded dags/csvfiles/17914401175772326_20251127.csv to Postgres.","chan":"stdout","logger":"task"}
{"timestamp":"2025-12-07T13:38:56.826388Z","level":"info","event":"Loaded dags/csvfiles/17914401175772326_20251128.csv to Postgres.","chan":"stdout","logger":"task"}
{"timestamp":"2025-12-07T13:38:56.835507Z","level":"info","event":"Loaded dags/csvfiles/17914401175772326_20251129.csv to Postgres.","chan":"stdout","logger":"task"}
{"timestamp":"2025-12-07T13:38:56.844281Z","level":"info","event":"Loaded dags/csvfiles/17914401175772326_20251130.csv to Postgres.","chan":"stdout","logger":"task"}
{"timestamp":"2025-12-07T13:38:56.851679Z","level":"info","event":"Loaded dags/csvfiles/17914401175772326_20251201.csv to Postgres.","chan":"stdout","logger":"task"}
{"timestamp":"2025-12-07T13:38:56.863428Z","level":"info","event":"Loaded dags/csvfiles/17914401175772326_20251202.csv to Postgres.","chan":"stdout","logger":"task"}
{"timestamp":"2025-12-07T13:38:56.873436Z","level":"info","event":"Loaded dags/csvfiles/17914401175772326_20251203.csv to Postgres.","chan":"stdout","logger":"task"}
{"timestamp":"2025-12-07T13:38:56.881324Z","level":"info","event":"Loaded dags/csvfiles/17914401175772326_20251204.csv to Postgres.","chan":"stdout","logger":"task"}
{"timestamp":"2025-12-07T13:38:56.888452Z","level":"info","event":"Loaded dags/csvfiles/17914401175772326_20251205.csv to Postgres.","chan":"stdout","logger":"task"}
{"timestamp":"2025-12-07T13:38:56.896680Z","level":"info","event":"Loaded dags/csvfiles/17914401175772326_20251206.csv to Postgres.","chan":"stdout","logger":"task"}
{"timestamp":"2025-12-07T13:38:56.903603Z","level":"info","event":"Loaded dags/csvfiles/17914401175772326_20251207.csv to Postgres.","chan":"stdout","logger":"task"}
{"timestamp":"2025-12-07T13:38:56.905162","level":"info","event":"Done. Returned value was: None","logger":"airflow.task.operators.airflow.providers.standard.decorators.python._PythonDecoratedOperator"}
