{"timestamp":"2025-12-07T09:54:48.787752","level":"info","event":"DAG bundles loaded: dags-folder","logger":"airflow.dag_processing.bundles.manager.DagBundlesManager"}
{"timestamp":"2025-12-07T09:54:48.788710","level":"info","event":"Filling up the DagBag from /opt/airflow/dags/tsetmc_history_dag.py","logger":"airflow.models.dagbag.DagBag"}
{"timestamp":"2025-12-07T09:54:49.459648Z","level":"info","event":"https://tsetmc.com/History/34144395039913458/20251107","chan":"stdout","logger":"task"}
{"timestamp":"2025-12-07T09:54:49.460401Z","level":"info","event":"https://tsetmc.com/History/34144395039913458/20251108","chan":"stdout","logger":"task"}
{"timestamp":"2025-12-07T09:54:49.460929Z","level":"info","event":"https://tsetmc.com/History/34144395039913458/20251109","chan":"stdout","logger":"task"}
{"timestamp":"2025-12-07T09:54:49.461733Z","level":"info","event":"https://tsetmc.com/History/34144395039913458/20251110","chan":"stdout","logger":"task"}
{"timestamp":"2025-12-07T09:54:49.462149Z","level":"info","event":"https://tsetmc.com/History/34144395039913458/20251111","chan":"stdout","logger":"task"}
{"timestamp":"2025-12-07T09:54:49.462620Z","level":"info","event":"https://tsetmc.com/History/34144395039913458/20251112","chan":"stdout","logger":"task"}
{"timestamp":"2025-12-07T09:54:49.463084Z","level":"info","event":"https://tsetmc.com/History/34144395039913458/20251113","chan":"stdout","logger":"task"}
{"timestamp":"2025-12-07T09:54:49.463528Z","level":"info","event":"https://tsetmc.com/History/34144395039913458/20251114","chan":"stdout","logger":"task"}
{"timestamp":"2025-12-07T09:54:49.463935Z","level":"info","event":"https://tsetmc.com/History/34144395039913458/20251115","chan":"stdout","logger":"task"}
{"timestamp":"2025-12-07T09:54:49.464420Z","level":"info","event":"https://tsetmc.com/History/34144395039913458/20251116","chan":"stdout","logger":"task"}
{"timestamp":"2025-12-07T09:54:49.464911Z","level":"info","event":"https://tsetmc.com/History/34144395039913458/20251117","chan":"stdout","logger":"task"}
{"timestamp":"2025-12-07T09:54:49.465616Z","level":"info","event":"https://tsetmc.com/History/34144395039913458/20251118","chan":"stdout","logger":"task"}
{"timestamp":"2025-12-07T09:54:49.466134Z","level":"info","event":"https://tsetmc.com/History/34144395039913458/20251119","chan":"stdout","logger":"task"}
{"timestamp":"2025-12-07T09:54:49.466614Z","level":"info","event":"https://tsetmc.com/History/34144395039913458/20251120","chan":"stdout","logger":"task"}
{"timestamp":"2025-12-07T09:54:49.467079Z","level":"info","event":"https://tsetmc.com/History/34144395039913458/20251121","chan":"stdout","logger":"task"}
{"timestamp":"2025-12-07T09:54:49.467623Z","level":"info","event":"https://tsetmc.com/History/34144395039913458/20251122","chan":"stdout","logger":"task"}
{"timestamp":"2025-12-07T09:54:49.468290Z","level":"info","event":"https://tsetmc.com/History/34144395039913458/20251123","chan":"stdout","logger":"task"}
{"timestamp":"2025-12-07T09:54:49.469008Z","level":"info","event":"https://tsetmc.com/History/34144395039913458/20251124","chan":"stdout","logger":"task"}
{"timestamp":"2025-12-07T09:54:49.469540Z","level":"info","event":"https://tsetmc.com/History/34144395039913458/20251125","chan":"stdout","logger":"task"}
{"timestamp":"2025-12-07T09:54:49.470056Z","level":"info","event":"https://tsetmc.com/History/34144395039913458/20251126","chan":"stdout","logger":"task"}
{"timestamp":"2025-12-07T09:54:49.470630Z","level":"info","event":"https://tsetmc.com/History/34144395039913458/20251127","chan":"stdout","logger":"task"}
{"timestamp":"2025-12-07T09:54:49.471200Z","level":"info","event":"https://tsetmc.com/History/34144395039913458/20251128","chan":"stdout","logger":"task"}
{"timestamp":"2025-12-07T09:54:49.471655Z","level":"info","event":"https://tsetmc.com/History/34144395039913458/20251129","chan":"stdout","logger":"task"}
{"timestamp":"2025-12-07T09:54:49.472119Z","level":"info","event":"https://tsetmc.com/History/34144395039913458/20251130","chan":"stdout","logger":"task"}
{"timestamp":"2025-12-07T09:54:49.472528Z","level":"info","event":"https://tsetmc.com/History/34144395039913458/20251201","chan":"stdout","logger":"task"}
{"timestamp":"2025-12-07T09:54:49.472953Z","level":"info","event":"https://tsetmc.com/History/34144395039913458/20251202","chan":"stdout","logger":"task"}
{"timestamp":"2025-12-07T09:54:49.473325Z","level":"info","event":"https://tsetmc.com/History/34144395039913458/20251203","chan":"stdout","logger":"task"}
{"timestamp":"2025-12-07T09:54:49.473687Z","level":"info","event":"https://tsetmc.com/History/34144395039913458/20251204","chan":"stdout","logger":"task"}
{"timestamp":"2025-12-07T09:54:49.474013Z","level":"info","event":"https://tsetmc.com/History/34144395039913458/20251205","chan":"stdout","logger":"task"}
{"timestamp":"2025-12-07T09:54:49.474369Z","level":"info","event":"https://tsetmc.com/History/34144395039913458/20251206","chan":"stdout","logger":"task"}
{"timestamp":"2025-12-07T09:54:49.474693Z","level":"info","event":"https://tsetmc.com/History/34144395039913458/20251207","chan":"stdout","logger":"task"}
{"timestamp":"2025-12-07T09:54:49.475023Z","level":"info","event":"https://tsetmc.com/History/26014913469567886/20251107","chan":"stdout","logger":"task"}
{"timestamp":"2025-12-07T09:54:49.475314Z","level":"info","event":"https://tsetmc.com/History/26014913469567886/20251108","chan":"stdout","logger":"task"}
{"timestamp":"2025-12-07T09:54:49.475638Z","level":"info","event":"https://tsetmc.com/History/26014913469567886/20251109","chan":"stdout","logger":"task"}
{"timestamp":"2025-12-07T09:54:49.475927Z","level":"info","event":"https://tsetmc.com/History/26014913469567886/20251110","chan":"stdout","logger":"task"}
{"timestamp":"2025-12-07T09:54:49.476228Z","level":"info","event":"https://tsetmc.com/History/26014913469567886/20251111","chan":"stdout","logger":"task"}
{"timestamp":"2025-12-07T09:54:49.476478Z","level":"info","event":"https://tsetmc.com/History/26014913469567886/20251112","chan":"stdout","logger":"task"}
{"timestamp":"2025-12-07T09:54:49.476746Z","level":"info","event":"https://tsetmc.com/History/26014913469567886/20251113","chan":"stdout","logger":"task"}
{"timestamp":"2025-12-07T09:54:49.476971Z","level":"info","event":"https://tsetmc.com/History/26014913469567886/20251114","chan":"stdout","logger":"task"}
{"timestamp":"2025-12-07T09:54:49.477231Z","level":"info","event":"https://tsetmc.com/History/26014913469567886/20251115","chan":"stdout","logger":"task"}
{"timestamp":"2025-12-07T09:54:49.477460Z","level":"info","event":"https://tsetmc.com/History/26014913469567886/20251116","chan":"stdout","logger":"task"}
{"timestamp":"2025-12-07T09:54:49.477727Z","level":"info","event":"https://tsetmc.com/History/26014913469567886/20251117","chan":"stdout","logger":"task"}
{"timestamp":"2025-12-07T09:54:49.477952Z","level":"info","event":"https://tsetmc.com/History/26014913469567886/20251118","chan":"stdout","logger":"task"}
{"timestamp":"2025-12-07T09:54:49.478215Z","level":"info","event":"https://tsetmc.com/History/26014913469567886/20251119","chan":"stdout","logger":"task"}
{"timestamp":"2025-12-07T09:54:49.478441Z","level":"info","event":"https://tsetmc.com/History/26014913469567886/20251120","chan":"stdout","logger":"task"}
{"timestamp":"2025-12-07T09:54:49.478705Z","level":"info","event":"https://tsetmc.com/History/26014913469567886/20251121","chan":"stdout","logger":"task"}
{"timestamp":"2025-12-07T09:54:49.478933Z","level":"info","event":"https://tsetmc.com/History/26014913469567886/20251122","chan":"stdout","logger":"task"}
{"timestamp":"2025-12-07T09:54:49.479167Z","level":"info","event":"https://tsetmc.com/History/26014913469567886/20251123","chan":"stdout","logger":"task"}
{"timestamp":"2025-12-07T09:54:49.479357Z","level":"info","event":"https://tsetmc.com/History/26014913469567886/20251124","chan":"stdout","logger":"task"}
{"timestamp":"2025-12-07T09:54:49.479557Z","level":"info","event":"https://tsetmc.com/History/26014913469567886/20251125","chan":"stdout","logger":"task"}
{"timestamp":"2025-12-07T09:54:49.479748Z","level":"info","event":"https://tsetmc.com/History/26014913469567886/20251126","chan":"stdout","logger":"task"}
{"timestamp":"2025-12-07T09:54:49.479982Z","level":"info","event":"https://tsetmc.com/History/26014913469567886/20251127","chan":"stdout","logger":"task"}
{"timestamp":"2025-12-07T09:54:49.480280Z","level":"info","event":"https://tsetmc.com/History/26014913469567886/20251128","chan":"stdout","logger":"task"}
{"timestamp":"2025-12-07T09:54:49.480530Z","level":"info","event":"https://tsetmc.com/History/26014913469567886/20251129","chan":"stdout","logger":"task"}
{"timestamp":"2025-12-07T09:54:49.480772Z","level":"info","event":"https://tsetmc.com/History/26014913469567886/20251130","chan":"stdout","logger":"task"}
{"timestamp":"2025-12-07T09:54:49.481161Z","level":"info","event":"https://tsetmc.com/History/26014913469567886/20251201","chan":"stdout","logger":"task"}
{"timestamp":"2025-12-07T09:54:49.481476Z","level":"info","event":"https://tsetmc.com/History/26014913469567886/20251202","chan":"stdout","logger":"task"}
{"timestamp":"2025-12-07T09:54:49.481784Z","level":"info","event":"https://tsetmc.com/History/26014913469567886/20251203","chan":"stdout","logger":"task"}
{"timestamp":"2025-12-07T09:54:49.482048Z","level":"info","event":"https://tsetmc.com/History/26014913469567886/20251204","chan":"stdout","logger":"task"}
{"timestamp":"2025-12-07T09:54:49.482342Z","level":"info","event":"https://tsetmc.com/History/26014913469567886/20251205","chan":"stdout","logger":"task"}
{"timestamp":"2025-12-07T09:54:49.482566Z","level":"info","event":"https://tsetmc.com/History/26014913469567886/20251206","chan":"stdout","logger":"task"}
{"timestamp":"2025-12-07T09:54:49.482777Z","level":"info","event":"https://tsetmc.com/History/26014913469567886/20251207","chan":"stdout","logger":"task"}
{"timestamp":"2025-12-07T09:54:49.482974Z","level":"info","event":"https://tsetmc.com/History/26014913469567886/20251107","chan":"stdout","logger":"task"}
{"timestamp":"2025-12-07T09:54:49.483175Z","level":"info","event":"https://tsetmc.com/History/26014913469567886/20251108","chan":"stdout","logger":"task"}
{"timestamp":"2025-12-07T09:54:49.483369Z","level":"info","event":"https://tsetmc.com/History/26014913469567886/20251109","chan":"stdout","logger":"task"}
{"timestamp":"2025-12-07T09:54:49.483571Z","level":"info","event":"https://tsetmc.com/History/26014913469567886/20251110","chan":"stdout","logger":"task"}
{"timestamp":"2025-12-07T09:54:49.483765Z","level":"info","event":"https://tsetmc.com/History/26014913469567886/20251111","chan":"stdout","logger":"task"}
{"timestamp":"2025-12-07T09:54:49.484163Z","level":"info","event":"https://tsetmc.com/History/26014913469567886/20251112","chan":"stdout","logger":"task"}
{"timestamp":"2025-12-07T09:54:49.484702Z","level":"info","event":"https://tsetmc.com/History/26014913469567886/20251113","chan":"stdout","logger":"task"}
{"timestamp":"2025-12-07T09:54:49.485213Z","level":"info","event":"https://tsetmc.com/History/26014913469567886/20251114","chan":"stdout","logger":"task"}
{"timestamp":"2025-12-07T09:54:49.485585Z","level":"info","event":"https://tsetmc.com/History/26014913469567886/20251115","chan":"stdout","logger":"task"}
{"timestamp":"2025-12-07T09:54:49.485841Z","level":"info","event":"https://tsetmc.com/History/26014913469567886/20251116","chan":"stdout","logger":"task"}
{"timestamp":"2025-12-07T09:54:49.486080Z","level":"info","event":"https://tsetmc.com/History/26014913469567886/20251117","chan":"stdout","logger":"task"}
{"timestamp":"2025-12-07T09:54:49.486384Z","level":"info","event":"https://tsetmc.com/History/26014913469567886/20251118","chan":"stdout","logger":"task"}
{"timestamp":"2025-12-07T09:54:49.486645Z","level":"info","event":"https://tsetmc.com/History/26014913469567886/20251119","chan":"stdout","logger":"task"}
{"timestamp":"2025-12-07T09:54:49.486938Z","level":"info","event":"https://tsetmc.com/History/26014913469567886/20251120","chan":"stdout","logger":"task"}
{"timestamp":"2025-12-07T09:54:49.487199Z","level":"info","event":"https://tsetmc.com/History/26014913469567886/20251121","chan":"stdout","logger":"task"}
{"timestamp":"2025-12-07T09:54:49.487428Z","level":"info","event":"https://tsetmc.com/History/26014913469567886/20251122","chan":"stdout","logger":"task"}
{"timestamp":"2025-12-07T09:54:49.487644Z","level":"info","event":"https://tsetmc.com/History/26014913469567886/20251123","chan":"stdout","logger":"task"}
{"timestamp":"2025-12-07T09:54:49.487855Z","level":"info","event":"https://tsetmc.com/History/26014913469567886/20251124","chan":"stdout","logger":"task"}
{"timestamp":"2025-12-07T09:54:49.488053Z","level":"info","event":"https://tsetmc.com/History/26014913469567886/20251125","chan":"stdout","logger":"task"}
{"timestamp":"2025-12-07T09:54:49.488275Z","level":"info","event":"https://tsetmc.com/History/26014913469567886/20251126","chan":"stdout","logger":"task"}
{"timestamp":"2025-12-07T09:54:49.488504Z","level":"info","event":"https://tsetmc.com/History/26014913469567886/20251127","chan":"stdout","logger":"task"}
{"timestamp":"2025-12-07T09:54:49.488715Z","level":"info","event":"https://tsetmc.com/History/26014913469567886/20251128","chan":"stdout","logger":"task"}
{"timestamp":"2025-12-07T09:54:49.488911Z","level":"info","event":"https://tsetmc.com/History/26014913469567886/20251129","chan":"stdout","logger":"task"}
{"timestamp":"2025-12-07T09:54:49.489120Z","level":"info","event":"https://tsetmc.com/History/26014913469567886/20251130","chan":"stdout","logger":"task"}
{"timestamp":"2025-12-07T09:54:49.465369","level":"info","event":"Done. Returned value was: []","logger":"airflow.task.operators.airflow.providers.standard.decorators.python._PythonDecoratedOperator"}
{"timestamp":"2025-12-07T09:54:49.465672","level":"info","event":"Pushing xcom","ti":"RuntimeTaskInstance(id=UUID('019af83b-d247-79fe-a0ee-c4604003775d'), task_id='fetch_and_save_csv', dag_id='tsetmc_data_pipeline', run_id='manual__2025-12-07T09:54:21.194526+00:00', try_number=1, map_index=-1, hostname='17bb0a763a6c', context_carrier=None, task=<Task(_PythonDecoratedOperator): fetch_and_save_csv>, bundle_instance=LocalDagBundle(name=dags-folder), max_tries=3, start_date=datetime.datetime(2025, 12, 7, 9, 54, 48, 714731, tzinfo=datetime.timezone.utc), end_date=None, state=<TaskInstanceState.RUNNING: 'running'>, is_mapped=False, rendered_map_index=None, log_url='http://localhost:8080/dags/tsetmc_data_pipeline/runs/manual__2025-12-07T09%3A54%3A21.194526%2B00%3A00/tasks/fetch_and_save_csv?try_number=1')","logger":"task"}
{"timestamp":"2025-12-07T09:54:49.489861Z","level":"info","event":"https://tsetmc.com/History/26014913469567886/20251201","chan":"stdout","logger":"task"}
{"timestamp":"2025-12-07T09:54:49.490126Z","level":"info","event":"https://tsetmc.com/History/26014913469567886/20251202","chan":"stdout","logger":"task"}
{"timestamp":"2025-12-07T09:54:49.490371Z","level":"info","event":"https://tsetmc.com/History/26014913469567886/20251203","chan":"stdout","logger":"task"}
{"timestamp":"2025-12-07T09:54:49.490619Z","level":"info","event":"https://tsetmc.com/History/26014913469567886/20251204","chan":"stdout","logger":"task"}
{"timestamp":"2025-12-07T09:54:49.490867Z","level":"info","event":"https://tsetmc.com/History/26014913469567886/20251205","chan":"stdout","logger":"task"}
{"timestamp":"2025-12-07T09:54:49.491115Z","level":"info","event":"https://tsetmc.com/History/26014913469567886/20251206","chan":"stdout","logger":"task"}
{"timestamp":"2025-12-07T09:54:49.491360Z","level":"info","event":"https://tsetmc.com/History/26014913469567886/20251207","chan":"stdout","logger":"task"}
{"timestamp":"2025-12-07T09:54:49.491607Z","level":"info","event":"https://tsetmc.com/History/25559236668122210/20251107","chan":"stdout","logger":"task"}
{"timestamp":"2025-12-07T09:54:49.491844Z","level":"info","event":"https://tsetmc.com/History/25559236668122210/20251108","chan":"stdout","logger":"task"}
{"timestamp":"2025-12-07T09:54:49.492092Z","level":"info","event":"https://tsetmc.com/History/25559236668122210/20251109","chan":"stdout","logger":"task"}
{"timestamp":"2025-12-07T09:54:49.492345Z","level":"info","event":"https://tsetmc.com/History/25559236668122210/20251110","chan":"stdout","logger":"task"}
{"timestamp":"2025-12-07T09:54:49.492662Z","level":"info","event":"https://tsetmc.com/History/25559236668122210/20251111","chan":"stdout","logger":"task"}
{"timestamp":"2025-12-07T09:54:49.492880Z","level":"info","event":"https://tsetmc.com/History/25559236668122210/20251112","chan":"stdout","logger":"task"}
{"timestamp":"2025-12-07T09:54:49.493086Z","level":"info","event":"https://tsetmc.com/History/25559236668122210/20251113","chan":"stdout","logger":"task"}
{"timestamp":"2025-12-07T09:54:49.493281Z","level":"info","event":"https://tsetmc.com/History/25559236668122210/20251114","chan":"stdout","logger":"task"}
{"timestamp":"2025-12-07T09:54:49.493484Z","level":"info","event":"https://tsetmc.com/History/25559236668122210/20251115","chan":"stdout","logger":"task"}
{"timestamp":"2025-12-07T09:54:49.493678Z","level":"info","event":"https://tsetmc.com/History/25559236668122210/20251116","chan":"stdout","logger":"task"}
{"timestamp":"2025-12-07T09:54:49.493879Z","level":"info","event":"https://tsetmc.com/History/25559236668122210/20251117","chan":"stdout","logger":"task"}
{"timestamp":"2025-12-07T09:54:49.494073Z","level":"info","event":"https://tsetmc.com/History/25559236668122210/20251118","chan":"stdout","logger":"task"}
{"timestamp":"2025-12-07T09:54:49.494275Z","level":"info","event":"https://tsetmc.com/History/25559236668122210/20251119","chan":"stdout","logger":"task"}
{"timestamp":"2025-12-07T09:54:49.494469Z","level":"info","event":"https://tsetmc.com/History/25559236668122210/20251120","chan":"stdout","logger":"task"}
{"timestamp":"2025-12-07T09:54:49.494670Z","level":"info","event":"https://tsetmc.com/History/25559236668122210/20251121","chan":"stdout","logger":"task"}
{"timestamp":"2025-12-07T09:54:49.494861Z","level":"info","event":"https://tsetmc.com/History/25559236668122210/20251122","chan":"stdout","logger":"task"}
{"timestamp":"2025-12-07T09:54:49.495061Z","level":"info","event":"https://tsetmc.com/History/25559236668122210/20251123","chan":"stdout","logger":"task"}
{"timestamp":"2025-12-07T09:54:49.495251Z","level":"info","event":"https://tsetmc.com/History/25559236668122210/20251124","chan":"stdout","logger":"task"}
{"timestamp":"2025-12-07T09:54:49.495451Z","level":"info","event":"https://tsetmc.com/History/25559236668122210/20251125","chan":"stdout","logger":"task"}
{"timestamp":"2025-12-07T09:54:49.495642Z","level":"info","event":"https://tsetmc.com/History/25559236668122210/20251126","chan":"stdout","logger":"task"}
{"timestamp":"2025-12-07T09:54:49.495843Z","level":"info","event":"https://tsetmc.com/History/25559236668122210/20251127","chan":"stdout","logger":"task"}
{"timestamp":"2025-12-07T09:54:49.496033Z","level":"info","event":"https://tsetmc.com/History/25559236668122210/20251128","chan":"stdout","logger":"task"}
{"timestamp":"2025-12-07T09:54:49.496238Z","level":"info","event":"https://tsetmc.com/History/25559236668122210/20251129","chan":"stdout","logger":"task"}
{"timestamp":"2025-12-07T09:54:49.496472Z","level":"info","event":"https://tsetmc.com/History/25559236668122210/20251130","chan":"stdout","logger":"task"}
{"timestamp":"2025-12-07T09:54:49.496851Z","level":"info","event":"https://tsetmc.com/History/25559236668122210/20251201","chan":"stdout","logger":"task"}
{"timestamp":"2025-12-07T09:54:49.497170Z","level":"info","event":"https://tsetmc.com/History/25559236668122210/20251202","chan":"stdout","logger":"task"}
{"timestamp":"2025-12-07T09:54:49.497488Z","level":"info","event":"https://tsetmc.com/History/25559236668122210/20251203","chan":"stdout","logger":"task"}
{"timestamp":"2025-12-07T09:54:49.497815Z","level":"info","event":"https://tsetmc.com/History/25559236668122210/20251204","chan":"stdout","logger":"task"}
{"timestamp":"2025-12-07T09:54:49.498086Z","level":"info","event":"https://tsetmc.com/History/25559236668122210/20251205","chan":"stdout","logger":"task"}
{"timestamp":"2025-12-07T09:54:49.498332Z","level":"info","event":"https://tsetmc.com/History/25559236668122210/20251206","chan":"stdout","logger":"task"}
{"timestamp":"2025-12-07T09:54:49.498583Z","level":"info","event":"https://tsetmc.com/History/25559236668122210/20251207","chan":"stdout","logger":"task"}
{"timestamp":"2025-12-07T09:54:49.498831Z","level":"info","event":"https://tsetmc.com/History/17914401175772326/20251107","chan":"stdout","logger":"task"}
{"timestamp":"2025-12-07T09:54:49.499090Z","level":"info","event":"https://tsetmc.com/History/17914401175772326/20251108","chan":"stdout","logger":"task"}
{"timestamp":"2025-12-07T09:54:49.499331Z","level":"info","event":"https://tsetmc.com/History/17914401175772326/20251109","chan":"stdout","logger":"task"}
{"timestamp":"2025-12-07T09:54:49.499578Z","level":"info","event":"https://tsetmc.com/History/17914401175772326/20251110","chan":"stdout","logger":"task"}
{"timestamp":"2025-12-07T09:54:49.499816Z","level":"info","event":"https://tsetmc.com/History/17914401175772326/20251111","chan":"stdout","logger":"task"}
{"timestamp":"2025-12-07T09:54:49.500060Z","level":"info","event":"https://tsetmc.com/History/17914401175772326/20251112","chan":"stdout","logger":"task"}
{"timestamp":"2025-12-07T09:54:49.500324Z","level":"info","event":"https://tsetmc.com/History/17914401175772326/20251113","chan":"stdout","logger":"task"}
{"timestamp":"2025-12-07T09:54:49.500556Z","level":"info","event":"https://tsetmc.com/History/17914401175772326/20251114","chan":"stdout","logger":"task"}
{"timestamp":"2025-12-07T09:54:49.500852Z","level":"info","event":"https://tsetmc.com/History/17914401175772326/20251115","chan":"stdout","logger":"task"}
{"timestamp":"2025-12-07T09:54:49.501252Z","level":"info","event":"https://tsetmc.com/History/17914401175772326/20251116","chan":"stdout","logger":"task"}
{"timestamp":"2025-12-07T09:54:49.501604Z","level":"info","event":"https://tsetmc.com/History/17914401175772326/20251117","chan":"stdout","logger":"task"}
{"timestamp":"2025-12-07T09:54:49.501917Z","level":"info","event":"https://tsetmc.com/History/17914401175772326/20251118","chan":"stdout","logger":"task"}
{"timestamp":"2025-12-07T09:54:49.502161Z","level":"info","event":"https://tsetmc.com/History/17914401175772326/20251119","chan":"stdout","logger":"task"}
{"timestamp":"2025-12-07T09:54:49.502386Z","level":"info","event":"https://tsetmc.com/History/17914401175772326/20251120","chan":"stdout","logger":"task"}
{"timestamp":"2025-12-07T09:54:49.502681Z","level":"info","event":"https://tsetmc.com/History/17914401175772326/20251121","chan":"stdout","logger":"task"}
{"timestamp":"2025-12-07T09:54:49.502971Z","level":"info","event":"https://tsetmc.com/History/17914401175772326/20251122","chan":"stdout","logger":"task"}
{"timestamp":"2025-12-07T09:54:49.503242Z","level":"info","event":"https://tsetmc.com/History/17914401175772326/20251123","chan":"stdout","logger":"task"}
{"timestamp":"2025-12-07T09:54:49.503570Z","level":"info","event":"https://tsetmc.com/History/17914401175772326/20251124","chan":"stdout","logger":"task"}
{"timestamp":"2025-12-07T09:54:49.503826Z","level":"info","event":"https://tsetmc.com/History/17914401175772326/20251125","chan":"stdout","logger":"task"}
{"timestamp":"2025-12-07T09:54:49.504080Z","level":"info","event":"https://tsetmc.com/History/17914401175772326/20251126","chan":"stdout","logger":"task"}
{"timestamp":"2025-12-07T09:54:49.504277Z","level":"info","event":"https://tsetmc.com/History/17914401175772326/20251127","chan":"stdout","logger":"task"}
{"timestamp":"2025-12-07T09:54:49.504509Z","level":"info","event":"https://tsetmc.com/History/17914401175772326/20251128","chan":"stdout","logger":"task"}
{"timestamp":"2025-12-07T09:54:49.504733Z","level":"info","event":"https://tsetmc.com/History/17914401175772326/20251129","chan":"stdout","logger":"task"}
{"timestamp":"2025-12-07T09:54:49.504962Z","level":"info","event":"https://tsetmc.com/History/17914401175772326/20251130","chan":"stdout","logger":"task"}
{"timestamp":"2025-12-07T09:54:49.505181Z","level":"info","event":"https://tsetmc.com/History/17914401175772326/20251201","chan":"stdout","logger":"task"}
{"timestamp":"2025-12-07T09:54:49.505409Z","level":"info","event":"https://tsetmc.com/History/17914401175772326/20251202","chan":"stdout","logger":"task"}
{"timestamp":"2025-12-07T09:54:49.505634Z","level":"info","event":"https://tsetmc.com/History/17914401175772326/20251203","chan":"stdout","logger":"task"}
{"timestamp":"2025-12-07T09:54:49.505864Z","level":"info","event":"https://tsetmc.com/History/17914401175772326/20251204","chan":"stdout","logger":"task"}
{"timestamp":"2025-12-07T09:54:49.506083Z","level":"info","event":"https://tsetmc.com/History/17914401175772326/20251205","chan":"stdout","logger":"task"}
{"timestamp":"2025-12-07T09:54:49.506312Z","level":"info","event":"https://tsetmc.com/History/17914401175772326/20251206","chan":"stdout","logger":"task"}
{"timestamp":"2025-12-07T09:54:49.506530Z","level":"info","event":"https://tsetmc.com/History/17914401175772326/20251207","chan":"stdout","logger":"task"}
