{"timestamp":"2025-12-07T12:02:34.256333","level":"info","event":"DAG bundles loaded: dags-folder","logger":"airflow.dag_processing.bundles.manager.DagBundlesManager"}
{"timestamp":"2025-12-07T12:02:34.256995","level":"info","event":"Filling up the DagBag from /opt/airflow/dags/tsetmc_history_dag.py","logger":"airflow.models.dagbag.DagBag"}
{"timestamp":"2025-12-07T12:02:35.042665Z","level":"info","event":"https://cdn.tsetmc.com/api/Shareholder/34144395039913458/20251127","chan":"stdout","logger":"task"}
{"timestamp":"2025-12-07T12:02:35.099982","level":"warning","event":"Unverified HTTPS request is being made to host 'cdn.tsetmc.com'. Adding certificate verification is strongly advised. See: https://urllib3.readthedocs.io/en/latest/advanced-usage.html#tls-warnings","category":"InsecureRequestWarning","filename":"/home/airflow/.local/lib/python3.12/site-packages/urllib3/connectionpool.py","lineno":1097,"logger":"py.warnings"}
{"timestamp":"2025-12-07T12:02:35.110721Z","level":"info","event":"Failed to fetch https://cdn.tsetmc.com/api/Shareholder/34144395039913458/20251127: sequence item 1: expected str instance, float found","chan":"stdout","logger":"task"}
{"timestamp":"2025-12-07T12:02:35.111340Z","level":"info","event":"https://cdn.tsetmc.com/api/Shareholder/34144395039913458/20251128","chan":"stdout","logger":"task"}
{"timestamp":"2025-12-07T12:02:35.187886","level":"warning","event":"Unverified HTTPS request is being made to host 'cdn.tsetmc.com'. Adding certificate verification is strongly advised. See: https://urllib3.readthedocs.io/en/latest/advanced-usage.html#tls-warnings","category":"InsecureRequestWarning","filename":"/home/airflow/.local/lib/python3.12/site-packages/urllib3/connectionpool.py","lineno":1097,"logger":"py.warnings"}
{"timestamp":"2025-12-07T12:02:35.210600Z","level":"info","event":"Failed to fetch https://cdn.tsetmc.com/api/Shareholder/34144395039913458/20251128: sequence item 1: expected str instance, float found","chan":"stdout","logger":"task"}
{"timestamp":"2025-12-07T12:02:35.211186Z","level":"info","event":"https://cdn.tsetmc.com/api/Shareholder/34144395039913458/20251129","chan":"stdout","logger":"task"}
{"timestamp":"2025-12-07T12:02:35.267721","level":"warning","event":"Unverified HTTPS request is being made to host 'cdn.tsetmc.com'. Adding certificate verification is strongly advised. See: https://urllib3.readthedocs.io/en/latest/advanced-usage.html#tls-warnings","category":"InsecureRequestWarning","filename":"/home/airflow/.local/lib/python3.12/site-packages/urllib3/connectionpool.py","lineno":1097,"logger":"py.warnings"}
{"timestamp":"2025-12-07T12:02:35.324788Z","level":"info","event":"Failed to fetch https://cdn.tsetmc.com/api/Shareholder/34144395039913458/20251129: sequence item 1: expected str instance, float found","chan":"stdout","logger":"task"}
{"timestamp":"2025-12-07T12:02:35.325426Z","level":"info","event":"https://cdn.tsetmc.com/api/Shareholder/34144395039913458/20251130","chan":"stdout","logger":"task"}
{"timestamp":"2025-12-07T12:02:35.376528","level":"warning","event":"Unverified HTTPS request is being made to host 'cdn.tsetmc.com'. Adding certificate verification is strongly advised. See: https://urllib3.readthedocs.io/en/latest/advanced-usage.html#tls-warnings","category":"InsecureRequestWarning","filename":"/home/airflow/.local/lib/python3.12/site-packages/urllib3/connectionpool.py","lineno":1097,"logger":"py.warnings"}
{"timestamp":"2025-12-07T12:02:35.390635Z","level":"info","event":"Failed to fetch https://cdn.tsetmc.com/api/Shareholder/34144395039913458/20251130: sequence item 1: expected str instance, float found","chan":"stdout","logger":"task"}
{"timestamp":"2025-12-07T12:02:35.391280Z","level":"info","event":"https://cdn.tsetmc.com/api/Shareholder/34144395039913458/20251201","chan":"stdout","logger":"task"}
{"timestamp":"2025-12-07T12:02:35.470095","level":"warning","event":"Unverified HTTPS request is being made to host 'cdn.tsetmc.com'. Adding certificate verification is strongly advised. See: https://urllib3.readthedocs.io/en/latest/advanced-usage.html#tls-warnings","category":"InsecureRequestWarning","filename":"/home/airflow/.local/lib/python3.12/site-packages/urllib3/connectionpool.py","lineno":1097,"logger":"py.warnings"}
{"timestamp":"2025-12-07T12:02:35.496006Z","level":"info","event":"Failed to fetch https://cdn.tsetmc.com/api/Shareholder/34144395039913458/20251201: sequence item 1: expected str instance, float found","chan":"stdout","logger":"task"}
{"timestamp":"2025-12-07T12:02:35.496758Z","level":"info","event":"https://cdn.tsetmc.com/api/Shareholder/34144395039913458/20251202","chan":"stdout","logger":"task"}
{"timestamp":"2025-12-07T12:02:35.558529","level":"warning","event":"Unverified HTTPS request is being made to host 'cdn.tsetmc.com'. Adding certificate verification is strongly advised. See: https://urllib3.readthedocs.io/en/latest/advanced-usage.html#tls-warnings","category":"InsecureRequestWarning","filename":"/home/airflow/.local/lib/python3.12/site-packages/urllib3/connectionpool.py","lineno":1097,"logger":"py.warnings"}
{"timestamp":"2025-12-07T12:02:35.645286Z","level":"info","event":"Failed to fetch https://cdn.tsetmc.com/api/Shareholder/34144395039913458/20251202: sequence item 1: expected str instance, float found","chan":"stdout","logger":"task"}
{"timestamp":"2025-12-07T12:02:35.645862Z","level":"info","event":"https://cdn.tsetmc.com/api/Shareholder/34144395039913458/20251203","chan":"stdout","logger":"task"}
{"timestamp":"2025-12-07T12:02:35.704152","level":"warning","event":"Unverified HTTPS request is being made to host 'cdn.tsetmc.com'. Adding certificate verification is strongly advised. See: https://urllib3.readthedocs.io/en/latest/advanced-usage.html#tls-warnings","category":"InsecureRequestWarning","filename":"/home/airflow/.local/lib/python3.12/site-packages/urllib3/connectionpool.py","lineno":1097,"logger":"py.warnings"}
{"timestamp":"2025-12-07T12:02:35.720583Z","level":"info","event":"Failed to fetch https://cdn.tsetmc.com/api/Shareholder/34144395039913458/20251203: sequence item 1: expected str instance, float found","chan":"stdout","logger":"task"}
{"timestamp":"2025-12-07T12:02:35.721202Z","level":"info","event":"https://cdn.tsetmc.com/api/Shareholder/34144395039913458/20251204","chan":"stdout","logger":"task"}
{"timestamp":"2025-12-07T12:02:35.803835","level":"warning","event":"Unverified HTTPS request is being made to host 'cdn.tsetmc.com'. Adding certificate verification is strongly advised. See: https://urllib3.readthedocs.io/en/latest/advanced-usage.html#tls-warnings","category":"InsecureRequestWarning","filename":"/home/airflow/.local/lib/python3.12/site-packages/urllib3/connectionpool.py","lineno":1097,"logger":"py.warnings"}
{"timestamp":"2025-12-07T12:02:35.831759Z","level":"info","event":"Failed to fetch https://cdn.tsetmc.com/api/Shareholder/34144395039913458/20251204: sequence item 1: expected str instance, float found","chan":"stdout","logger":"task"}
{"timestamp":"2025-12-07T12:02:35.832510Z","level":"info","event":"https://cdn.tsetmc.com/api/Shareholder/34144395039913458/20251205","chan":"stdout","logger":"task"}
{"timestamp":"2025-12-07T12:02:35.900907","level":"warning","event":"Unverified HTTPS request is being made to host 'cdn.tsetmc.com'. Adding certificate verification is strongly advised. See: https://urllib3.readthedocs.io/en/latest/advanced-usage.html#tls-warnings","category":"InsecureRequestWarning","filename":"/home/airflow/.local/lib/python3.12/site-packages/urllib3/connectionpool.py","lineno":1097,"logger":"py.warnings"}
{"timestamp":"2025-12-07T12:02:36.040902Z","level":"info","event":"Failed to fetch https://cdn.tsetmc.com/api/Shareholder/34144395039913458/20251205: sequence item 1: expected str instance, float found","chan":"stdout","logger":"task"}
{"timestamp":"2025-12-07T12:02:36.041534Z","level":"info","event":"https://cdn.tsetmc.com/api/Shareholder/34144395039913458/20251206","chan":"stdout","logger":"task"}
{"timestamp":"2025-12-07T12:02:36.093314","level":"warning","event":"Unverified HTTPS request is being made to host 'cdn.tsetmc.com'. Adding certificate verification is strongly advised. See: https://urllib3.readthedocs.io/en/latest/advanced-usage.html#tls-warnings","category":"InsecureRequestWarning","filename":"/home/airflow/.local/lib/python3.12/site-packages/urllib3/connectionpool.py","lineno":1097,"logger":"py.warnings"}
{"timestamp":"2025-12-07T12:02:36.110153Z","level":"info","event":"Failed to fetch https://cdn.tsetmc.com/api/Shareholder/34144395039913458/20251206: sequence item 1: expected str instance, float found","chan":"stdout","logger":"task"}
{"timestamp":"2025-12-07T12:02:36.110808Z","level":"info","event":"https://cdn.tsetmc.com/api/Shareholder/34144395039913458/20251207","chan":"stdout","logger":"task"}
{"timestamp":"2025-12-07T12:02:36.184500","level":"warning","event":"Unverified HTTPS request is being made to host 'cdn.tsetmc.com'. Adding certificate verification is strongly advised. See: https://urllib3.readthedocs.io/en/latest/advanced-usage.html#tls-warnings","category":"InsecureRequestWarning","filename":"/home/airflow/.local/lib/python3.12/site-packages/urllib3/connectionpool.py","lineno":1097,"logger":"py.warnings"}
{"timestamp":"2025-12-07T12:02:36.204821Z","level":"info","event":"Failed to fetch https://cdn.tsetmc.com/api/Shareholder/34144395039913458/20251207: sequence item 1: expected str instance, float found","chan":"stdout","logger":"task"}
{"timestamp":"2025-12-07T12:02:36.205493Z","level":"info","event":"https://cdn.tsetmc.com/api/Shareholder/26014913469567886/20251127","chan":"stdout","logger":"task"}
{"timestamp":"2025-12-07T12:02:36.256962","level":"warning","event":"Unverified HTTPS request is being made to host 'cdn.tsetmc.com'. Adding certificate verification is strongly advised. See: https://urllib3.readthedocs.io/en/latest/advanced-usage.html#tls-warnings","category":"InsecureRequestWarning","filename":"/home/airflow/.local/lib/python3.12/site-packages/urllib3/connectionpool.py","lineno":1097,"logger":"py.warnings"}
{"timestamp":"2025-12-07T12:02:36.325708Z","level":"info","event":"Failed to fetch https://cdn.tsetmc.com/api/Shareholder/26014913469567886/20251127: sequence item 1: expected str instance, float found","chan":"stdout","logger":"task"}
{"timestamp":"2025-12-07T12:02:36.326362Z","level":"info","event":"https://cdn.tsetmc.com/api/Shareholder/26014913469567886/20251128","chan":"stdout","logger":"task"}
{"timestamp":"2025-12-07T12:02:36.378719","level":"warning","event":"Unverified HTTPS request is being made to host 'cdn.tsetmc.com'. Adding certificate verification is strongly advised. See: https://urllib3.readthedocs.io/en/latest/advanced-usage.html#tls-warnings","category":"InsecureRequestWarning","filename":"/home/airflow/.local/lib/python3.12/site-packages/urllib3/connectionpool.py","lineno":1097,"logger":"py.warnings"}
{"timestamp":"2025-12-07T12:02:36.390604Z","level":"info","event":"Failed to fetch https://cdn.tsetmc.com/api/Shareholder/26014913469567886/20251128: sequence item 1: expected str instance, float found","chan":"stdout","logger":"task"}
{"timestamp":"2025-12-07T12:02:36.391199Z","level":"info","event":"https://cdn.tsetmc.com/api/Shareholder/26014913469567886/20251129","chan":"stdout","logger":"task"}
{"timestamp":"2025-12-07T12:02:36.484910","level":"warning","event":"Unverified HTTPS request is being made to host 'cdn.tsetmc.com'. Adding certificate verification is strongly advised. See: https://urllib3.readthedocs.io/en/latest/advanced-usage.html#tls-warnings","category":"InsecureRequestWarning","filename":"/home/airflow/.local/lib/python3.12/site-packages/urllib3/connectionpool.py","lineno":1097,"logger":"py.warnings"}
{"timestamp":"2025-12-07T12:02:36.506111Z","level":"info","event":"Failed to fetch https://cdn.tsetmc.com/api/Shareholder/26014913469567886/20251129: sequence item 1: expected str instance, float found","chan":"stdout","logger":"task"}
{"timestamp":"2025-12-07T12:02:36.506788Z","level":"info","event":"https://cdn.tsetmc.com/api/Shareholder/26014913469567886/20251130","chan":"stdout","logger":"task"}
{"timestamp":"2025-12-07T12:02:36.563116","level":"warning","event":"Unverified HTTPS request is being made to host 'cdn.tsetmc.com'. Adding certificate verification is strongly advised. See: https://urllib3.readthedocs.io/en/latest/advanced-usage.html#tls-warnings","category":"InsecureRequestWarning","filename":"/home/airflow/.local/lib/python3.12/site-packages/urllib3/connectionpool.py","lineno":1097,"logger":"py.warnings"}
{"timestamp":"2025-12-07T12:02:36.626700Z","level":"info","event":"Failed to fetch https://cdn.tsetmc.com/api/Shareholder/26014913469567886/20251130: sequence item 1: expected str instance, float found","chan":"stdout","logger":"task"}
{"timestamp":"2025-12-07T12:02:36.627386Z","level":"info","event":"https://cdn.tsetmc.com/api/Shareholder/26014913469567886/20251201","chan":"stdout","logger":"task"}
{"timestamp":"2025-12-07T12:02:36.694425","level":"warning","event":"Unverified HTTPS request is being made to host 'cdn.tsetmc.com'. Adding certificate verification is strongly advised. See: https://urllib3.readthedocs.io/en/latest/advanced-usage.html#tls-warnings","category":"InsecureRequestWarning","filename":"/home/airflow/.local/lib/python3.12/site-packages/urllib3/connectionpool.py","lineno":1097,"logger":"py.warnings"}
{"timestamp":"2025-12-07T12:02:36.710151Z","level":"info","event":"Failed to fetch https://cdn.tsetmc.com/api/Shareholder/26014913469567886/20251201: sequence item 1: expected str instance, float found","chan":"stdout","logger":"task"}
{"timestamp":"2025-12-07T12:02:36.710760Z","level":"info","event":"https://cdn.tsetmc.com/api/Shareholder/26014913469567886/20251202","chan":"stdout","logger":"task"}
{"timestamp":"2025-12-07T12:02:36.834850","level":"warning","event":"Unverified HTTPS request is being made to host 'cdn.tsetmc.com'. Adding certificate verification is strongly advised. See: https://urllib3.readthedocs.io/en/latest/advanced-usage.html#tls-warnings","category":"InsecureRequestWarning","filename":"/home/airflow/.local/lib/python3.12/site-packages/urllib3/connectionpool.py","lineno":1097,"logger":"py.warnings"}
{"timestamp":"2025-12-07T12:02:36.860614Z","level":"info","event":"Failed to fetch https://cdn.tsetmc.com/api/Shareholder/26014913469567886/20251202: sequence item 1: expected str instance, float found","chan":"stdout","logger":"task"}
{"timestamp":"2025-12-07T12:02:36.861262Z","level":"info","event":"https://cdn.tsetmc.com/api/Shareholder/26014913469567886/20251203","chan":"stdout","logger":"task"}
{"timestamp":"2025-12-07T12:02:36.924820","level":"warning","event":"Unverified HTTPS request is being made to host 'cdn.tsetmc.com'. Adding certificate verification is strongly advised. See: https://urllib3.readthedocs.io/en/latest/advanced-usage.html#tls-warnings","category":"InsecureRequestWarning","filename":"/home/airflow/.local/lib/python3.12/site-packages/urllib3/connectionpool.py","lineno":1097,"logger":"py.warnings"}
{"timestamp":"2025-12-07T12:02:36.988755Z","level":"info","event":"Failed to fetch https://cdn.tsetmc.com/api/Shareholder/26014913469567886/20251203: sequence item 1: expected str instance, float found","chan":"stdout","logger":"task"}
{"timestamp":"2025-12-07T12:02:36.989335Z","level":"info","event":"https://cdn.tsetmc.com/api/Shareholder/26014913469567886/20251204","chan":"stdout","logger":"task"}
{"timestamp":"2025-12-07T12:02:37.074125","level":"warning","event":"Unverified HTTPS request is being made to host 'cdn.tsetmc.com'. Adding certificate verification is strongly advised. See: https://urllib3.readthedocs.io/en/latest/advanced-usage.html#tls-warnings","category":"InsecureRequestWarning","filename":"/home/airflow/.local/lib/python3.12/site-packages/urllib3/connectionpool.py","lineno":1097,"logger":"py.warnings"}
{"timestamp":"2025-12-07T12:02:37.089760Z","level":"info","event":"Failed to fetch https://cdn.tsetmc.com/api/Shareholder/26014913469567886/20251204: sequence item 1: expected str instance, float found","chan":"stdout","logger":"task"}
{"timestamp":"2025-12-07T12:02:37.090346Z","level":"info","event":"https://cdn.tsetmc.com/api/Shareholder/26014913469567886/20251205","chan":"stdout","logger":"task"}
{"timestamp":"2025-12-07T12:02:37.185674","level":"warning","event":"Unverified HTTPS request is being made to host 'cdn.tsetmc.com'. Adding certificate verification is strongly advised. See: https://urllib3.readthedocs.io/en/latest/advanced-usage.html#tls-warnings","category":"InsecureRequestWarning","filename":"/home/airflow/.local/lib/python3.12/site-packages/urllib3/connectionpool.py","lineno":1097,"logger":"py.warnings"}
{"timestamp":"2025-12-07T12:02:37.216036Z","level":"info","event":"Failed to fetch https://cdn.tsetmc.com/api/Shareholder/26014913469567886/20251205: sequence item 1: expected str instance, float found","chan":"stdout","logger":"task"}
{"timestamp":"2025-12-07T12:02:37.217430Z","level":"info","event":"https://cdn.tsetmc.com/api/Shareholder/26014913469567886/20251206","chan":"stdout","logger":"task"}
{"timestamp":"2025-12-07T12:02:37.271236","level":"warning","event":"Unverified HTTPS request is being made to host 'cdn.tsetmc.com'. Adding certificate verification is strongly advised. See: https://urllib3.readthedocs.io/en/latest/advanced-usage.html#tls-warnings","category":"InsecureRequestWarning","filename":"/home/airflow/.local/lib/python3.12/site-packages/urllib3/connectionpool.py","lineno":1097,"logger":"py.warnings"}
{"timestamp":"2025-12-07T12:02:37.354834Z","level":"info","event":"Failed to fetch https://cdn.tsetmc.com/api/Shareholder/26014913469567886/20251206: sequence item 1: expected str instance, float found","chan":"stdout","logger":"task"}
{"timestamp":"2025-12-07T12:02:37.355849Z","level":"info","event":"https://cdn.tsetmc.com/api/Shareholder/26014913469567886/20251207","chan":"stdout","logger":"task"}
{"timestamp":"2025-12-07T12:02:37.407410","level":"warning","event":"Unverified HTTPS request is being made to host 'cdn.tsetmc.com'. Adding certificate verification is strongly advised. See: https://urllib3.readthedocs.io/en/latest/advanced-usage.html#tls-warnings","category":"InsecureRequestWarning","filename":"/home/airflow/.local/lib/python3.12/site-packages/urllib3/connectionpool.py","lineno":1097,"logger":"py.warnings"}
{"timestamp":"2025-12-07T12:02:37.421401Z","level":"info","event":"Failed to fetch https://cdn.tsetmc.com/api/Shareholder/26014913469567886/20251207: sequence item 1: expected str instance, float found","chan":"stdout","logger":"task"}
{"timestamp":"2025-12-07T12:02:37.422006Z","level":"info","event":"https://cdn.tsetmc.com/api/Shareholder/26014913469567886/20251127","chan":"stdout","logger":"task"}
{"timestamp":"2025-12-07T12:02:37.504044","level":"warning","event":"Unverified HTTPS request is being made to host 'cdn.tsetmc.com'. Adding certificate verification is strongly advised. See: https://urllib3.readthedocs.io/en/latest/advanced-usage.html#tls-warnings","category":"InsecureRequestWarning","filename":"/home/airflow/.local/lib/python3.12/site-packages/urllib3/connectionpool.py","lineno":1097,"logger":"py.warnings"}
{"timestamp":"2025-12-07T12:02:37.527127Z","level":"info","event":"Failed to fetch https://cdn.tsetmc.com/api/Shareholder/26014913469567886/20251127: sequence item 1: expected str instance, float found","chan":"stdout","logger":"task"}
{"timestamp":"2025-12-07T12:02:37.528054Z","level":"info","event":"https://cdn.tsetmc.com/api/Shareholder/26014913469567886/20251128","chan":"stdout","logger":"task"}
{"timestamp":"2025-12-07T12:02:37.591077","level":"warning","event":"Unverified HTTPS request is being made to host 'cdn.tsetmc.com'. Adding certificate verification is strongly advised. See: https://urllib3.readthedocs.io/en/latest/advanced-usage.html#tls-warnings","category":"InsecureRequestWarning","filename":"/home/airflow/.local/lib/python3.12/site-packages/urllib3/connectionpool.py","lineno":1097,"logger":"py.warnings"}
{"timestamp":"2025-12-07T12:02:37.644567Z","level":"info","event":"Failed to fetch https://cdn.tsetmc.com/api/Shareholder/26014913469567886/20251128: sequence item 1: expected str instance, float found","chan":"stdout","logger":"task"}
{"timestamp":"2025-12-07T12:02:37.645428Z","level":"info","event":"https://cdn.tsetmc.com/api/Shareholder/26014913469567886/20251129","chan":"stdout","logger":"task"}
{"timestamp":"2025-12-07T12:02:37.710179","level":"warning","event":"Unverified HTTPS request is being made to host 'cdn.tsetmc.com'. Adding certificate verification is strongly advised. See: https://urllib3.readthedocs.io/en/latest/advanced-usage.html#tls-warnings","category":"InsecureRequestWarning","filename":"/home/airflow/.local/lib/python3.12/site-packages/urllib3/connectionpool.py","lineno":1097,"logger":"py.warnings"}
{"timestamp":"2025-12-07T12:02:37.722693Z","level":"info","event":"Failed to fetch https://cdn.tsetmc.com/api/Shareholder/26014913469567886/20251129: sequence item 1: expected str instance, float found","chan":"stdout","logger":"task"}
{"timestamp":"2025-12-07T12:02:37.723573Z","level":"info","event":"https://cdn.tsetmc.com/api/Shareholder/26014913469567886/20251130","chan":"stdout","logger":"task"}
{"timestamp":"2025-12-07T12:02:37.803534","level":"warning","event":"Unverified HTTPS request is being made to host 'cdn.tsetmc.com'. Adding certificate verification is strongly advised. See: https://urllib3.readthedocs.io/en/latest/advanced-usage.html#tls-warnings","category":"InsecureRequestWarning","filename":"/home/airflow/.local/lib/python3.12/site-packages/urllib3/connectionpool.py","lineno":1097,"logger":"py.warnings"}
{"timestamp":"2025-12-07T12:02:37.827120Z","level":"info","event":"Failed to fetch https://cdn.tsetmc.com/api/Shareholder/26014913469567886/20251130: sequence item 1: expected str instance, float found","chan":"stdout","logger":"task"}
{"timestamp":"2025-12-07T12:02:37.827976Z","level":"info","event":"https://cdn.tsetmc.com/api/Shareholder/26014913469567886/20251201","chan":"stdout","logger":"task"}
{"timestamp":"2025-12-07T12:02:37.889989","level":"warning","event":"Unverified HTTPS request is being made to host 'cdn.tsetmc.com'. Adding certificate verification is strongly advised. See: https://urllib3.readthedocs.io/en/latest/advanced-usage.html#tls-warnings","category":"InsecureRequestWarning","filename":"/home/airflow/.local/lib/python3.12/site-packages/urllib3/connectionpool.py","lineno":1097,"logger":"py.warnings"}
{"timestamp":"2025-12-07T12:02:37.940594Z","level":"info","event":"Failed to fetch https://cdn.tsetmc.com/api/Shareholder/26014913469567886/20251201: sequence item 1: expected str instance, float found","chan":"stdout","logger":"task"}
{"timestamp":"2025-12-07T12:02:37.941225Z","level":"info","event":"https://cdn.tsetmc.com/api/Shareholder/26014913469567886/20251202","chan":"stdout","logger":"task"}
{"timestamp":"2025-12-07T12:02:37.993549","level":"warning","event":"Unverified HTTPS request is being made to host 'cdn.tsetmc.com'. Adding certificate verification is strongly advised. See: https://urllib3.readthedocs.io/en/latest/advanced-usage.html#tls-warnings","category":"InsecureRequestWarning","filename":"/home/airflow/.local/lib/python3.12/site-packages/urllib3/connectionpool.py","lineno":1097,"logger":"py.warnings"}
{"timestamp":"2025-12-07T12:02:38.009855Z","level":"info","event":"Failed to fetch https://cdn.tsetmc.com/api/Shareholder/26014913469567886/20251202: sequence item 1: expected str instance, float found","chan":"stdout","logger":"task"}
{"timestamp":"2025-12-07T12:02:38.010433Z","level":"info","event":"https://cdn.tsetmc.com/api/Shareholder/26014913469567886/20251203","chan":"stdout","logger":"task"}
{"timestamp":"2025-12-07T12:02:38.089455","level":"warning","event":"Unverified HTTPS request is being made to host 'cdn.tsetmc.com'. Adding certificate verification is strongly advised. See: https://urllib3.readthedocs.io/en/latest/advanced-usage.html#tls-warnings","category":"InsecureRequestWarning","filename":"/home/airflow/.local/lib/python3.12/site-packages/urllib3/connectionpool.py","lineno":1097,"logger":"py.warnings"}
{"timestamp":"2025-12-07T12:02:38.113769Z","level":"info","event":"Failed to fetch https://cdn.tsetmc.com/api/Shareholder/26014913469567886/20251203: sequence item 1: expected str instance, float found","chan":"stdout","logger":"task"}
{"timestamp":"2025-12-07T12:02:38.114466Z","level":"info","event":"https://cdn.tsetmc.com/api/Shareholder/26014913469567886/20251204","chan":"stdout","logger":"task"}
{"timestamp":"2025-12-07T12:02:38.174198","level":"warning","event":"Unverified HTTPS request is being made to host 'cdn.tsetmc.com'. Adding certificate verification is strongly advised. See: https://urllib3.readthedocs.io/en/latest/advanced-usage.html#tls-warnings","category":"InsecureRequestWarning","filename":"/home/airflow/.local/lib/python3.12/site-packages/urllib3/connectionpool.py","lineno":1097,"logger":"py.warnings"}
{"timestamp":"2025-12-07T12:02:38.225555Z","level":"info","event":"Failed to fetch https://cdn.tsetmc.com/api/Shareholder/26014913469567886/20251204: sequence item 1: expected str instance, float found","chan":"stdout","logger":"task"}
{"timestamp":"2025-12-07T12:02:38.226162Z","level":"info","event":"https://cdn.tsetmc.com/api/Shareholder/26014913469567886/20251205","chan":"stdout","logger":"task"}
{"timestamp":"2025-12-07T12:02:38.288018","level":"warning","event":"Unverified HTTPS request is being made to host 'cdn.tsetmc.com'. Adding certificate verification is strongly advised. See: https://urllib3.readthedocs.io/en/latest/advanced-usage.html#tls-warnings","category":"InsecureRequestWarning","filename":"/home/airflow/.local/lib/python3.12/site-packages/urllib3/connectionpool.py","lineno":1097,"logger":"py.warnings"}
{"timestamp":"2025-12-07T12:02:38.303618Z","level":"info","event":"Failed to fetch https://cdn.tsetmc.com/api/Shareholder/26014913469567886/20251205: sequence item 1: expected str instance, float found","chan":"stdout","logger":"task"}
{"timestamp":"2025-12-07T12:02:38.304282Z","level":"info","event":"https://cdn.tsetmc.com/api/Shareholder/26014913469567886/20251206","chan":"stdout","logger":"task"}
{"timestamp":"2025-12-07T12:02:38.388091","level":"warning","event":"Unverified HTTPS request is being made to host 'cdn.tsetmc.com'. Adding certificate verification is strongly advised. See: https://urllib3.readthedocs.io/en/latest/advanced-usage.html#tls-warnings","category":"InsecureRequestWarning","filename":"/home/airflow/.local/lib/python3.12/site-packages/urllib3/connectionpool.py","lineno":1097,"logger":"py.warnings"}
{"timestamp":"2025-12-07T12:02:38.410892Z","level":"info","event":"Failed to fetch https://cdn.tsetmc.com/api/Shareholder/26014913469567886/20251206: sequence item 1: expected str instance, float found","chan":"stdout","logger":"task"}
{"timestamp":"2025-12-07T12:02:38.411539Z","level":"info","event":"https://cdn.tsetmc.com/api/Shareholder/26014913469567886/20251207","chan":"stdout","logger":"task"}
{"timestamp":"2025-12-07T12:02:38.470661","level":"warning","event":"Unverified HTTPS request is being made to host 'cdn.tsetmc.com'. Adding certificate verification is strongly advised. See: https://urllib3.readthedocs.io/en/latest/advanced-usage.html#tls-warnings","category":"InsecureRequestWarning","filename":"/home/airflow/.local/lib/python3.12/site-packages/urllib3/connectionpool.py","lineno":1097,"logger":"py.warnings"}
{"timestamp":"2025-12-07T12:02:38.505381Z","level":"info","event":"Failed to fetch https://cdn.tsetmc.com/api/Shareholder/26014913469567886/20251207: sequence item 1: expected str instance, float found","chan":"stdout","logger":"task"}
{"timestamp":"2025-12-07T12:02:38.506004Z","level":"info","event":"https://cdn.tsetmc.com/api/Shareholder/25559236668122210/20251127","chan":"stdout","logger":"task"}
{"timestamp":"2025-12-07T12:02:38.557445","level":"warning","event":"Unverified HTTPS request is being made to host 'cdn.tsetmc.com'. Adding certificate verification is strongly advised. See: https://urllib3.readthedocs.io/en/latest/advanced-usage.html#tls-warnings","category":"InsecureRequestWarning","filename":"/home/airflow/.local/lib/python3.12/site-packages/urllib3/connectionpool.py","lineno":1097,"logger":"py.warnings"}
{"timestamp":"2025-12-07T12:02:38.570666Z","level":"info","event":"Failed to fetch https://cdn.tsetmc.com/api/Shareholder/25559236668122210/20251127: sequence item 1: expected str instance, float found","chan":"stdout","logger":"task"}
{"timestamp":"2025-12-07T12:02:38.571426Z","level":"info","event":"https://cdn.tsetmc.com/api/Shareholder/25559236668122210/20251128","chan":"stdout","logger":"task"}
{"timestamp":"2025-12-07T12:02:38.650202","level":"warning","event":"Unverified HTTPS request is being made to host 'cdn.tsetmc.com'. Adding certificate verification is strongly advised. See: https://urllib3.readthedocs.io/en/latest/advanced-usage.html#tls-warnings","category":"InsecureRequestWarning","filename":"/home/airflow/.local/lib/python3.12/site-packages/urllib3/connectionpool.py","lineno":1097,"logger":"py.warnings"}
{"timestamp":"2025-12-07T12:02:38.679463Z","level":"info","event":"Failed to fetch https://cdn.tsetmc.com/api/Shareholder/25559236668122210/20251128: sequence item 1: expected str instance, float found","chan":"stdout","logger":"task"}
{"timestamp":"2025-12-07T12:02:38.680070Z","level":"info","event":"https://cdn.tsetmc.com/api/Shareholder/25559236668122210/20251129","chan":"stdout","logger":"task"}
{"timestamp":"2025-12-07T12:02:38.736494","level":"warning","event":"Unverified HTTPS request is being made to host 'cdn.tsetmc.com'. Adding certificate verification is strongly advised. See: https://urllib3.readthedocs.io/en/latest/advanced-usage.html#tls-warnings","category":"InsecureRequestWarning","filename":"/home/airflow/.local/lib/python3.12/site-packages/urllib3/connectionpool.py","lineno":1097,"logger":"py.warnings"}
{"timestamp":"2025-12-07T12:02:38.796153Z","level":"info","event":"Failed to fetch https://cdn.tsetmc.com/api/Shareholder/25559236668122210/20251129: sequence item 1: expected str instance, float found","chan":"stdout","logger":"task"}
{"timestamp":"2025-12-07T12:02:38.796938Z","level":"info","event":"https://cdn.tsetmc.com/api/Shareholder/25559236668122210/20251130","chan":"stdout","logger":"task"}
{"timestamp":"2025-12-07T12:02:38.855152","level":"warning","event":"Unverified HTTPS request is being made to host 'cdn.tsetmc.com'. Adding certificate verification is strongly advised. See: https://urllib3.readthedocs.io/en/latest/advanced-usage.html#tls-warnings","category":"InsecureRequestWarning","filename":"/home/airflow/.local/lib/python3.12/site-packages/urllib3/connectionpool.py","lineno":1097,"logger":"py.warnings"}
{"timestamp":"2025-12-07T12:02:38.881935Z","level":"info","event":"Failed to fetch https://cdn.tsetmc.com/api/Shareholder/25559236668122210/20251130: sequence item 1: expected str instance, float found","chan":"stdout","logger":"task"}
{"timestamp":"2025-12-07T12:02:38.882549Z","level":"info","event":"https://cdn.tsetmc.com/api/Shareholder/25559236668122210/20251201","chan":"stdout","logger":"task"}
{"timestamp":"2025-12-07T12:02:38.965603","level":"warning","event":"Unverified HTTPS request is being made to host 'cdn.tsetmc.com'. Adding certificate verification is strongly advised. See: https://urllib3.readthedocs.io/en/latest/advanced-usage.html#tls-warnings","category":"InsecureRequestWarning","filename":"/home/airflow/.local/lib/python3.12/site-packages/urllib3/connectionpool.py","lineno":1097,"logger":"py.warnings"}
{"timestamp":"2025-12-07T12:02:38.992256Z","level":"info","event":"Failed to fetch https://cdn.tsetmc.com/api/Shareholder/25559236668122210/20251201: sequence item 1: expected str instance, float found","chan":"stdout","logger":"task"}
{"timestamp":"2025-12-07T12:02:38.992815Z","level":"info","event":"https://cdn.tsetmc.com/api/Shareholder/25559236668122210/20251202","chan":"stdout","logger":"task"}
{"timestamp":"2025-12-07T12:02:39.054649","level":"warning","event":"Unverified HTTPS request is being made to host 'cdn.tsetmc.com'. Adding certificate verification is strongly advised. See: https://urllib3.readthedocs.io/en/latest/advanced-usage.html#tls-warnings","category":"InsecureRequestWarning","filename":"/home/airflow/.local/lib/python3.12/site-packages/urllib3/connectionpool.py","lineno":1097,"logger":"py.warnings"}
{"timestamp":"2025-12-07T12:02:39.129556Z","level":"info","event":"Failed to fetch https://cdn.tsetmc.com/api/Shareholder/25559236668122210/20251202: sequence item 1: expected str instance, float found","chan":"stdout","logger":"task"}
{"timestamp":"2025-12-07T12:02:39.130151Z","level":"info","event":"https://cdn.tsetmc.com/api/Shareholder/25559236668122210/20251203","chan":"stdout","logger":"task"}
{"timestamp":"2025-12-07T12:02:39.188445","level":"warning","event":"Unverified HTTPS request is being made to host 'cdn.tsetmc.com'. Adding certificate verification is strongly advised. See: https://urllib3.readthedocs.io/en/latest/advanced-usage.html#tls-warnings","category":"InsecureRequestWarning","filename":"/home/airflow/.local/lib/python3.12/site-packages/urllib3/connectionpool.py","lineno":1097,"logger":"py.warnings"}
{"timestamp":"2025-12-07T12:02:39.202877Z","level":"info","event":"Failed to fetch https://cdn.tsetmc.com/api/Shareholder/25559236668122210/20251203: sequence item 1: expected str instance, float found","chan":"stdout","logger":"task"}
{"timestamp":"2025-12-07T12:02:39.203688Z","level":"info","event":"https://cdn.tsetmc.com/api/Shareholder/25559236668122210/20251204","chan":"stdout","logger":"task"}
{"timestamp":"2025-12-07T12:02:39.294814","level":"warning","event":"Unverified HTTPS request is being made to host 'cdn.tsetmc.com'. Adding certificate verification is strongly advised. See: https://urllib3.readthedocs.io/en/latest/advanced-usage.html#tls-warnings","category":"InsecureRequestWarning","filename":"/home/airflow/.local/lib/python3.12/site-packages/urllib3/connectionpool.py","lineno":1097,"logger":"py.warnings"}
{"timestamp":"2025-12-07T12:02:39.326258Z","level":"info","event":"Failed to fetch https://cdn.tsetmc.com/api/Shareholder/25559236668122210/20251204: sequence item 1: expected str instance, float found","chan":"stdout","logger":"task"}
{"timestamp":"2025-12-07T12:02:39.326849Z","level":"info","event":"https://cdn.tsetmc.com/api/Shareholder/25559236668122210/20251205","chan":"stdout","logger":"task"}
{"timestamp":"2025-12-07T12:02:39.389187","level":"warning","event":"Unverified HTTPS request is being made to host 'cdn.tsetmc.com'. Adding certificate verification is strongly advised. See: https://urllib3.readthedocs.io/en/latest/advanced-usage.html#tls-warnings","category":"InsecureRequestWarning","filename":"/home/airflow/.local/lib/python3.12/site-packages/urllib3/connectionpool.py","lineno":1097,"logger":"py.warnings"}
{"timestamp":"2025-12-07T12:02:39.439149Z","level":"info","event":"Failed to fetch https://cdn.tsetmc.com/api/Shareholder/25559236668122210/20251205: sequence item 1: expected str instance, float found","chan":"stdout","logger":"task"}
{"timestamp":"2025-12-07T12:02:39.439725Z","level":"info","event":"https://cdn.tsetmc.com/api/Shareholder/25559236668122210/20251206","chan":"stdout","logger":"task"}
{"timestamp":"2025-12-07T12:02:39.492119","level":"warning","event":"Unverified HTTPS request is being made to host 'cdn.tsetmc.com'. Adding certificate verification is strongly advised. See: https://urllib3.readthedocs.io/en/latest/advanced-usage.html#tls-warnings","category":"InsecureRequestWarning","filename":"/home/airflow/.local/lib/python3.12/site-packages/urllib3/connectionpool.py","lineno":1097,"logger":"py.warnings"}
{"timestamp":"2025-12-07T12:02:39.504585Z","level":"info","event":"Failed to fetch https://cdn.tsetmc.com/api/Shareholder/25559236668122210/20251206: sequence item 1: expected str instance, float found","chan":"stdout","logger":"task"}
{"timestamp":"2025-12-07T12:02:39.505271Z","level":"info","event":"https://cdn.tsetmc.com/api/Shareholder/25559236668122210/20251207","chan":"stdout","logger":"task"}
{"timestamp":"2025-12-07T12:02:39.583665","level":"warning","event":"Unverified HTTPS request is being made to host 'cdn.tsetmc.com'. Adding certificate verification is strongly advised. See: https://urllib3.readthedocs.io/en/latest/advanced-usage.html#tls-warnings","category":"InsecureRequestWarning","filename":"/home/airflow/.local/lib/python3.12/site-packages/urllib3/connectionpool.py","lineno":1097,"logger":"py.warnings"}
{"timestamp":"2025-12-07T12:02:39.607372Z","level":"info","event":"Failed to fetch https://cdn.tsetmc.com/api/Shareholder/25559236668122210/20251207: sequence item 1: expected str instance, float found","chan":"stdout","logger":"task"}
{"timestamp":"2025-12-07T12:02:39.608036Z","level":"info","event":"https://cdn.tsetmc.com/api/Shareholder/17914401175772326/20251127","chan":"stdout","logger":"task"}
{"timestamp":"2025-12-07T12:02:39.673448","level":"warning","event":"Unverified HTTPS request is being made to host 'cdn.tsetmc.com'. Adding certificate verification is strongly advised. See: https://urllib3.readthedocs.io/en/latest/advanced-usage.html#tls-warnings","category":"InsecureRequestWarning","filename":"/home/airflow/.local/lib/python3.12/site-packages/urllib3/connectionpool.py","lineno":1097,"logger":"py.warnings"}
{"timestamp":"2025-12-07T12:02:39.726696Z","level":"info","event":"Failed to fetch https://cdn.tsetmc.com/api/Shareholder/17914401175772326/20251127: sequence item 1: expected str instance, float found","chan":"stdout","logger":"task"}
{"timestamp":"2025-12-07T12:02:39.727325Z","level":"info","event":"https://cdn.tsetmc.com/api/Shareholder/17914401175772326/20251128","chan":"stdout","logger":"task"}
{"timestamp":"2025-12-07T12:02:40.799965","level":"warning","event":"Unverified HTTPS request is being made to host 'cdn.tsetmc.com'. Adding certificate verification is strongly advised. See: https://urllib3.readthedocs.io/en/latest/advanced-usage.html#tls-warnings","category":"InsecureRequestWarning","filename":"/home/airflow/.local/lib/python3.12/site-packages/urllib3/connectionpool.py","lineno":1097,"logger":"py.warnings"}
{"timestamp":"2025-12-07T12:02:40.823638Z","level":"info","event":"Failed to fetch https://cdn.tsetmc.com/api/Shareholder/17914401175772326/20251128: sequence item 1: expected str instance, float found","chan":"stdout","logger":"task"}
{"timestamp":"2025-12-07T12:02:40.824291Z","level":"info","event":"https://cdn.tsetmc.com/api/Shareholder/17914401175772326/20251129","chan":"stdout","logger":"task"}
{"timestamp":"2025-12-07T12:02:40.920726","level":"warning","event":"Unverified HTTPS request is being made to host 'cdn.tsetmc.com'. Adding certificate verification is strongly advised. See: https://urllib3.readthedocs.io/en/latest/advanced-usage.html#tls-warnings","category":"InsecureRequestWarning","filename":"/home/airflow/.local/lib/python3.12/site-packages/urllib3/connectionpool.py","lineno":1097,"logger":"py.warnings"}
{"timestamp":"2025-12-07T12:02:40.947310Z","level":"info","event":"Failed to fetch https://cdn.tsetmc.com/api/Shareholder/17914401175772326/20251129: sequence item 1: expected str instance, float found","chan":"stdout","logger":"task"}
{"timestamp":"2025-12-07T12:02:40.947830Z","level":"info","event":"https://cdn.tsetmc.com/api/Shareholder/17914401175772326/20251130","chan":"stdout","logger":"task"}
{"timestamp":"2025-12-07T12:02:41.025821","level":"warning","event":"Unverified HTTPS request is being made to host 'cdn.tsetmc.com'. Adding certificate verification is strongly advised. See: https://urllib3.readthedocs.io/en/latest/advanced-usage.html#tls-warnings","category":"InsecureRequestWarning","filename":"/home/airflow/.local/lib/python3.12/site-packages/urllib3/connectionpool.py","lineno":1097,"logger":"py.warnings"}
{"timestamp":"2025-12-07T12:02:41.090217Z","level":"info","event":"Failed to fetch https://cdn.tsetmc.com/api/Shareholder/17914401175772326/20251130: sequence item 1: expected str instance, float found","chan":"stdout","logger":"task"}
{"timestamp":"2025-12-07T12:02:41.091898Z","level":"info","event":"https://cdn.tsetmc.com/api/Shareholder/17914401175772326/20251201","chan":"stdout","logger":"task"}
{"timestamp":"2025-12-07T12:02:41.158142","level":"warning","event":"Unverified HTTPS request is being made to host 'cdn.tsetmc.com'. Adding certificate verification is strongly advised. See: https://urllib3.readthedocs.io/en/latest/advanced-usage.html#tls-warnings","category":"InsecureRequestWarning","filename":"/home/airflow/.local/lib/python3.12/site-packages/urllib3/connectionpool.py","lineno":1097,"logger":"py.warnings"}
{"timestamp":"2025-12-07T12:02:41.175595Z","level":"info","event":"Failed to fetch https://cdn.tsetmc.com/api/Shareholder/17914401175772326/20251201: sequence item 1: expected str instance, float found","chan":"stdout","logger":"task"}
{"timestamp":"2025-12-07T12:02:41.176113Z","level":"info","event":"https://cdn.tsetmc.com/api/Shareholder/17914401175772326/20251202","chan":"stdout","logger":"task"}
{"timestamp":"2025-12-07T12:02:41.258388","level":"warning","event":"Unverified HTTPS request is being made to host 'cdn.tsetmc.com'. Adding certificate verification is strongly advised. See: https://urllib3.readthedocs.io/en/latest/advanced-usage.html#tls-warnings","category":"InsecureRequestWarning","filename":"/home/airflow/.local/lib/python3.12/site-packages/urllib3/connectionpool.py","lineno":1097,"logger":"py.warnings"}
{"timestamp":"2025-12-07T12:02:41.279794Z","level":"info","event":"Failed to fetch https://cdn.tsetmc.com/api/Shareholder/17914401175772326/20251202: sequence item 1: expected str instance, float found","chan":"stdout","logger":"task"}
{"timestamp":"2025-12-07T12:02:41.280398Z","level":"info","event":"https://cdn.tsetmc.com/api/Shareholder/17914401175772326/20251203","chan":"stdout","logger":"task"}
{"timestamp":"2025-12-07T12:02:41.343512","level":"warning","event":"Unverified HTTPS request is being made to host 'cdn.tsetmc.com'. Adding certificate verification is strongly advised. See: https://urllib3.readthedocs.io/en/latest/advanced-usage.html#tls-warnings","category":"InsecureRequestWarning","filename":"/home/airflow/.local/lib/python3.12/site-packages/urllib3/connectionpool.py","lineno":1097,"logger":"py.warnings"}
{"timestamp":"2025-12-07T12:02:41.393170Z","level":"info","event":"Failed to fetch https://cdn.tsetmc.com/api/Shareholder/17914401175772326/20251203: sequence item 1: expected str instance, float found","chan":"stdout","logger":"task"}
{"timestamp":"2025-12-07T12:02:41.393754Z","level":"info","event":"https://cdn.tsetmc.com/api/Shareholder/17914401175772326/20251204","chan":"stdout","logger":"task"}
{"timestamp":"2025-12-07T12:02:41.457360","level":"warning","event":"Unverified HTTPS request is being made to host 'cdn.tsetmc.com'. Adding certificate verification is strongly advised. See: https://urllib3.readthedocs.io/en/latest/advanced-usage.html#tls-warnings","category":"InsecureRequestWarning","filename":"/home/airflow/.local/lib/python3.12/site-packages/urllib3/connectionpool.py","lineno":1097,"logger":"py.warnings"}
{"timestamp":"2025-12-07T12:02:41.472733Z","level":"info","event":"Failed to fetch https://cdn.tsetmc.com/api/Shareholder/17914401175772326/20251204: sequence item 1: expected str instance, float found","chan":"stdout","logger":"task"}
{"timestamp":"2025-12-07T12:02:41.473324Z","level":"info","event":"https://cdn.tsetmc.com/api/Shareholder/17914401175772326/20251205","chan":"stdout","logger":"task"}
{"timestamp":"2025-12-07T12:02:41.550810","level":"warning","event":"Unverified HTTPS request is being made to host 'cdn.tsetmc.com'. Adding certificate verification is strongly advised. See: https://urllib3.readthedocs.io/en/latest/advanced-usage.html#tls-warnings","category":"InsecureRequestWarning","filename":"/home/airflow/.local/lib/python3.12/site-packages/urllib3/connectionpool.py","lineno":1097,"logger":"py.warnings"}
{"timestamp":"2025-12-07T12:02:41.579458Z","level":"info","event":"Failed to fetch https://cdn.tsetmc.com/api/Shareholder/17914401175772326/20251205: sequence item 1: expected str instance, float found","chan":"stdout","logger":"task"}
{"timestamp":"2025-12-07T12:02:41.580154Z","level":"info","event":"https://cdn.tsetmc.com/api/Shareholder/17914401175772326/20251206","chan":"stdout","logger":"task"}
{"timestamp":"2025-12-07T12:02:41.657041","level":"warning","event":"Unverified HTTPS request is being made to host 'cdn.tsetmc.com'. Adding certificate verification is strongly advised. See: https://urllib3.readthedocs.io/en/latest/advanced-usage.html#tls-warnings","category":"InsecureRequestWarning","filename":"/home/airflow/.local/lib/python3.12/site-packages/urllib3/connectionpool.py","lineno":1097,"logger":"py.warnings"}
{"timestamp":"2025-12-07T12:02:41.730158Z","level":"info","event":"Failed to fetch https://cdn.tsetmc.com/api/Shareholder/17914401175772326/20251206: sequence item 1: expected str instance, float found","chan":"stdout","logger":"task"}
{"timestamp":"2025-12-07T12:02:41.730596Z","level":"info","event":"https://cdn.tsetmc.com/api/Shareholder/17914401175772326/20251207","chan":"stdout","logger":"task"}
{"timestamp":"2025-12-07T12:02:41.801674","level":"warning","event":"Unverified HTTPS request is being made to host 'cdn.tsetmc.com'. Adding certificate verification is strongly advised. See: https://urllib3.readthedocs.io/en/latest/advanced-usage.html#tls-warnings","category":"InsecureRequestWarning","filename":"/home/airflow/.local/lib/python3.12/site-packages/urllib3/connectionpool.py","lineno":1097,"logger":"py.warnings"}
{"timestamp":"2025-12-07T12:02:41.818152Z","level":"info","event":"Failed to fetch https://cdn.tsetmc.com/api/Shareholder/17914401175772326/20251207: sequence item 1: expected str instance, float found","chan":"stdout","logger":"task"}
{"timestamp":"2025-12-07T12:02:41.820915","level":"info","event":"Done. Returned value was: []","logger":"airflow.task.operators.airflow.providers.standard.decorators.python._PythonDecoratedOperator"}
{"timestamp":"2025-12-07T12:02:41.821595","level":"info","event":"Pushing xcom","ti":"RuntimeTaskInstance(id=UUID('019af8b1-31ad-7ae0-b1b3-9038f626548d'), task_id='fetch_and_save_csv', dag_id='tsetmc_data_pipeline', run_id='manual__2025-12-07T10:15:14.103735+00:00', try_number=7, map_index=-1, hostname='da7b7117e734', context_carrier=None, task=<Task(_PythonDecoratedOperator): fetch_and_save_csv>, bundle_instance=LocalDagBundle(name=dags-folder), max_tries=9, start_date=datetime.datetime(2025, 12, 7, 12, 2, 34, 143828, tzinfo=datetime.timezone.utc), end_date=None, state=<TaskInstanceState.RUNNING: 'running'>, is_mapped=False, rendered_map_index=None, log_url='http://localhost:8080/dags/tsetmc_data_pipeline/runs/manual__2025-12-07T10%3A15%3A14.103735%2B00%3A00/tasks/fetch_and_save_csv?try_number=7')","logger":"task"}
