{"timestamp":"2025-12-07T10:15:42.918274","level":"info","event":"DAG bundles loaded: dags-folder","logger":"airflow.dag_processing.bundles.manager.DagBundlesManager"}
{"timestamp":"2025-12-07T10:15:42.919259","level":"info","event":"Filling up the DagBag from /opt/airflow/dags/tsetmc_history_dag.py","logger":"airflow.models.dagbag.DagBag"}
{"timestamp":"2025-12-07T10:15:44.246743Z","level":"info","event":"https://tsetmc.com/History/34144395039913458/20251107","chan":"stdout","logger":"task"}
{"timestamp":"2025-12-07T10:15:44.306798Z","level":"info","event":"Failed to fetch https://tsetmc.com/History/34144395039913458/20251107: HTTPSConnectionPool(host='tsetmc.com', port=443): Max retries exceeded with url: /History/34144395039913458/20251107 (Caused by SSLError(SSLCertVerificationError(1, '[SSL: CERTIFICATE_VERIFY_FAILED] certificate verify failed: unable to get local issuer certificate (_ssl.c:1010)')))","chan":"stdout","logger":"task"}
{"timestamp":"2025-12-07T10:15:44.307625Z","level":"info","event":"https://tsetmc.com/History/34144395039913458/20251108","chan":"stdout","logger":"task"}
{"timestamp":"2025-12-07T10:15:44.355076Z","level":"info","event":"[]","chan":"stdout","logger":"task"}
{"timestamp":"2025-12-07T10:15:44.355755Z","level":"info","event":"https://tsetmc.com/History/34144395039913458/20251109","chan":"stdout","logger":"task"}
{"timestamp":"2025-12-07T10:15:44.441675Z","level":"info","event":"[]","chan":"stdout","logger":"task"}
{"timestamp":"2025-12-07T10:15:44.477006Z","level":"info","event":"https://tsetmc.com/History/34144395039913458/20251110","chan":"stdout","logger":"task"}
{"timestamp":"2025-12-07T10:15:44.488313Z","level":"info","event":"Failed to fetch https://tsetmc.com/History/34144395039913458/20251110: HTTPSConnectionPool(host='tsetmc.com', port=443): Max retries exceeded with url: /History/34144395039913458/20251110 (Caused by SSLError(SSLCertVerificationError(1, '[SSL: CERTIFICATE_VERIFY_FAILED] certificate verify failed: unable to get local issuer certificate (_ssl.c:1010)')))","chan":"stdout","logger":"task"}
{"timestamp":"2025-12-07T10:15:44.489069Z","level":"info","event":"https://tsetmc.com/History/34144395039913458/20251111","chan":"stdout","logger":"task"}
{"timestamp":"2025-12-07T10:15:44.521349Z","level":"info","event":"[]","chan":"stdout","logger":"task"}
{"timestamp":"2025-12-07T10:15:44.522062Z","level":"info","event":"https://tsetmc.com/History/34144395039913458/20251112","chan":"stdout","logger":"task"}
{"timestamp":"2025-12-07T10:15:44.550613Z","level":"info","event":"[]","chan":"stdout","logger":"task"}
{"timestamp":"2025-12-07T10:15:44.551231Z","level":"info","event":"https://tsetmc.com/History/34144395039913458/20251113","chan":"stdout","logger":"task"}
{"timestamp":"2025-12-07T10:15:44.595071Z","level":"info","event":"Failed to fetch https://tsetmc.com/History/34144395039913458/20251113: HTTPSConnectionPool(host='tsetmc.com', port=443): Max retries exceeded with url: /History/34144395039913458/20251113 (Caused by SSLError(SSLCertVerificationError(1, '[SSL: CERTIFICATE_VERIFY_FAILED] certificate verify failed: unable to get local issuer certificate (_ssl.c:1010)')))","chan":"stdout","logger":"task"}
{"timestamp":"2025-12-07T10:15:44.595676Z","level":"info","event":"https://tsetmc.com/History/34144395039913458/20251114","chan":"stdout","logger":"task"}
{"timestamp":"2025-12-07T10:15:44.626450Z","level":"info","event":"[]","chan":"stdout","logger":"task"}
{"timestamp":"2025-12-07T10:15:44.627066Z","level":"info","event":"https://tsetmc.com/History/34144395039913458/20251115","chan":"stdout","logger":"task"}
{"timestamp":"2025-12-07T10:15:44.653551Z","level":"info","event":"[]","chan":"stdout","logger":"task"}
{"timestamp":"2025-12-07T10:15:44.654201Z","level":"info","event":"https://tsetmc.com/History/34144395039913458/20251116","chan":"stdout","logger":"task"}
{"timestamp":"2025-12-07T10:15:44.700287Z","level":"info","event":"Failed to fetch https://tsetmc.com/History/34144395039913458/20251116: HTTPSConnectionPool(host='tsetmc.com', port=443): Max retries exceeded with url: /History/34144395039913458/20251116 (Caused by SSLError(SSLCertVerificationError(1, '[SSL: CERTIFICATE_VERIFY_FAILED] certificate verify failed: unable to get local issuer certificate (_ssl.c:1010)')))","chan":"stdout","logger":"task"}
{"timestamp":"2025-12-07T10:15:44.701110Z","level":"info","event":"https://tsetmc.com/History/34144395039913458/20251117","chan":"stdout","logger":"task"}
{"timestamp":"2025-12-07T10:15:44.740719Z","level":"info","event":"[]","chan":"stdout","logger":"task"}
{"timestamp":"2025-12-07T10:15:44.741425Z","level":"info","event":"https://tsetmc.com/History/34144395039913458/20251118","chan":"stdout","logger":"task"}
{"timestamp":"2025-12-07T10:15:44.775985Z","level":"info","event":"[]","chan":"stdout","logger":"task"}
{"timestamp":"2025-12-07T10:15:44.776645Z","level":"info","event":"https://tsetmc.com/History/34144395039913458/20251119","chan":"stdout","logger":"task"}
{"timestamp":"2025-12-07T10:15:44.817056Z","level":"info","event":"Failed to fetch https://tsetmc.com/History/34144395039913458/20251119: HTTPSConnectionPool(host='tsetmc.com', port=443): Max retries exceeded with url: /History/34144395039913458/20251119 (Caused by SSLError(SSLCertVerificationError(1, '[SSL: CERTIFICATE_VERIFY_FAILED] certificate verify failed: unable to get local issuer certificate (_ssl.c:1010)')))","chan":"stdout","logger":"task"}
{"timestamp":"2025-12-07T10:15:44.817658Z","level":"info","event":"https://tsetmc.com/History/34144395039913458/20251120","chan":"stdout","logger":"task"}
{"timestamp":"2025-12-07T10:15:44.845563Z","level":"info","event":"[]","chan":"stdout","logger":"task"}
{"timestamp":"2025-12-07T10:15:44.846268Z","level":"info","event":"https://tsetmc.com/History/34144395039913458/20251121","chan":"stdout","logger":"task"}
{"timestamp":"2025-12-07T10:15:45.046789Z","level":"info","event":"[]","chan":"stdout","logger":"task"}
{"timestamp":"2025-12-07T10:15:45.047345Z","level":"info","event":"https://tsetmc.com/History/34144395039913458/20251122","chan":"stdout","logger":"task"}
{"timestamp":"2025-12-07T10:15:45.088900Z","level":"info","event":"Failed to fetch https://tsetmc.com/History/34144395039913458/20251122: HTTPSConnectionPool(host='tsetmc.com', port=443): Max retries exceeded with url: /History/34144395039913458/20251122 (Caused by SSLError(SSLCertVerificationError(1, '[SSL: CERTIFICATE_VERIFY_FAILED] certificate verify failed: unable to get local issuer certificate (_ssl.c:1010)')))","chan":"stdout","logger":"task"}
{"timestamp":"2025-12-07T10:15:45.089551Z","level":"info","event":"https://tsetmc.com/History/34144395039913458/20251123","chan":"stdout","logger":"task"}
{"timestamp":"2025-12-07T10:15:45.119855Z","level":"info","event":"[]","chan":"stdout","logger":"task"}
{"timestamp":"2025-12-07T10:15:45.120642Z","level":"info","event":"https://tsetmc.com/History/34144395039913458/20251124","chan":"stdout","logger":"task"}
{"timestamp":"2025-12-07T10:15:45.150036Z","level":"info","event":"[]","chan":"stdout","logger":"task"}
{"timestamp":"2025-12-07T10:15:45.150680Z","level":"info","event":"https://tsetmc.com/History/34144395039913458/20251125","chan":"stdout","logger":"task"}
{"timestamp":"2025-12-07T10:15:45.194531Z","level":"info","event":"Failed to fetch https://tsetmc.com/History/34144395039913458/20251125: HTTPSConnectionPool(host='tsetmc.com', port=443): Max retries exceeded with url: /History/34144395039913458/20251125 (Caused by SSLError(SSLCertVerificationError(1, '[SSL: CERTIFICATE_VERIFY_FAILED] certificate verify failed: unable to get local issuer certificate (_ssl.c:1010)')))","chan":"stdout","logger":"task"}
{"timestamp":"2025-12-07T10:15:45.195051Z","level":"info","event":"https://tsetmc.com/History/34144395039913458/20251126","chan":"stdout","logger":"task"}
{"timestamp":"2025-12-07T10:15:45.225131Z","level":"info","event":"[]","chan":"stdout","logger":"task"}
{"timestamp":"2025-12-07T10:15:45.225792Z","level":"info","event":"https://tsetmc.com/History/34144395039913458/20251127","chan":"stdout","logger":"task"}
{"timestamp":"2025-12-07T10:15:45.252345Z","level":"info","event":"[]","chan":"stdout","logger":"task"}
{"timestamp":"2025-12-07T10:15:45.253066Z","level":"info","event":"https://tsetmc.com/History/34144395039913458/20251128","chan":"stdout","logger":"task"}
{"timestamp":"2025-12-07T10:15:45.297116Z","level":"info","event":"Failed to fetch https://tsetmc.com/History/34144395039913458/20251128: HTTPSConnectionPool(host='tsetmc.com', port=443): Max retries exceeded with url: /History/34144395039913458/20251128 (Caused by SSLError(SSLCertVerificationError(1, '[SSL: CERTIFICATE_VERIFY_FAILED] certificate verify failed: unable to get local issuer certificate (_ssl.c:1010)')))","chan":"stdout","logger":"task"}
{"timestamp":"2025-12-07T10:15:45.297784Z","level":"info","event":"https://tsetmc.com/History/34144395039913458/20251129","chan":"stdout","logger":"task"}
{"timestamp":"2025-12-07T10:15:45.328750Z","level":"info","event":"[]","chan":"stdout","logger":"task"}
{"timestamp":"2025-12-07T10:15:45.329426Z","level":"info","event":"https://tsetmc.com/History/34144395039913458/20251130","chan":"stdout","logger":"task"}
{"timestamp":"2025-12-07T10:15:45.361178Z","level":"info","event":"[]","chan":"stdout","logger":"task"}
{"timestamp":"2025-12-07T10:15:45.361809Z","level":"info","event":"https://tsetmc.com/History/34144395039913458/20251201","chan":"stdout","logger":"task"}
{"timestamp":"2025-12-07T10:15:45.387386Z","level":"info","event":"[]","chan":"stdout","logger":"task"}
{"timestamp":"2025-12-07T10:15:45.388284Z","level":"info","event":"https://tsetmc.com/History/34144395039913458/20251202","chan":"stdout","logger":"task"}
{"timestamp":"2025-12-07T10:15:45.432535Z","level":"info","event":"Failed to fetch https://tsetmc.com/History/34144395039913458/20251202: HTTPSConnectionPool(host='tsetmc.com', port=443): Max retries exceeded with url: /History/34144395039913458/20251202 (Caused by SSLError(SSLCertVerificationError(1, '[SSL: CERTIFICATE_VERIFY_FAILED] certificate verify failed: unable to get local issuer certificate (_ssl.c:1010)')))","chan":"stdout","logger":"task"}
{"timestamp":"2025-12-07T10:15:45.433186Z","level":"info","event":"https://tsetmc.com/History/34144395039913458/20251203","chan":"stdout","logger":"task"}
{"timestamp":"2025-12-07T10:15:45.460723Z","level":"info","event":"[]","chan":"stdout","logger":"task"}
{"timestamp":"2025-12-07T10:15:45.461350Z","level":"info","event":"https://tsetmc.com/History/34144395039913458/20251204","chan":"stdout","logger":"task"}
{"timestamp":"2025-12-07T10:15:45.487522Z","level":"info","event":"[]","chan":"stdout","logger":"task"}
{"timestamp":"2025-12-07T10:15:45.488317Z","level":"info","event":"https://tsetmc.com/History/34144395039913458/20251205","chan":"stdout","logger":"task"}
{"timestamp":"2025-12-07T10:15:45.531332Z","level":"info","event":"Failed to fetch https://tsetmc.com/History/34144395039913458/20251205: HTTPSConnectionPool(host='tsetmc.com', port=443): Max retries exceeded with url: /History/34144395039913458/20251205 (Caused by SSLError(SSLCertVerificationError(1, '[SSL: CERTIFICATE_VERIFY_FAILED] certificate verify failed: unable to get local issuer certificate (_ssl.c:1010)')))","chan":"stdout","logger":"task"}
{"timestamp":"2025-12-07T10:15:45.532015Z","level":"info","event":"https://tsetmc.com/History/34144395039913458/20251206","chan":"stdout","logger":"task"}
{"timestamp":"2025-12-07T10:15:45.558637Z","level":"info","event":"[]","chan":"stdout","logger":"task"}
{"timestamp":"2025-12-07T10:15:45.559305Z","level":"info","event":"https://tsetmc.com/History/34144395039913458/20251207","chan":"stdout","logger":"task"}
{"timestamp":"2025-12-07T10:15:45.596778Z","level":"info","event":"[]","chan":"stdout","logger":"task"}
{"timestamp":"2025-12-07T10:15:45.597473Z","level":"info","event":"https://tsetmc.com/History/26014913469567886/20251107","chan":"stdout","logger":"task"}
{"timestamp":"2025-12-07T10:15:45.643935Z","level":"info","event":"Failed to fetch https://tsetmc.com/History/26014913469567886/20251107: HTTPSConnectionPool(host='tsetmc.com', port=443): Max retries exceeded with url: /History/26014913469567886/20251107 (Caused by SSLError(SSLCertVerificationError(1, '[SSL: CERTIFICATE_VERIFY_FAILED] certificate verify failed: unable to get local issuer certificate (_ssl.c:1010)')))","chan":"stdout","logger":"task"}
{"timestamp":"2025-12-07T10:15:45.644559Z","level":"info","event":"https://tsetmc.com/History/26014913469567886/20251108","chan":"stdout","logger":"task"}
{"timestamp":"2025-12-07T10:15:45.699016Z","level":"info","event":"[]","chan":"stdout","logger":"task"}
{"timestamp":"2025-12-07T10:15:45.699618Z","level":"info","event":"https://tsetmc.com/History/26014913469567886/20251109","chan":"stdout","logger":"task"}
{"timestamp":"2025-12-07T10:15:45.735155Z","level":"info","event":"[]","chan":"stdout","logger":"task"}
{"timestamp":"2025-12-07T10:15:45.793894Z","level":"info","event":"https://tsetmc.com/History/26014913469567886/20251110","chan":"stdout","logger":"task"}
{"timestamp":"2025-12-07T10:15:45.794678Z","level":"info","event":"Failed to fetch https://tsetmc.com/History/26014913469567886/20251110: HTTPSConnectionPool(host='tsetmc.com', port=443): Max retries exceeded with url: /History/26014913469567886/20251110 (Caused by SSLError(SSLCertVerificationError(1, '[SSL: CERTIFICATE_VERIFY_FAILED] certificate verify failed: unable to get local issuer certificate (_ssl.c:1010)')))","chan":"stdout","logger":"task"}
{"timestamp":"2025-12-07T10:15:45.795263Z","level":"info","event":"https://tsetmc.com/History/26014913469567886/20251111","chan":"stdout","logger":"task"}
{"timestamp":"2025-12-07T10:15:45.831207Z","level":"info","event":"[]","chan":"stdout","logger":"task"}
{"timestamp":"2025-12-07T10:15:45.831835Z","level":"info","event":"https://tsetmc.com/History/26014913469567886/20251112","chan":"stdout","logger":"task"}
{"timestamp":"2025-12-07T10:15:45.860398Z","level":"info","event":"[]","chan":"stdout","logger":"task"}
{"timestamp":"2025-12-07T10:15:45.861082Z","level":"info","event":"https://tsetmc.com/History/26014913469567886/20251113","chan":"stdout","logger":"task"}
{"timestamp":"2025-12-07T10:15:45.899981Z","level":"info","event":"Failed to fetch https://tsetmc.com/History/26014913469567886/20251113: HTTPSConnectionPool(host='tsetmc.com', port=443): Max retries exceeded with url: /History/26014913469567886/20251113 (Caused by SSLError(SSLCertVerificationError(1, '[SSL: CERTIFICATE_VERIFY_FAILED] certificate verify failed: unable to get local issuer certificate (_ssl.c:1010)')))","chan":"stdout","logger":"task"}
{"timestamp":"2025-12-07T10:15:45.900657Z","level":"info","event":"https://tsetmc.com/History/26014913469567886/20251114","chan":"stdout","logger":"task"}
{"timestamp":"2025-12-07T10:15:45.933172Z","level":"info","event":"[]","chan":"stdout","logger":"task"}
{"timestamp":"2025-12-07T10:15:45.933824Z","level":"info","event":"https://tsetmc.com/History/26014913469567886/20251115","chan":"stdout","logger":"task"}
{"timestamp":"2025-12-07T10:15:45.962902Z","level":"info","event":"[]","chan":"stdout","logger":"task"}
{"timestamp":"2025-12-07T10:15:45.963531Z","level":"info","event":"https://tsetmc.com/History/26014913469567886/20251116","chan":"stdout","logger":"task"}
{"timestamp":"2025-12-07T10:15:46.006844Z","level":"info","event":"Failed to fetch https://tsetmc.com/History/26014913469567886/20251116: HTTPSConnectionPool(host='tsetmc.com', port=443): Max retries exceeded with url: /History/26014913469567886/20251116 (Caused by SSLError(SSLCertVerificationError(1, '[SSL: CERTIFICATE_VERIFY_FAILED] certificate verify failed: unable to get local issuer certificate (_ssl.c:1010)')))","chan":"stdout","logger":"task"}
{"timestamp":"2025-12-07T10:15:46.008830Z","level":"info","event":"https://tsetmc.com/History/26014913469567886/20251117","chan":"stdout","logger":"task"}
{"timestamp":"2025-12-07T10:15:46.042592Z","level":"info","event":"[]","chan":"stdout","logger":"task"}
{"timestamp":"2025-12-07T10:15:46.043254Z","level":"info","event":"https://tsetmc.com/History/26014913469567886/20251118","chan":"stdout","logger":"task"}
{"timestamp":"2025-12-07T10:15:46.078165Z","level":"info","event":"[]","chan":"stdout","logger":"task"}
{"timestamp":"2025-12-07T10:15:46.078914Z","level":"info","event":"https://tsetmc.com/History/26014913469567886/20251119","chan":"stdout","logger":"task"}
{"timestamp":"2025-12-07T10:15:46.125744Z","level":"info","event":"Failed to fetch https://tsetmc.com/History/26014913469567886/20251119: HTTPSConnectionPool(host='tsetmc.com', port=443): Max retries exceeded with url: /History/26014913469567886/20251119 (Caused by SSLError(SSLCertVerificationError(1, '[SSL: CERTIFICATE_VERIFY_FAILED] certificate verify failed: unable to get local issuer certificate (_ssl.c:1010)')))","chan":"stdout","logger":"task"}
{"timestamp":"2025-12-07T10:15:46.126382Z","level":"info","event":"https://tsetmc.com/History/26014913469567886/20251120","chan":"stdout","logger":"task"}
{"timestamp":"2025-12-07T10:15:46.172836Z","level":"info","event":"[]","chan":"stdout","logger":"task"}
{"timestamp":"2025-12-07T10:15:46.173547Z","level":"info","event":"https://tsetmc.com/History/26014913469567886/20251121","chan":"stdout","logger":"task"}
{"timestamp":"2025-12-07T10:15:46.218869Z","level":"info","event":"[]","chan":"stdout","logger":"task"}
{"timestamp":"2025-12-07T10:15:46.219520Z","level":"info","event":"https://tsetmc.com/History/26014913469567886/20251122","chan":"stdout","logger":"task"}
{"timestamp":"2025-12-07T10:15:47.311282Z","level":"info","event":"Failed to fetch https://tsetmc.com/History/26014913469567886/20251122: HTTPSConnectionPool(host='tsetmc.com', port=443): Max retries exceeded with url: /History/26014913469567886/20251122 (Caused by SSLError(SSLCertVerificationError(1, '[SSL: CERTIFICATE_VERIFY_FAILED] certificate verify failed: unable to get local issuer certificate (_ssl.c:1010)')))","chan":"stdout","logger":"task"}
{"timestamp":"2025-12-07T10:15:47.312339Z","level":"info","event":"https://tsetmc.com/History/26014913469567886/20251123","chan":"stdout","logger":"task"}
{"timestamp":"2025-12-07T10:15:47.392319Z","level":"info","event":"[]","chan":"stdout","logger":"task"}
{"timestamp":"2025-12-07T10:15:47.393002Z","level":"info","event":"https://tsetmc.com/History/26014913469567886/20251124","chan":"stdout","logger":"task"}
{"timestamp":"2025-12-07T10:15:47.445719Z","level":"info","event":"[]","chan":"stdout","logger":"task"}
{"timestamp":"2025-12-07T10:15:47.446343Z","level":"info","event":"https://tsetmc.com/History/26014913469567886/20251125","chan":"stdout","logger":"task"}
{"timestamp":"2025-12-07T10:15:47.500458Z","level":"info","event":"Failed to fetch https://tsetmc.com/History/26014913469567886/20251125: HTTPSConnectionPool(host='tsetmc.com', port=443): Max retries exceeded with url: /History/26014913469567886/20251125 (Caused by SSLError(SSLCertVerificationError(1, '[SSL: CERTIFICATE_VERIFY_FAILED] certificate verify failed: unable to get local issuer certificate (_ssl.c:1010)')))","chan":"stdout","logger":"task"}
{"timestamp":"2025-12-07T10:15:47.501193Z","level":"info","event":"https://tsetmc.com/History/26014913469567886/20251126","chan":"stdout","logger":"task"}
{"timestamp":"2025-12-07T10:15:47.537879Z","level":"info","event":"[]","chan":"stdout","logger":"task"}
{"timestamp":"2025-12-07T10:15:47.538546Z","level":"info","event":"https://tsetmc.com/History/26014913469567886/20251127","chan":"stdout","logger":"task"}
{"timestamp":"2025-12-07T10:15:47.583601Z","level":"info","event":"[]","chan":"stdout","logger":"task"}
{"timestamp":"2025-12-07T10:15:47.584349Z","level":"info","event":"https://tsetmc.com/History/26014913469567886/20251128","chan":"stdout","logger":"task"}
{"timestamp":"2025-12-07T10:15:47.674241Z","level":"info","event":"Failed to fetch https://tsetmc.com/History/26014913469567886/20251128: HTTPSConnectionPool(host='tsetmc.com', port=443): Max retries exceeded with url: /History/26014913469567886/20251128 (Caused by SSLError(SSLCertVerificationError(1, '[SSL: CERTIFICATE_VERIFY_FAILED] certificate verify failed: unable to get local issuer certificate (_ssl.c:1010)')))","chan":"stdout","logger":"task"}
{"timestamp":"2025-12-07T10:15:47.675079Z","level":"info","event":"https://tsetmc.com/History/26014913469567886/20251129","chan":"stdout","logger":"task"}
{"timestamp":"2025-12-07T10:15:47.706087Z","level":"info","event":"[]","chan":"stdout","logger":"task"}
{"timestamp":"2025-12-07T10:15:47.706868Z","level":"info","event":"https://tsetmc.com/History/26014913469567886/20251130","chan":"stdout","logger":"task"}
{"timestamp":"2025-12-07T10:15:47.734114Z","level":"info","event":"[]","chan":"stdout","logger":"task"}
{"timestamp":"2025-12-07T10:15:47.734743Z","level":"info","event":"https://tsetmc.com/History/26014913469567886/20251201","chan":"stdout","logger":"task"}
{"timestamp":"2025-12-07T10:15:47.789151Z","level":"info","event":"Failed to fetch https://tsetmc.com/History/26014913469567886/20251201: HTTPSConnectionPool(host='tsetmc.com', port=443): Max retries exceeded with url: /History/26014913469567886/20251201 (Caused by SSLError(SSLCertVerificationError(1, '[SSL: CERTIFICATE_VERIFY_FAILED] certificate verify failed: unable to get local issuer certificate (_ssl.c:1010)')))","chan":"stdout","logger":"task"}
{"timestamp":"2025-12-07T10:15:47.789866Z","level":"info","event":"https://tsetmc.com/History/26014913469567886/20251202","chan":"stdout","logger":"task"}
{"timestamp":"2025-12-07T10:15:47.820800Z","level":"info","event":"[]","chan":"stdout","logger":"task"}
{"timestamp":"2025-12-07T10:15:47.821464Z","level":"info","event":"https://tsetmc.com/History/26014913469567886/20251203","chan":"stdout","logger":"task"}
{"timestamp":"2025-12-07T10:15:47.849238Z","level":"info","event":"[]","chan":"stdout","logger":"task"}
{"timestamp":"2025-12-07T10:15:47.850070Z","level":"info","event":"https://tsetmc.com/History/26014913469567886/20251204","chan":"stdout","logger":"task"}
{"timestamp":"2025-12-07T10:15:47.897496Z","level":"info","event":"Failed to fetch https://tsetmc.com/History/26014913469567886/20251204: HTTPSConnectionPool(host='tsetmc.com', port=443): Max retries exceeded with url: /History/26014913469567886/20251204 (Caused by SSLError(SSLCertVerificationError(1, '[SSL: CERTIFICATE_VERIFY_FAILED] certificate verify failed: unable to get local issuer certificate (_ssl.c:1010)')))","chan":"stdout","logger":"task"}
{"timestamp":"2025-12-07T10:15:47.898273Z","level":"info","event":"https://tsetmc.com/History/26014913469567886/20251205","chan":"stdout","logger":"task"}
{"timestamp":"2025-12-07T10:15:47.930138Z","level":"info","event":"[]","chan":"stdout","logger":"task"}
{"timestamp":"2025-12-07T10:15:47.930780Z","level":"info","event":"https://tsetmc.com/History/26014913469567886/20251206","chan":"stdout","logger":"task"}
{"timestamp":"2025-12-07T10:15:48.751501Z","level":"info","event":"[]","chan":"stdout","logger":"task"}
{"timestamp":"2025-12-07T10:15:48.752023Z","level":"info","event":"https://tsetmc.com/History/26014913469567886/20251207","chan":"stdout","logger":"task"}
{"timestamp":"2025-12-07T10:15:48.752427Z","level":"info","event":"Failed to fetch https://tsetmc.com/History/26014913469567886/20251207: HTTPSConnectionPool(host='tsetmc.com', port=443): Max retries exceeded with url: /History/26014913469567886/20251207 (Caused by SSLError(SSLCertVerificationError(1, '[SSL: CERTIFICATE_VERIFY_FAILED] certificate verify failed: unable to get local issuer certificate (_ssl.c:1010)')))","chan":"stdout","logger":"task"}
{"timestamp":"2025-12-07T10:15:48.752882Z","level":"info","event":"https://tsetmc.com/History/26014913469567886/20251107","chan":"stdout","logger":"task"}
{"timestamp":"2025-12-07T10:15:48.753276Z","level":"info","event":"[]","chan":"stdout","logger":"task"}
{"timestamp":"2025-12-07T10:15:48.753660Z","level":"info","event":"https://tsetmc.com/History/26014913469567886/20251108","chan":"stdout","logger":"task"}
{"timestamp":"2025-12-07T10:15:48.754063Z","level":"info","event":"[]","chan":"stdout","logger":"task"}
{"timestamp":"2025-12-07T10:15:48.754457Z","level":"info","event":"https://tsetmc.com/History/26014913469567886/20251109","chan":"stdout","logger":"task"}
{"timestamp":"2025-12-07T10:15:48.754827Z","level":"info","event":"Failed to fetch https://tsetmc.com/History/26014913469567886/20251109: HTTPSConnectionPool(host='tsetmc.com', port=443): Max retries exceeded with url: /History/26014913469567886/20251109 (Caused by SSLError(SSLCertVerificationError(1, '[SSL: CERTIFICATE_VERIFY_FAILED] certificate verify failed: unable to get local issuer certificate (_ssl.c:1010)')))","chan":"stdout","logger":"task"}
{"timestamp":"2025-12-07T10:15:48.755207Z","level":"info","event":"https://tsetmc.com/History/26014913469567886/20251110","chan":"stdout","logger":"task"}
{"timestamp":"2025-12-07T10:15:48.755510Z","level":"info","event":"[]","chan":"stdout","logger":"task"}
{"timestamp":"2025-12-07T10:15:48.755782Z","level":"info","event":"https://tsetmc.com/History/26014913469567886/20251111","chan":"stdout","logger":"task"}
{"timestamp":"2025-12-07T10:15:48.756051Z","level":"info","event":"[]","chan":"stdout","logger":"task"}
{"timestamp":"2025-12-07T10:15:48.756361Z","level":"info","event":"https://tsetmc.com/History/26014913469567886/20251112","chan":"stdout","logger":"task"}
{"timestamp":"2025-12-07T10:15:48.756667Z","level":"info","event":"Failed to fetch https://tsetmc.com/History/26014913469567886/20251112: HTTPSConnectionPool(host='tsetmc.com', port=443): Max retries exceeded with url: /History/26014913469567886/20251112 (Caused by SSLError(SSLCertVerificationError(1, '[SSL: CERTIFICATE_VERIFY_FAILED] certificate verify failed: unable to get local issuer certificate (_ssl.c:1010)')))","chan":"stdout","logger":"task"}
{"timestamp":"2025-12-07T10:15:48.756959Z","level":"info","event":"https://tsetmc.com/History/26014913469567886/20251113","chan":"stdout","logger":"task"}
{"timestamp":"2025-12-07T10:15:48.757245Z","level":"info","event":"[]","chan":"stdout","logger":"task"}
{"timestamp":"2025-12-07T10:15:48.757663Z","level":"info","event":"https://tsetmc.com/History/26014913469567886/20251114","chan":"stdout","logger":"task"}
{"timestamp":"2025-12-07T10:15:48.758090Z","level":"info","event":"[]","chan":"stdout","logger":"task"}
{"timestamp":"2025-12-07T10:15:48.758490Z","level":"info","event":"https://tsetmc.com/History/26014913469567886/20251115","chan":"stdout","logger":"task"}
{"timestamp":"2025-12-07T10:15:48.758936Z","level":"info","event":"Failed to fetch https://tsetmc.com/History/26014913469567886/20251115: HTTPSConnectionPool(host='tsetmc.com', port=443): Max retries exceeded with url: /History/26014913469567886/20251115 (Caused by SSLError(SSLCertVerificationError(1, '[SSL: CERTIFICATE_VERIFY_FAILED] certificate verify failed: unable to get local issuer certificate (_ssl.c:1010)')))","chan":"stdout","logger":"task"}
{"timestamp":"2025-12-07T10:15:48.759510Z","level":"info","event":"https://tsetmc.com/History/26014913469567886/20251116","chan":"stdout","logger":"task"}
{"timestamp":"2025-12-07T10:15:48.760105Z","level":"info","event":"[]","chan":"stdout","logger":"task"}
{"timestamp":"2025-12-07T10:15:48.760659Z","level":"info","event":"https://tsetmc.com/History/26014913469567886/20251117","chan":"stdout","logger":"task"}
{"timestamp":"2025-12-07T10:15:48.761077Z","level":"info","event":"[]","chan":"stdout","logger":"task"}
{"timestamp":"2025-12-07T10:15:48.761524Z","level":"info","event":"https://tsetmc.com/History/26014913469567886/20251118","chan":"stdout","logger":"task"}
{"timestamp":"2025-12-07T10:15:48.761935Z","level":"info","event":"Failed to fetch https://tsetmc.com/History/26014913469567886/20251118: HTTPSConnectionPool(host='tsetmc.com', port=443): Max retries exceeded with url: /History/26014913469567886/20251118 (Caused by SSLError(SSLCertVerificationError(1, '[SSL: CERTIFICATE_VERIFY_FAILED] certificate verify failed: unable to get local issuer certificate (_ssl.c:1010)')))","chan":"stdout","logger":"task"}
{"timestamp":"2025-12-07T10:15:48.762413Z","level":"info","event":"https://tsetmc.com/History/26014913469567886/20251119","chan":"stdout","logger":"task"}
{"timestamp":"2025-12-07T10:15:48.762859Z","level":"info","event":"[]","chan":"stdout","logger":"task"}
{"timestamp":"2025-12-07T10:15:48.763317Z","level":"info","event":"https://tsetmc.com/History/26014913469567886/20251120","chan":"stdout","logger":"task"}
{"timestamp":"2025-12-07T10:15:48.763753Z","level":"info","event":"[]","chan":"stdout","logger":"task"}
{"timestamp":"2025-12-07T10:15:48.764176Z","level":"info","event":"https://tsetmc.com/History/26014913469567886/20251121","chan":"stdout","logger":"task"}
{"timestamp":"2025-12-07T10:15:48.764596Z","level":"info","event":"Failed to fetch https://tsetmc.com/History/26014913469567886/20251121: HTTPSConnectionPool(host='tsetmc.com', port=443): Max retries exceeded with url: /History/26014913469567886/20251121 (Caused by SSLError(SSLCertVerificationError(1, '[SSL: CERTIFICATE_VERIFY_FAILED] certificate verify failed: unable to get local issuer certificate (_ssl.c:1010)')))","chan":"stdout","logger":"task"}
{"timestamp":"2025-12-07T10:15:48.764934Z","level":"info","event":"https://tsetmc.com/History/26014913469567886/20251122","chan":"stdout","logger":"task"}
{"timestamp":"2025-12-07T10:15:48.765305Z","level":"info","event":"[]","chan":"stdout","logger":"task"}
{"timestamp":"2025-12-07T10:15:48.765645Z","level":"info","event":"https://tsetmc.com/History/26014913469567886/20251123","chan":"stdout","logger":"task"}
{"timestamp":"2025-12-07T10:15:48.766041Z","level":"info","event":"[]","chan":"stdout","logger":"task"}
{"timestamp":"2025-12-07T10:15:48.766453Z","level":"info","event":"https://tsetmc.com/History/26014913469567886/20251124","chan":"stdout","logger":"task"}
{"timestamp":"2025-12-07T10:15:48.768600Z","level":"info","event":"Failed to fetch https://tsetmc.com/History/26014913469567886/20251124: HTTPSConnectionPool(host='tsetmc.com', port=443): Max retries exceeded with url: /History/26014913469567886/20251124 (Caused by SSLError(SSLCertVerificationError(1, '[SSL: CERTIFICATE_VERIFY_FAILED] certificate verify failed: unable to get local issuer certificate (_ssl.c:1010)')))","chan":"stdout","logger":"task"}
{"timestamp":"2025-12-07T10:15:48.769026Z","level":"info","event":"https://tsetmc.com/History/26014913469567886/20251125","chan":"stdout","logger":"task"}
{"timestamp":"2025-12-07T10:15:48.799924Z","level":"info","event":"[]","chan":"stdout","logger":"task"}
{"timestamp":"2025-12-07T10:15:48.800612Z","level":"info","event":"https://tsetmc.com/History/26014913469567886/20251126","chan":"stdout","logger":"task"}
{"timestamp":"2025-12-07T10:15:48.831044Z","level":"info","event":"[]","chan":"stdout","logger":"task"}
{"timestamp":"2025-12-07T10:15:48.831681Z","level":"info","event":"https://tsetmc.com/History/26014913469567886/20251127","chan":"stdout","logger":"task"}
{"timestamp":"2025-12-07T10:15:48.871948Z","level":"info","event":"Failed to fetch https://tsetmc.com/History/26014913469567886/20251127: HTTPSConnectionPool(host='tsetmc.com', port=443): Max retries exceeded with url: /History/26014913469567886/20251127 (Caused by SSLError(SSLCertVerificationError(1, '[SSL: CERTIFICATE_VERIFY_FAILED] certificate verify failed: unable to get local issuer certificate (_ssl.c:1010)')))","chan":"stdout","logger":"task"}
{"timestamp":"2025-12-07T10:15:48.872607Z","level":"info","event":"https://tsetmc.com/History/26014913469567886/20251128","chan":"stdout","logger":"task"}
{"timestamp":"2025-12-07T10:15:48.913467Z","level":"info","event":"[]","chan":"stdout","logger":"task"}
{"timestamp":"2025-12-07T10:15:48.914335Z","level":"info","event":"https://tsetmc.com/History/26014913469567886/20251129","chan":"stdout","logger":"task"}
{"timestamp":"2025-12-07T10:15:48.941743Z","level":"info","event":"[]","chan":"stdout","logger":"task"}
{"timestamp":"2025-12-07T10:15:48.942474Z","level":"info","event":"https://tsetmc.com/History/26014913469567886/20251130","chan":"stdout","logger":"task"}
{"timestamp":"2025-12-07T10:15:48.984010Z","level":"info","event":"Failed to fetch https://tsetmc.com/History/26014913469567886/20251130: HTTPSConnectionPool(host='tsetmc.com', port=443): Max retries exceeded with url: /History/26014913469567886/20251130 (Caused by SSLError(SSLCertVerificationError(1, '[SSL: CERTIFICATE_VERIFY_FAILED] certificate verify failed: unable to get local issuer certificate (_ssl.c:1010)')))","chan":"stdout","logger":"task"}
{"timestamp":"2025-12-07T10:15:48.984753Z","level":"info","event":"https://tsetmc.com/History/26014913469567886/20251201","chan":"stdout","logger":"task"}
{"timestamp":"2025-12-07T10:15:49.025761Z","level":"info","event":"[]","chan":"stdout","logger":"task"}
{"timestamp":"2025-12-07T10:15:49.026394Z","level":"info","event":"https://tsetmc.com/History/26014913469567886/20251202","chan":"stdout","logger":"task"}
{"timestamp":"2025-12-07T10:15:49.062446Z","level":"info","event":"[]","chan":"stdout","logger":"task"}
{"timestamp":"2025-12-07T10:15:49.063008Z","level":"info","event":"https://tsetmc.com/History/26014913469567886/20251203","chan":"stdout","logger":"task"}
{"timestamp":"2025-12-07T10:15:49.104743Z","level":"info","event":"Failed to fetch https://tsetmc.com/History/26014913469567886/20251203: HTTPSConnectionPool(host='tsetmc.com', port=443): Max retries exceeded with url: /History/26014913469567886/20251203 (Caused by SSLError(SSLCertVerificationError(1, '[SSL: CERTIFICATE_VERIFY_FAILED] certificate verify failed: unable to get local issuer certificate (_ssl.c:1010)')))","chan":"stdout","logger":"task"}
{"timestamp":"2025-12-07T10:15:49.105373Z","level":"info","event":"https://tsetmc.com/History/26014913469567886/20251204","chan":"stdout","logger":"task"}
{"timestamp":"2025-12-07T10:15:49.136770Z","level":"info","event":"[]","chan":"stdout","logger":"task"}
{"timestamp":"2025-12-07T10:15:49.137392Z","level":"info","event":"https://tsetmc.com/History/26014913469567886/20251205","chan":"stdout","logger":"task"}
{"timestamp":"2025-12-07T10:15:49.163434Z","level":"info","event":"[]","chan":"stdout","logger":"task"}
{"timestamp":"2025-12-07T10:15:49.164056Z","level":"info","event":"https://tsetmc.com/History/26014913469567886/20251206","chan":"stdout","logger":"task"}
{"timestamp":"2025-12-07T10:15:49.205135Z","level":"info","event":"Failed to fetch https://tsetmc.com/History/26014913469567886/20251206: HTTPSConnectionPool(host='tsetmc.com', port=443): Max retries exceeded with url: /History/26014913469567886/20251206 (Caused by SSLError(SSLCertVerificationError(1, '[SSL: CERTIFICATE_VERIFY_FAILED] certificate verify failed: unable to get local issuer certificate (_ssl.c:1010)')))","chan":"stdout","logger":"task"}
{"timestamp":"2025-12-07T10:15:49.205782Z","level":"info","event":"https://tsetmc.com/History/26014913469567886/20251207","chan":"stdout","logger":"task"}
{"timestamp":"2025-12-07T10:15:49.246825Z","level":"info","event":"[]","chan":"stdout","logger":"task"}
{"timestamp":"2025-12-07T10:15:49.247568Z","level":"info","event":"https://tsetmc.com/History/25559236668122210/20251107","chan":"stdout","logger":"task"}
{"timestamp":"2025-12-07T10:15:49.277625Z","level":"info","event":"[]","chan":"stdout","logger":"task"}
{"timestamp":"2025-12-07T10:15:49.278216Z","level":"info","event":"https://tsetmc.com/History/25559236668122210/20251108","chan":"stdout","logger":"task"}
{"timestamp":"2025-12-07T10:15:49.320517Z","level":"info","event":"Failed to fetch https://tsetmc.com/History/25559236668122210/20251108: HTTPSConnectionPool(host='tsetmc.com', port=443): Max retries exceeded with url: /History/25559236668122210/20251108 (Caused by SSLError(SSLCertVerificationError(1, '[SSL: CERTIFICATE_VERIFY_FAILED] certificate verify failed: unable to get local issuer certificate (_ssl.c:1010)')))","chan":"stdout","logger":"task"}
{"timestamp":"2025-12-07T10:15:49.321236Z","level":"info","event":"https://tsetmc.com/History/25559236668122210/20251109","chan":"stdout","logger":"task"}
{"timestamp":"2025-12-07T10:15:49.349937Z","level":"info","event":"[]","chan":"stdout","logger":"task"}
{"timestamp":"2025-12-07T10:15:49.350617Z","level":"info","event":"https://tsetmc.com/History/25559236668122210/20251110","chan":"stdout","logger":"task"}
{"timestamp":"2025-12-07T10:15:49.377689Z","level":"info","event":"[]","chan":"stdout","logger":"task"}
{"timestamp":"2025-12-07T10:15:49.378395Z","level":"info","event":"https://tsetmc.com/History/25559236668122210/20251111","chan":"stdout","logger":"task"}
{"timestamp":"2025-12-07T10:15:49.436957Z","level":"info","event":"Failed to fetch https://tsetmc.com/History/25559236668122210/20251111: HTTPSConnectionPool(host='tsetmc.com', port=443): Max retries exceeded with url: /History/25559236668122210/20251111 (Caused by SSLError(SSLCertVerificationError(1, '[SSL: CERTIFICATE_VERIFY_FAILED] certificate verify failed: unable to get local issuer certificate (_ssl.c:1010)')))","chan":"stdout","logger":"task"}
{"timestamp":"2025-12-07T10:15:49.437616Z","level":"info","event":"https://tsetmc.com/History/25559236668122210/20251112","chan":"stdout","logger":"task"}
{"timestamp":"2025-12-07T10:15:49.477502Z","level":"info","event":"[]","chan":"stdout","logger":"task"}
{"timestamp":"2025-12-07T10:15:49.478093Z","level":"info","event":"https://tsetmc.com/History/25559236668122210/20251113","chan":"stdout","logger":"task"}
{"timestamp":"2025-12-07T10:15:49.503204Z","level":"info","event":"[]","chan":"stdout","logger":"task"}
{"timestamp":"2025-12-07T10:15:49.503837Z","level":"info","event":"https://tsetmc.com/History/25559236668122210/20251114","chan":"stdout","logger":"task"}
{"timestamp":"2025-12-07T10:15:49.548226Z","level":"info","event":"Failed to fetch https://tsetmc.com/History/25559236668122210/20251114: HTTPSConnectionPool(host='tsetmc.com', port=443): Max retries exceeded with url: /History/25559236668122210/20251114 (Caused by SSLError(SSLCertVerificationError(1, '[SSL: CERTIFICATE_VERIFY_FAILED] certificate verify failed: unable to get local issuer certificate (_ssl.c:1010)')))","chan":"stdout","logger":"task"}
{"timestamp":"2025-12-07T10:15:49.548860Z","level":"info","event":"https://tsetmc.com/History/25559236668122210/20251115","chan":"stdout","logger":"task"}
{"timestamp":"2025-12-07T10:15:49.581407Z","level":"info","event":"[]","chan":"stdout","logger":"task"}
{"timestamp":"2025-12-07T10:15:49.582077Z","level":"info","event":"https://tsetmc.com/History/25559236668122210/20251116","chan":"stdout","logger":"task"}
{"timestamp":"2025-12-07T10:15:49.609563Z","level":"info","event":"[]","chan":"stdout","logger":"task"}
{"timestamp":"2025-12-07T10:15:49.610331Z","level":"info","event":"https://tsetmc.com/History/25559236668122210/20251117","chan":"stdout","logger":"task"}
{"timestamp":"2025-12-07T10:15:49.689614Z","level":"info","event":"Failed to fetch https://tsetmc.com/History/25559236668122210/20251117: HTTPSConnectionPool(host='tsetmc.com', port=443): Max retries exceeded with url: /History/25559236668122210/20251117 (Caused by SSLError(SSLCertVerificationError(1, '[SSL: CERTIFICATE_VERIFY_FAILED] certificate verify failed: unable to get local issuer certificate (_ssl.c:1010)')))","chan":"stdout","logger":"task"}
{"timestamp":"2025-12-07T10:15:49.690310Z","level":"info","event":"https://tsetmc.com/History/25559236668122210/20251118","chan":"stdout","logger":"task"}
{"timestamp":"2025-12-07T10:15:49.722042Z","level":"info","event":"[]","chan":"stdout","logger":"task"}
{"timestamp":"2025-12-07T10:15:49.722663Z","level":"info","event":"https://tsetmc.com/History/25559236668122210/20251119","chan":"stdout","logger":"task"}
{"timestamp":"2025-12-07T10:15:49.749825Z","level":"info","event":"[]","chan":"stdout","logger":"task"}
{"timestamp":"2025-12-07T10:15:49.750407Z","level":"info","event":"https://tsetmc.com/History/25559236668122210/20251120","chan":"stdout","logger":"task"}
{"timestamp":"2025-12-07T10:15:49.988765Z","level":"info","event":"Failed to fetch https://tsetmc.com/History/25559236668122210/20251120: HTTPSConnectionPool(host='tsetmc.com', port=443): Max retries exceeded with url: /History/25559236668122210/20251120 (Caused by SSLError(SSLCertVerificationError(1, '[SSL: CERTIFICATE_VERIFY_FAILED] certificate verify failed: unable to get local issuer certificate (_ssl.c:1010)')))","chan":"stdout","logger":"task"}
{"timestamp":"2025-12-07T10:15:49.989393Z","level":"info","event":"https://tsetmc.com/History/25559236668122210/20251121","chan":"stdout","logger":"task"}
{"timestamp":"2025-12-07T10:15:50.035257Z","level":"info","event":"[]","chan":"stdout","logger":"task"}
{"timestamp":"2025-12-07T10:15:50.036000Z","level":"info","event":"https://tsetmc.com/History/25559236668122210/20251122","chan":"stdout","logger":"task"}
{"timestamp":"2025-12-07T10:15:50.072882Z","level":"info","event":"[]","chan":"stdout","logger":"task"}
{"timestamp":"2025-12-07T10:15:50.073518Z","level":"info","event":"https://tsetmc.com/History/25559236668122210/20251123","chan":"stdout","logger":"task"}
{"timestamp":"2025-12-07T10:15:50.117340Z","level":"info","event":"Failed to fetch https://tsetmc.com/History/25559236668122210/20251123: HTTPSConnectionPool(host='tsetmc.com', port=443): Max retries exceeded with url: /History/25559236668122210/20251123 (Caused by SSLError(SSLCertVerificationError(1, '[SSL: CERTIFICATE_VERIFY_FAILED] certificate verify failed: unable to get local issuer certificate (_ssl.c:1010)')))","chan":"stdout","logger":"task"}
{"timestamp":"2025-12-07T10:15:50.117935Z","level":"info","event":"https://tsetmc.com/History/25559236668122210/20251124","chan":"stdout","logger":"task"}
{"timestamp":"2025-12-07T10:15:50.149447Z","level":"info","event":"[]","chan":"stdout","logger":"task"}
{"timestamp":"2025-12-07T10:15:50.150054Z","level":"info","event":"https://tsetmc.com/History/25559236668122210/20251125","chan":"stdout","logger":"task"}
{"timestamp":"2025-12-07T10:15:50.181421Z","level":"info","event":"[]","chan":"stdout","logger":"task"}
{"timestamp":"2025-12-07T10:15:50.182043Z","level":"info","event":"https://tsetmc.com/History/25559236668122210/20251126","chan":"stdout","logger":"task"}
{"timestamp":"2025-12-07T10:15:50.224027Z","level":"info","event":"Failed to fetch https://tsetmc.com/History/25559236668122210/20251126: HTTPSConnectionPool(host='tsetmc.com', port=443): Max retries exceeded with url: /History/25559236668122210/20251126 (Caused by SSLError(SSLCertVerificationError(1, '[SSL: CERTIFICATE_VERIFY_FAILED] certificate verify failed: unable to get local issuer certificate (_ssl.c:1010)')))","chan":"stdout","logger":"task"}
{"timestamp":"2025-12-07T10:15:50.224688Z","level":"info","event":"https://tsetmc.com/History/25559236668122210/20251127","chan":"stdout","logger":"task"}
{"timestamp":"2025-12-07T10:15:50.257710Z","level":"info","event":"[]","chan":"stdout","logger":"task"}
{"timestamp":"2025-12-07T10:15:50.258401Z","level":"info","event":"https://tsetmc.com/History/25559236668122210/20251128","chan":"stdout","logger":"task"}
{"timestamp":"2025-12-07T10:15:50.285409Z","level":"info","event":"[]","chan":"stdout","logger":"task"}
{"timestamp":"2025-12-07T10:15:50.286071Z","level":"info","event":"https://tsetmc.com/History/25559236668122210/20251129","chan":"stdout","logger":"task"}
{"timestamp":"2025-12-07T10:15:50.332914Z","level":"info","event":"Failed to fetch https://tsetmc.com/History/25559236668122210/20251129: HTTPSConnectionPool(host='tsetmc.com', port=443): Max retries exceeded with url: /History/25559236668122210/20251129 (Caused by SSLError(SSLCertVerificationError(1, '[SSL: CERTIFICATE_VERIFY_FAILED] certificate verify failed: unable to get local issuer certificate (_ssl.c:1010)')))","chan":"stdout","logger":"task"}
{"timestamp":"2025-12-07T10:15:50.333565Z","level":"info","event":"https://tsetmc.com/History/25559236668122210/20251130","chan":"stdout","logger":"task"}
{"timestamp":"2025-12-07T10:15:50.364484Z","level":"info","event":"[]","chan":"stdout","logger":"task"}
{"timestamp":"2025-12-07T10:15:50.365072Z","level":"info","event":"https://tsetmc.com/History/25559236668122210/20251201","chan":"stdout","logger":"task"}
{"timestamp":"2025-12-07T10:15:50.391901Z","level":"info","event":"[]","chan":"stdout","logger":"task"}
{"timestamp":"2025-12-07T10:15:50.392561Z","level":"info","event":"https://tsetmc.com/History/25559236668122210/20251202","chan":"stdout","logger":"task"}
{"timestamp":"2025-12-07T10:15:50.438988Z","level":"info","event":"Failed to fetch https://tsetmc.com/History/25559236668122210/20251202: HTTPSConnectionPool(host='tsetmc.com', port=443): Max retries exceeded with url: /History/25559236668122210/20251202 (Caused by SSLError(SSLCertVerificationError(1, '[SSL: CERTIFICATE_VERIFY_FAILED] certificate verify failed: unable to get local issuer certificate (_ssl.c:1010)')))","chan":"stdout","logger":"task"}
{"timestamp":"2025-12-07T10:15:50.439625Z","level":"info","event":"https://tsetmc.com/History/25559236668122210/20251203","chan":"stdout","logger":"task"}
{"timestamp":"2025-12-07T10:15:50.469703Z","level":"info","event":"[]","chan":"stdout","logger":"task"}
{"timestamp":"2025-12-07T10:15:50.470329Z","level":"info","event":"https://tsetmc.com/History/25559236668122210/20251204","chan":"stdout","logger":"task"}
{"timestamp":"2025-12-07T10:15:50.514753Z","level":"info","event":"[]","chan":"stdout","logger":"task"}
{"timestamp":"2025-12-07T10:15:50.515356Z","level":"info","event":"https://tsetmc.com/History/25559236668122210/20251205","chan":"stdout","logger":"task"}
{"timestamp":"2025-12-07T10:15:50.557345Z","level":"info","event":"Failed to fetch https://tsetmc.com/History/25559236668122210/20251205: HTTPSConnectionPool(host='tsetmc.com', port=443): Max retries exceeded with url: /History/25559236668122210/20251205 (Caused by SSLError(SSLCertVerificationError(1, '[SSL: CERTIFICATE_VERIFY_FAILED] certificate verify failed: unable to get local issuer certificate (_ssl.c:1010)')))","chan":"stdout","logger":"task"}
{"timestamp":"2025-12-07T10:15:50.557985Z","level":"info","event":"https://tsetmc.com/History/25559236668122210/20251206","chan":"stdout","logger":"task"}
{"timestamp":"2025-12-07T10:15:50.587877Z","level":"info","event":"[]","chan":"stdout","logger":"task"}
{"timestamp":"2025-12-07T10:15:50.588409Z","level":"info","event":"https://tsetmc.com/History/25559236668122210/20251207","chan":"stdout","logger":"task"}
{"timestamp":"2025-12-07T10:15:50.621136Z","level":"info","event":"[]","chan":"stdout","logger":"task"}
{"timestamp":"2025-12-07T10:15:50.621907Z","level":"info","event":"https://tsetmc.com/History/17914401175772326/20251107","chan":"stdout","logger":"task"}
{"timestamp":"2025-12-07T10:15:50.697523Z","level":"info","event":"Failed to fetch https://tsetmc.com/History/17914401175772326/20251107: HTTPSConnectionPool(host='tsetmc.com', port=443): Max retries exceeded with url: /History/17914401175772326/20251107 (Caused by SSLError(SSLCertVerificationError(1, '[SSL: CERTIFICATE_VERIFY_FAILED] certificate verify failed: unable to get local issuer certificate (_ssl.c:1010)')))","chan":"stdout","logger":"task"}
{"timestamp":"2025-12-07T10:15:50.698127Z","level":"info","event":"https://tsetmc.com/History/17914401175772326/20251108","chan":"stdout","logger":"task"}
{"timestamp":"2025-12-07T10:15:50.729175Z","level":"info","event":"[]","chan":"stdout","logger":"task"}
{"timestamp":"2025-12-07T10:15:50.729773Z","level":"info","event":"https://tsetmc.com/History/17914401175772326/20251109","chan":"stdout","logger":"task"}
{"timestamp":"2025-12-07T10:15:50.762969Z","level":"info","event":"[]","chan":"stdout","logger":"task"}
{"timestamp":"2025-12-07T10:15:50.763817Z","level":"info","event":"https://tsetmc.com/History/17914401175772326/20251110","chan":"stdout","logger":"task"}
{"timestamp":"2025-12-07T10:15:50.808332Z","level":"info","event":"Failed to fetch https://tsetmc.com/History/17914401175772326/20251110: HTTPSConnectionPool(host='tsetmc.com', port=443): Max retries exceeded with url: /History/17914401175772326/20251110 (Caused by SSLError(SSLCertVerificationError(1, '[SSL: CERTIFICATE_VERIFY_FAILED] certificate verify failed: unable to get local issuer certificate (_ssl.c:1010)')))","chan":"stdout","logger":"task"}
{"timestamp":"2025-12-07T10:15:50.808999Z","level":"info","event":"https://tsetmc.com/History/17914401175772326/20251111","chan":"stdout","logger":"task"}
{"timestamp":"2025-12-07T10:15:50.837058Z","level":"info","event":"[]","chan":"stdout","logger":"task"}
{"timestamp":"2025-12-07T10:15:50.837659Z","level":"info","event":"https://tsetmc.com/History/17914401175772326/20251112","chan":"stdout","logger":"task"}
{"timestamp":"2025-12-07T10:15:50.865138Z","level":"info","event":"[]","chan":"stdout","logger":"task"}
{"timestamp":"2025-12-07T10:15:50.865775Z","level":"info","event":"https://tsetmc.com/History/17914401175772326/20251113","chan":"stdout","logger":"task"}
{"timestamp":"2025-12-07T10:15:50.907823Z","level":"info","event":"Failed to fetch https://tsetmc.com/History/17914401175772326/20251113: HTTPSConnectionPool(host='tsetmc.com', port=443): Max retries exceeded with url: /History/17914401175772326/20251113 (Caused by SSLError(SSLCertVerificationError(1, '[SSL: CERTIFICATE_VERIFY_FAILED] certificate verify failed: unable to get local issuer certificate (_ssl.c:1010)')))","chan":"stdout","logger":"task"}
{"timestamp":"2025-12-07T10:15:50.908433Z","level":"info","event":"https://tsetmc.com/History/17914401175772326/20251114","chan":"stdout","logger":"task"}
{"timestamp":"2025-12-07T10:15:50.938066Z","level":"info","event":"[]","chan":"stdout","logger":"task"}
{"timestamp":"2025-12-07T10:15:50.938719Z","level":"info","event":"https://tsetmc.com/History/17914401175772326/20251115","chan":"stdout","logger":"task"}
{"timestamp":"2025-12-07T10:15:50.965709Z","level":"info","event":"[]","chan":"stdout","logger":"task"}
{"timestamp":"2025-12-07T10:15:50.966381Z","level":"info","event":"https://tsetmc.com/History/17914401175772326/20251116","chan":"stdout","logger":"task"}
{"timestamp":"2025-12-07T10:15:51.121354Z","level":"info","event":"Failed to fetch https://tsetmc.com/History/17914401175772326/20251116: HTTPSConnectionPool(host='tsetmc.com', port=443): Max retries exceeded with url: /History/17914401175772326/20251116 (Caused by SSLError(SSLCertVerificationError(1, '[SSL: CERTIFICATE_VERIFY_FAILED] certificate verify failed: unable to get local issuer certificate (_ssl.c:1010)')))","chan":"stdout","logger":"task"}
{"timestamp":"2025-12-07T10:15:51.121976Z","level":"info","event":"https://tsetmc.com/History/17914401175772326/20251117","chan":"stdout","logger":"task"}
{"timestamp":"2025-12-07T10:15:51.151656Z","level":"info","event":"[]","chan":"stdout","logger":"task"}
{"timestamp":"2025-12-07T10:15:51.152233Z","level":"info","event":"https://tsetmc.com/History/17914401175772326/20251118","chan":"stdout","logger":"task"}
{"timestamp":"2025-12-07T10:15:51.184025Z","level":"info","event":"[]","chan":"stdout","logger":"task"}
{"timestamp":"2025-12-07T10:15:51.242230Z","level":"info","event":"https://tsetmc.com/History/17914401175772326/20251119","chan":"stdout","logger":"task"}
{"timestamp":"2025-12-07T10:15:51.243053Z","level":"info","event":"Failed to fetch https://tsetmc.com/History/17914401175772326/20251119: HTTPSConnectionPool(host='tsetmc.com', port=443): Max retries exceeded with url: /History/17914401175772326/20251119 (Caused by SSLError(SSLCertVerificationError(1, '[SSL: CERTIFICATE_VERIFY_FAILED] certificate verify failed: unable to get local issuer certificate (_ssl.c:1010)')))","chan":"stdout","logger":"task"}
{"timestamp":"2025-12-07T10:15:51.243493Z","level":"info","event":"https://tsetmc.com/History/17914401175772326/20251120","chan":"stdout","logger":"task"}
{"timestamp":"2025-12-07T10:15:51.260627Z","level":"info","event":"[]","chan":"stdout","logger":"task"}
{"timestamp":"2025-12-07T10:15:51.261331Z","level":"info","event":"https://tsetmc.com/History/17914401175772326/20251121","chan":"stdout","logger":"task"}
{"timestamp":"2025-12-07T10:15:51.300153Z","level":"info","event":"[]","chan":"stdout","logger":"task"}
{"timestamp":"2025-12-07T10:15:51.300946Z","level":"info","event":"https://tsetmc.com/History/17914401175772326/20251122","chan":"stdout","logger":"task"}
{"timestamp":"2025-12-07T10:15:51.343019Z","level":"info","event":"Failed to fetch https://tsetmc.com/History/17914401175772326/20251122: HTTPSConnectionPool(host='tsetmc.com', port=443): Max retries exceeded with url: /History/17914401175772326/20251122 (Caused by SSLError(SSLCertVerificationError(1, '[SSL: CERTIFICATE_VERIFY_FAILED] certificate verify failed: unable to get local issuer certificate (_ssl.c:1010)')))","chan":"stdout","logger":"task"}
{"timestamp":"2025-12-07T10:15:51.343670Z","level":"info","event":"https://tsetmc.com/History/17914401175772326/20251123","chan":"stdout","logger":"task"}
{"timestamp":"2025-12-07T10:15:51.379179Z","level":"info","event":"[]","chan":"stdout","logger":"task"}
{"timestamp":"2025-12-07T10:15:51.379784Z","level":"info","event":"https://tsetmc.com/History/17914401175772326/20251124","chan":"stdout","logger":"task"}
{"timestamp":"2025-12-07T10:15:51.406478Z","level":"info","event":"[]","chan":"stdout","logger":"task"}
{"timestamp":"2025-12-07T10:15:51.407059Z","level":"info","event":"https://tsetmc.com/History/17914401175772326/20251125","chan":"stdout","logger":"task"}
{"timestamp":"2025-12-07T10:15:51.447834Z","level":"info","event":"Failed to fetch https://tsetmc.com/History/17914401175772326/20251125: HTTPSConnectionPool(host='tsetmc.com', port=443): Max retries exceeded with url: /History/17914401175772326/20251125 (Caused by SSLError(SSLCertVerificationError(1, '[SSL: CERTIFICATE_VERIFY_FAILED] certificate verify failed: unable to get local issuer certificate (_ssl.c:1010)')))","chan":"stdout","logger":"task"}
{"timestamp":"2025-12-07T10:15:51.448426Z","level":"info","event":"https://tsetmc.com/History/17914401175772326/20251126","chan":"stdout","logger":"task"}
{"timestamp":"2025-12-07T10:15:51.480037Z","level":"info","event":"[]","chan":"stdout","logger":"task"}
{"timestamp":"2025-12-07T10:15:51.480902Z","level":"info","event":"https://tsetmc.com/History/17914401175772326/20251127","chan":"stdout","logger":"task"}
{"timestamp":"2025-12-07T10:15:51.508996Z","level":"info","event":"[]","chan":"stdout","logger":"task"}
{"timestamp":"2025-12-07T10:15:51.509642Z","level":"info","event":"https://tsetmc.com/History/17914401175772326/20251128","chan":"stdout","logger":"task"}
{"timestamp":"2025-12-07T10:15:51.609033Z","level":"info","event":"Failed to fetch https://tsetmc.com/History/17914401175772326/20251128: HTTPSConnectionPool(host='tsetmc.com', port=443): Max retries exceeded with url: /History/17914401175772326/20251128 (Caused by SSLError(SSLCertVerificationError(1, '[SSL: CERTIFICATE_VERIFY_FAILED] certificate verify failed: unable to get local issuer certificate (_ssl.c:1010)')))","chan":"stdout","logger":"task"}
{"timestamp":"2025-12-07T10:15:51.609624Z","level":"info","event":"https://tsetmc.com/History/17914401175772326/20251129","chan":"stdout","logger":"task"}
{"timestamp":"2025-12-07T10:15:51.641450Z","level":"info","event":"[]","chan":"stdout","logger":"task"}
{"timestamp":"2025-12-07T10:15:51.642008Z","level":"info","event":"https://tsetmc.com/History/17914401175772326/20251130","chan":"stdout","logger":"task"}
{"timestamp":"2025-12-07T10:15:51.683365Z","level":"info","event":"[]","chan":"stdout","logger":"task"}
{"timestamp":"2025-12-07T10:15:51.684100Z","level":"info","event":"https://tsetmc.com/History/17914401175772326/20251201","chan":"stdout","logger":"task"}
{"timestamp":"2025-12-07T10:15:51.748448Z","level":"info","event":"Failed to fetch https://tsetmc.com/History/17914401175772326/20251201: HTTPSConnectionPool(host='tsetmc.com', port=443): Max retries exceeded with url: /History/17914401175772326/20251201 (Caused by SSLError(SSLCertVerificationError(1, '[SSL: CERTIFICATE_VERIFY_FAILED] certificate verify failed: unable to get local issuer certificate (_ssl.c:1010)')))","chan":"stdout","logger":"task"}
{"timestamp":"2025-12-07T10:15:51.749029Z","level":"info","event":"https://tsetmc.com/History/17914401175772326/20251202","chan":"stdout","logger":"task"}
{"timestamp":"2025-12-07T10:15:51.789472Z","level":"info","event":"[]","chan":"stdout","logger":"task"}
{"timestamp":"2025-12-07T10:15:51.790062Z","level":"info","event":"https://tsetmc.com/History/17914401175772326/20251203","chan":"stdout","logger":"task"}
{"timestamp":"2025-12-07T10:15:51.824840Z","level":"info","event":"[]","chan":"stdout","logger":"task"}
{"timestamp":"2025-12-07T10:15:51.825456Z","level":"info","event":"https://tsetmc.com/History/17914401175772326/20251204","chan":"stdout","logger":"task"}
{"timestamp":"2025-12-07T10:15:51.869834Z","level":"info","event":"Failed to fetch https://tsetmc.com/History/17914401175772326/20251204: HTTPSConnectionPool(host='tsetmc.com', port=443): Max retries exceeded with url: /History/17914401175772326/20251204 (Caused by SSLError(SSLCertVerificationError(1, '[SSL: CERTIFICATE_VERIFY_FAILED] certificate verify failed: unable to get local issuer certificate (_ssl.c:1010)')))","chan":"stdout","logger":"task"}
{"timestamp":"2025-12-07T10:15:51.870492Z","level":"info","event":"https://tsetmc.com/History/17914401175772326/20251205","chan":"stdout","logger":"task"}
{"timestamp":"2025-12-07T10:15:51.904080Z","level":"info","event":"[]","chan":"stdout","logger":"task"}
{"timestamp":"2025-12-07T10:15:51.904775Z","level":"info","event":"https://tsetmc.com/History/17914401175772326/20251206","chan":"stdout","logger":"task"}
{"timestamp":"2025-12-07T10:15:51.930812Z","level":"info","event":"[]","chan":"stdout","logger":"task"}
{"timestamp":"2025-12-07T10:15:51.931394Z","level":"info","event":"https://tsetmc.com/History/17914401175772326/20251207","chan":"stdout","logger":"task"}
{"timestamp":"2025-12-07T10:15:51.976323Z","level":"info","event":"Failed to fetch https://tsetmc.com/History/17914401175772326/20251207: HTTPSConnectionPool(host='tsetmc.com', port=443): Max retries exceeded with url: /History/17914401175772326/20251207 (Caused by SSLError(SSLCertVerificationError(1, '[SSL: CERTIFICATE_VERIFY_FAILED] certificate verify failed: unable to get local issuer certificate (_ssl.c:1010)')))","chan":"stdout","logger":"task"}
{"timestamp":"2025-12-07T10:15:51.976421","level":"info","event":"Done. Returned value was: []","logger":"airflow.task.operators.airflow.providers.standard.decorators.python._PythonDecoratedOperator"}
{"timestamp":"2025-12-07T10:15:51.976688","level":"info","event":"Pushing xcom","ti":"RuntimeTaskInstance(id=UUID('019af84e-f0ae-72ad-8e63-7238dc22bd16'), task_id='fetch_and_save_csv', dag_id='tsetmc_data_pipeline', run_id='manual__2025-12-07T10:15:14.103735+00:00', try_number=1, map_index=-1, hostname='da7b7117e734', context_carrier=None, task=<Task(_PythonDecoratedOperator): fetch_and_save_csv>, bundle_instance=LocalDagBundle(name=dags-folder), max_tries=3, start_date=datetime.datetime(2025, 12, 7, 10, 15, 39, 560735, tzinfo=datetime.timezone.utc), end_date=None, state=<TaskInstanceState.RUNNING: 'running'>, is_mapped=False, rendered_map_index=None, log_url='http://localhost:8080/dags/tsetmc_data_pipeline/runs/manual__2025-12-07T10%3A15%3A14.103735%2B00%3A00/tasks/fetch_and_save_csv?try_number=1')","logger":"task"}
