{"timestamp":"2025-12-07T10:19:07.204326","level":"info","event":"DAG bundles loaded: dags-folder","logger":"airflow.dag_processing.bundles.manager.DagBundlesManager"}
{"timestamp":"2025-12-07T10:19:07.205258","level":"info","event":"Filling up the DagBag from /opt/airflow/dags/tsetmc_history_dag.py","logger":"airflow.models.dagbag.DagBag"}
{"timestamp":"2025-12-07T10:19:08.427555Z","level":"info","event":"[]","chan":"stdout","logger":"task"}
{"timestamp":"2025-12-07T10:19:08.463915Z","level":"info","event":"[]","chan":"stdout","logger":"task"}
{"timestamp":"2025-12-07T10:19:08.514895Z","level":"info","event":"Failed to fetch https://tsetmc.com/History/34144395039913458/20251109: HTTPSConnectionPool(host='tsetmc.com', port=443): Max retries exceeded with url: /History/34144395039913458/20251109 (Caused by SSLError(SSLCertVerificationError(1, '[SSL: CERTIFICATE_VERIFY_FAILED] certificate verify failed: unable to get local issuer certificate (_ssl.c:1010)')))","chan":"stdout","logger":"task"}
{"timestamp":"2025-12-07T10:19:08.547460Z","level":"info","event":"[]","chan":"stdout","logger":"task"}
{"timestamp":"2025-12-07T10:19:08.580955Z","level":"info","event":"[]","chan":"stdout","logger":"task"}
{"timestamp":"2025-12-07T10:19:08.626000Z","level":"info","event":"Failed to fetch https://tsetmc.com/History/34144395039913458/20251112: HTTPSConnectionPool(host='tsetmc.com', port=443): Max retries exceeded with url: /History/34144395039913458/20251112 (Caused by SSLError(SSLCertVerificationError(1, '[SSL: CERTIFICATE_VERIFY_FAILED] certificate verify failed: unable to get local issuer certificate (_ssl.c:1010)')))","chan":"stdout","logger":"task"}
{"timestamp":"2025-12-07T10:19:08.653563Z","level":"info","event":"[]","chan":"stdout","logger":"task"}
{"timestamp":"2025-12-07T10:19:08.689801Z","level":"info","event":"[]","chan":"stdout","logger":"task"}
{"timestamp":"2025-12-07T10:19:08.730566Z","level":"info","event":"Failed to fetch https://tsetmc.com/History/34144395039913458/20251115: HTTPSConnectionPool(host='tsetmc.com', port=443): Max retries exceeded with url: /History/34144395039913458/20251115 (Caused by SSLError(SSLCertVerificationError(1, '[SSL: CERTIFICATE_VERIFY_FAILED] certificate verify failed: unable to get local issuer certificate (_ssl.c:1010)')))","chan":"stdout","logger":"task"}
{"timestamp":"2025-12-07T10:19:08.762269Z","level":"info","event":"[]","chan":"stdout","logger":"task"}
{"timestamp":"2025-12-07T10:19:08.795737Z","level":"info","event":"[]","chan":"stdout","logger":"task"}
{"timestamp":"2025-12-07T10:19:08.841108Z","level":"info","event":"Failed to fetch https://tsetmc.com/History/34144395039913458/20251118: HTTPSConnectionPool(host='tsetmc.com', port=443): Max retries exceeded with url: /History/34144395039913458/20251118 (Caused by SSLError(SSLCertVerificationError(1, '[SSL: CERTIFICATE_VERIFY_FAILED] certificate verify failed: unable to get local issuer certificate (_ssl.c:1010)')))","chan":"stdout","logger":"task"}
{"timestamp":"2025-12-07T10:19:08.873155Z","level":"info","event":"[]","chan":"stdout","logger":"task"}
{"timestamp":"2025-12-07T10:19:08.902620Z","level":"info","event":"[]","chan":"stdout","logger":"task"}
{"timestamp":"2025-12-07T10:19:08.946916Z","level":"info","event":"Failed to fetch https://tsetmc.com/History/34144395039913458/20251121: HTTPSConnectionPool(host='tsetmc.com', port=443): Max retries exceeded with url: /History/34144395039913458/20251121 (Caused by SSLError(SSLCertVerificationError(1, '[SSL: CERTIFICATE_VERIFY_FAILED] certificate verify failed: unable to get local issuer certificate (_ssl.c:1010)')))","chan":"stdout","logger":"task"}
{"timestamp":"2025-12-07T10:19:08.976292Z","level":"info","event":"[]","chan":"stdout","logger":"task"}
{"timestamp":"2025-12-07T10:19:09.013173Z","level":"info","event":"[]","chan":"stdout","logger":"task"}
{"timestamp":"2025-12-07T10:19:09.055034Z","level":"info","event":"Failed to fetch https://tsetmc.com/History/34144395039913458/20251124: HTTPSConnectionPool(host='tsetmc.com', port=443): Max retries exceeded with url: /History/34144395039913458/20251124 (Caused by SSLError(SSLCertVerificationError(1, '[SSL: CERTIFICATE_VERIFY_FAILED] certificate verify failed: unable to get local issuer certificate (_ssl.c:1010)')))","chan":"stdout","logger":"task"}
{"timestamp":"2025-12-07T10:19:09.092851Z","level":"info","event":"[]","chan":"stdout","logger":"task"}
{"timestamp":"2025-12-07T10:19:09.149126Z","level":"info","event":"[]","chan":"stdout","logger":"task"}
{"timestamp":"2025-12-07T10:19:09.213109Z","level":"info","event":"Failed to fetch https://tsetmc.com/History/34144395039913458/20251127: HTTPSConnectionPool(host='tsetmc.com', port=443): Max retries exceeded with url: /History/34144395039913458/20251127 (Caused by SSLError(SSLCertVerificationError(1, '[SSL: CERTIFICATE_VERIFY_FAILED] certificate verify failed: unable to get local issuer certificate (_ssl.c:1010)')))","chan":"stdout","logger":"task"}
{"timestamp":"2025-12-07T10:19:09.250790Z","level":"info","event":"[]","chan":"stdout","logger":"task"}
{"timestamp":"2025-12-07T10:19:09.279251Z","level":"info","event":"[]","chan":"stdout","logger":"task"}
{"timestamp":"2025-12-07T10:19:09.321627Z","level":"info","event":"Failed to fetch https://tsetmc.com/History/34144395039913458/20251130: HTTPSConnectionPool(host='tsetmc.com', port=443): Max retries exceeded with url: /History/34144395039913458/20251130 (Caused by SSLError(SSLCertVerificationError(1, '[SSL: CERTIFICATE_VERIFY_FAILED] certificate verify failed: unable to get local issuer certificate (_ssl.c:1010)')))","chan":"stdout","logger":"task"}
{"timestamp":"2025-12-07T10:19:09.366366Z","level":"info","event":"[]","chan":"stdout","logger":"task"}
{"timestamp":"2025-12-07T10:19:09.395359Z","level":"info","event":"[]","chan":"stdout","logger":"task"}
{"timestamp":"2025-12-07T10:19:09.456157Z","level":"info","event":"Failed to fetch https://tsetmc.com/History/34144395039913458/20251203: HTTPSConnectionPool(host='tsetmc.com', port=443): Max retries exceeded with url: /History/34144395039913458/20251203 (Caused by SSLError(SSLCertVerificationError(1, '[SSL: CERTIFICATE_VERIFY_FAILED] certificate verify failed: unable to get local issuer certificate (_ssl.c:1010)')))","chan":"stdout","logger":"task"}
{"timestamp":"2025-12-07T10:19:09.489292Z","level":"info","event":"[]","chan":"stdout","logger":"task"}
{"timestamp":"2025-12-07T10:19:09.554191Z","level":"info","event":"[]","chan":"stdout","logger":"task"}
{"timestamp":"2025-12-07T10:19:09.604317Z","level":"info","event":"Failed to fetch https://tsetmc.com/History/34144395039913458/20251206: HTTPSConnectionPool(host='tsetmc.com', port=443): Max retries exceeded with url: /History/34144395039913458/20251206 (Caused by SSLError(SSLCertVerificationError(1, '[SSL: CERTIFICATE_VERIFY_FAILED] certificate verify failed: unable to get local issuer certificate (_ssl.c:1010)')))","chan":"stdout","logger":"task"}
{"timestamp":"2025-12-07T10:19:09.645444Z","level":"info","event":"[]","chan":"stdout","logger":"task"}
{"timestamp":"2025-12-07T10:19:09.685762Z","level":"info","event":"[]","chan":"stdout","logger":"task"}
{"timestamp":"2025-12-07T10:19:09.734220Z","level":"info","event":"Failed to fetch https://tsetmc.com/History/26014913469567886/20251108: HTTPSConnectionPool(host='tsetmc.com', port=443): Max retries exceeded with url: /History/26014913469567886/20251108 (Caused by SSLError(SSLCertVerificationError(1, '[SSL: CERTIFICATE_VERIFY_FAILED] certificate verify failed: unable to get local issuer certificate (_ssl.c:1010)')))","chan":"stdout","logger":"task"}
{"timestamp":"2025-12-07T10:19:09.764029Z","level":"info","event":"[]","chan":"stdout","logger":"task"}
{"timestamp":"2025-12-07T10:19:09.793134Z","level":"info","event":"[]","chan":"stdout","logger":"task"}
{"timestamp":"2025-12-07T10:19:09.847389Z","level":"info","event":"Failed to fetch https://tsetmc.com/History/26014913469567886/20251111: HTTPSConnectionPool(host='tsetmc.com', port=443): Max retries exceeded with url: /History/26014913469567886/20251111 (Caused by SSLError(SSLCertVerificationError(1, '[SSL: CERTIFICATE_VERIFY_FAILED] certificate verify failed: unable to get local issuer certificate (_ssl.c:1010)')))","chan":"stdout","logger":"task"}
{"timestamp":"2025-12-07T10:19:09.887618Z","level":"info","event":"[]","chan":"stdout","logger":"task"}
{"timestamp":"2025-12-07T10:19:09.921766Z","level":"info","event":"[]","chan":"stdout","logger":"task"}
{"timestamp":"2025-12-07T10:19:09.966191Z","level":"info","event":"Failed to fetch https://tsetmc.com/History/26014913469567886/20251114: HTTPSConnectionPool(host='tsetmc.com', port=443): Max retries exceeded with url: /History/26014913469567886/20251114 (Caused by SSLError(SSLCertVerificationError(1, '[SSL: CERTIFICATE_VERIFY_FAILED] certificate verify failed: unable to get local issuer certificate (_ssl.c:1010)')))","chan":"stdout","logger":"task"}
{"timestamp":"2025-12-07T10:19:10.014242Z","level":"info","event":"[]","chan":"stdout","logger":"task"}
{"timestamp":"2025-12-07T10:19:10.048103Z","level":"info","event":"[]","chan":"stdout","logger":"task"}
{"timestamp":"2025-12-07T10:19:10.086104Z","level":"info","event":"Failed to fetch https://tsetmc.com/History/26014913469567886/20251117: HTTPSConnectionPool(host='tsetmc.com', port=443): Max retries exceeded with url: /History/26014913469567886/20251117 (Caused by SSLError(SSLCertVerificationError(1, '[SSL: CERTIFICATE_VERIFY_FAILED] certificate verify failed: unable to get local issuer certificate (_ssl.c:1010)')))","chan":"stdout","logger":"task"}
{"timestamp":"2025-12-07T10:19:10.119562Z","level":"info","event":"[]","chan":"stdout","logger":"task"}
{"timestamp":"2025-12-07T10:19:10.172025Z","level":"info","event":"[]","chan":"stdout","logger":"task"}
{"timestamp":"2025-12-07T10:19:10.218551Z","level":"info","event":"Failed to fetch https://tsetmc.com/History/26014913469567886/20251120: HTTPSConnectionPool(host='tsetmc.com', port=443): Max retries exceeded with url: /History/26014913469567886/20251120 (Caused by SSLError(SSLCertVerificationError(1, '[SSL: CERTIFICATE_VERIFY_FAILED] certificate verify failed: unable to get local issuer certificate (_ssl.c:1010)')))","chan":"stdout","logger":"task"}
{"timestamp":"2025-12-07T10:19:10.263053Z","level":"info","event":"[]","chan":"stdout","logger":"task"}
{"timestamp":"2025-12-07T10:19:10.321018Z","level":"info","event":"[]","chan":"stdout","logger":"task"}
{"timestamp":"2025-12-07T10:19:10.364795Z","level":"info","event":"Failed to fetch https://tsetmc.com/History/26014913469567886/20251123: HTTPSConnectionPool(host='tsetmc.com', port=443): Max retries exceeded with url: /History/26014913469567886/20251123 (Caused by SSLError(SSLCertVerificationError(1, '[SSL: CERTIFICATE_VERIFY_FAILED] certificate verify failed: unable to get local issuer certificate (_ssl.c:1010)')))","chan":"stdout","logger":"task"}
{"timestamp":"2025-12-07T10:19:10.400216Z","level":"info","event":"[]","chan":"stdout","logger":"task"}
{"timestamp":"2025-12-07T10:19:10.435057Z","level":"info","event":"[]","chan":"stdout","logger":"task"}
{"timestamp":"2025-12-07T10:19:10.482214Z","level":"info","event":"Failed to fetch https://tsetmc.com/History/26014913469567886/20251126: HTTPSConnectionPool(host='tsetmc.com', port=443): Max retries exceeded with url: /History/26014913469567886/20251126 (Caused by SSLError(SSLCertVerificationError(1, '[SSL: CERTIFICATE_VERIFY_FAILED] certificate verify failed: unable to get local issuer certificate (_ssl.c:1010)')))","chan":"stdout","logger":"task"}
{"timestamp":"2025-12-07T10:19:10.516317Z","level":"info","event":"[]","chan":"stdout","logger":"task"}
{"timestamp":"2025-12-07T10:19:10.549786Z","level":"info","event":"[]","chan":"stdout","logger":"task"}
{"timestamp":"2025-12-07T10:19:10.591327Z","level":"info","event":"Failed to fetch https://tsetmc.com/History/26014913469567886/20251129: HTTPSConnectionPool(host='tsetmc.com', port=443): Max retries exceeded with url: /History/26014913469567886/20251129 (Caused by SSLError(SSLCertVerificationError(1, '[SSL: CERTIFICATE_VERIFY_FAILED] certificate verify failed: unable to get local issuer certificate (_ssl.c:1010)')))","chan":"stdout","logger":"task"}
{"timestamp":"2025-12-07T10:19:10.632125Z","level":"info","event":"[]","chan":"stdout","logger":"task"}
{"timestamp":"2025-12-07T10:19:10.667211Z","level":"info","event":"[]","chan":"stdout","logger":"task"}
{"timestamp":"2025-12-07T10:19:10.711729Z","level":"info","event":"Failed to fetch https://tsetmc.com/History/26014913469567886/20251202: HTTPSConnectionPool(host='tsetmc.com', port=443): Max retries exceeded with url: /History/26014913469567886/20251202 (Caused by SSLError(SSLCertVerificationError(1, '[SSL: CERTIFICATE_VERIFY_FAILED] certificate verify failed: unable to get local issuer certificate (_ssl.c:1010)')))","chan":"stdout","logger":"task"}
{"timestamp":"2025-12-07T10:19:10.748275Z","level":"info","event":"[]","chan":"stdout","logger":"task"}
{"timestamp":"2025-12-07T10:19:10.782625Z","level":"info","event":"[]","chan":"stdout","logger":"task"}
{"timestamp":"2025-12-07T10:19:10.828415Z","level":"info","event":"Failed to fetch https://tsetmc.com/History/26014913469567886/20251205: HTTPSConnectionPool(host='tsetmc.com', port=443): Max retries exceeded with url: /History/26014913469567886/20251205 (Caused by SSLError(SSLCertVerificationError(1, '[SSL: CERTIFICATE_VERIFY_FAILED] certificate verify failed: unable to get local issuer certificate (_ssl.c:1010)')))","chan":"stdout","logger":"task"}
{"timestamp":"2025-12-07T10:19:10.863839Z","level":"info","event":"[]","chan":"stdout","logger":"task"}
{"timestamp":"2025-12-07T10:19:10.892975Z","level":"info","event":"[]","chan":"stdout","logger":"task"}
{"timestamp":"2025-12-07T10:19:10.938587Z","level":"info","event":"Failed to fetch https://tsetmc.com/History/26014913469567886/20251107: HTTPSConnectionPool(host='tsetmc.com', port=443): Max retries exceeded with url: /History/26014913469567886/20251107 (Caused by SSLError(SSLCertVerificationError(1, '[SSL: CERTIFICATE_VERIFY_FAILED] certificate verify failed: unable to get local issuer certificate (_ssl.c:1010)')))","chan":"stdout","logger":"task"}
{"timestamp":"2025-12-07T10:19:10.968729Z","level":"info","event":"[]","chan":"stdout","logger":"task"}
{"timestamp":"2025-12-07T10:19:10.997792Z","level":"info","event":"[]","chan":"stdout","logger":"task"}
{"timestamp":"2025-12-07T10:19:11.039989Z","level":"info","event":"Failed to fetch https://tsetmc.com/History/26014913469567886/20251110: HTTPSConnectionPool(host='tsetmc.com', port=443): Max retries exceeded with url: /History/26014913469567886/20251110 (Caused by SSLError(SSLCertVerificationError(1, '[SSL: CERTIFICATE_VERIFY_FAILED] certificate verify failed: unable to get local issuer certificate (_ssl.c:1010)')))","chan":"stdout","logger":"task"}
{"timestamp":"2025-12-07T10:19:11.090201Z","level":"info","event":"[]","chan":"stdout","logger":"task"}
{"timestamp":"2025-12-07T10:19:11.120085Z","level":"info","event":"[]","chan":"stdout","logger":"task"}
{"timestamp":"2025-12-07T10:19:11.170099Z","level":"info","event":"Failed to fetch https://tsetmc.com/History/26014913469567886/20251113: HTTPSConnectionPool(host='tsetmc.com', port=443): Max retries exceeded with url: /History/26014913469567886/20251113 (Caused by SSLError(SSLCertVerificationError(1, '[SSL: CERTIFICATE_VERIFY_FAILED] certificate verify failed: unable to get local issuer certificate (_ssl.c:1010)')))","chan":"stdout","logger":"task"}
{"timestamp":"2025-12-07T10:19:11.200747Z","level":"info","event":"[]","chan":"stdout","logger":"task"}
{"timestamp":"2025-12-07T10:19:11.229216Z","level":"info","event":"[]","chan":"stdout","logger":"task"}
{"timestamp":"2025-12-07T10:19:11.332495Z","level":"info","event":"Failed to fetch https://tsetmc.com/History/26014913469567886/20251116: HTTPSConnectionPool(host='tsetmc.com', port=443): Max retries exceeded with url: /History/26014913469567886/20251116 (Caused by SSLError(SSLCertVerificationError(1, '[SSL: CERTIFICATE_VERIFY_FAILED] certificate verify failed: unable to get local issuer certificate (_ssl.c:1010)')))","chan":"stdout","logger":"task"}
{"timestamp":"2025-12-07T10:19:11.367672Z","level":"info","event":"[]","chan":"stdout","logger":"task"}
{"timestamp":"2025-12-07T10:19:11.393782Z","level":"info","event":"[]","chan":"stdout","logger":"task"}
{"timestamp":"2025-12-07T10:19:11.437343Z","level":"info","event":"Failed to fetch https://tsetmc.com/History/26014913469567886/20251119: HTTPSConnectionPool(host='tsetmc.com', port=443): Max retries exceeded with url: /History/26014913469567886/20251119 (Caused by SSLError(SSLCertVerificationError(1, '[SSL: CERTIFICATE_VERIFY_FAILED] certificate verify failed: unable to get local issuer certificate (_ssl.c:1010)')))","chan":"stdout","logger":"task"}
{"timestamp":"2025-12-07T10:19:11.468113Z","level":"info","event":"[]","chan":"stdout","logger":"task"}
{"timestamp":"2025-12-07T10:19:11.493648Z","level":"info","event":"[]","chan":"stdout","logger":"task"}
{"timestamp":"2025-12-07T10:19:11.537173Z","level":"info","event":"Failed to fetch https://tsetmc.com/History/26014913469567886/20251122: HTTPSConnectionPool(host='tsetmc.com', port=443): Max retries exceeded with url: /History/26014913469567886/20251122 (Caused by SSLError(SSLCertVerificationError(1, '[SSL: CERTIFICATE_VERIFY_FAILED] certificate verify failed: unable to get local issuer certificate (_ssl.c:1010)')))","chan":"stdout","logger":"task"}
{"timestamp":"2025-12-07T10:19:11.566557Z","level":"info","event":"[]","chan":"stdout","logger":"task"}
{"timestamp":"2025-12-07T10:19:11.597818Z","level":"info","event":"[]","chan":"stdout","logger":"task"}
{"timestamp":"2025-12-07T10:19:11.643085Z","level":"info","event":"Failed to fetch https://tsetmc.com/History/26014913469567886/20251125: HTTPSConnectionPool(host='tsetmc.com', port=443): Max retries exceeded with url: /History/26014913469567886/20251125 (Caused by SSLError(SSLCertVerificationError(1, '[SSL: CERTIFICATE_VERIFY_FAILED] certificate verify failed: unable to get local issuer certificate (_ssl.c:1010)')))","chan":"stdout","logger":"task"}
{"timestamp":"2025-12-07T10:19:11.689476Z","level":"info","event":"[]","chan":"stdout","logger":"task"}
{"timestamp":"2025-12-07T10:19:11.715032Z","level":"info","event":"[]","chan":"stdout","logger":"task"}
{"timestamp":"2025-12-07T10:19:11.757574Z","level":"info","event":"Failed to fetch https://tsetmc.com/History/26014913469567886/20251128: HTTPSConnectionPool(host='tsetmc.com', port=443): Max retries exceeded with url: /History/26014913469567886/20251128 (Caused by SSLError(SSLCertVerificationError(1, '[SSL: CERTIFICATE_VERIFY_FAILED] certificate verify failed: unable to get local issuer certificate (_ssl.c:1010)')))","chan":"stdout","logger":"task"}
{"timestamp":"2025-12-07T10:19:11.790477Z","level":"info","event":"[]","chan":"stdout","logger":"task"}
{"timestamp":"2025-12-07T10:19:11.817399Z","level":"info","event":"[]","chan":"stdout","logger":"task"}
{"timestamp":"2025-12-07T10:19:11.863737Z","level":"info","event":"Failed to fetch https://tsetmc.com/History/26014913469567886/20251201: HTTPSConnectionPool(host='tsetmc.com', port=443): Max retries exceeded with url: /History/26014913469567886/20251201 (Caused by SSLError(SSLCertVerificationError(1, '[SSL: CERTIFICATE_VERIFY_FAILED] certificate verify failed: unable to get local issuer certificate (_ssl.c:1010)')))","chan":"stdout","logger":"task"}
{"timestamp":"2025-12-07T10:19:11.893267Z","level":"info","event":"[]","chan":"stdout","logger":"task"}
{"timestamp":"2025-12-07T10:19:11.921450Z","level":"info","event":"[]","chan":"stdout","logger":"task"}
{"timestamp":"2025-12-07T10:19:12.993262Z","level":"info","event":"Failed to fetch https://tsetmc.com/History/26014913469567886/20251204: HTTPSConnectionPool(host='tsetmc.com', port=443): Max retries exceeded with url: /History/26014913469567886/20251204 (Caused by SSLError(SSLCertVerificationError(1, '[SSL: CERTIFICATE_VERIFY_FAILED] certificate verify failed: unable to get local issuer certificate (_ssl.c:1010)')))","chan":"stdout","logger":"task"}
{"timestamp":"2025-12-07T10:19:13.020929Z","level":"info","event":"[]","chan":"stdout","logger":"task"}
{"timestamp":"2025-12-07T10:19:13.050631Z","level":"info","event":"[]","chan":"stdout","logger":"task"}
{"timestamp":"2025-12-07T10:19:13.098669Z","level":"info","event":"Failed to fetch https://tsetmc.com/History/26014913469567886/20251207: HTTPSConnectionPool(host='tsetmc.com', port=443): Max retries exceeded with url: /History/26014913469567886/20251207 (Caused by SSLError(SSLCertVerificationError(1, '[SSL: CERTIFICATE_VERIFY_FAILED] certificate verify failed: unable to get local issuer certificate (_ssl.c:1010)')))","chan":"stdout","logger":"task"}
{"timestamp":"2025-12-07T10:19:13.132039Z","level":"info","event":"[]","chan":"stdout","logger":"task"}
{"timestamp":"2025-12-07T10:19:13.157965Z","level":"info","event":"[]","chan":"stdout","logger":"task"}
{"timestamp":"2025-12-07T10:19:13.200577Z","level":"info","event":"Failed to fetch https://tsetmc.com/History/25559236668122210/20251109: HTTPSConnectionPool(host='tsetmc.com', port=443): Max retries exceeded with url: /History/25559236668122210/20251109 (Caused by SSLError(SSLCertVerificationError(1, '[SSL: CERTIFICATE_VERIFY_FAILED] certificate verify failed: unable to get local issuer certificate (_ssl.c:1010)')))","chan":"stdout","logger":"task"}
{"timestamp":"2025-12-07T10:19:13.233972Z","level":"info","event":"[]","chan":"stdout","logger":"task"}
{"timestamp":"2025-12-07T10:19:13.262944Z","level":"info","event":"[]","chan":"stdout","logger":"task"}
{"timestamp":"2025-12-07T10:19:13.319518Z","level":"info","event":"Failed to fetch https://tsetmc.com/History/25559236668122210/20251112: HTTPSConnectionPool(host='tsetmc.com', port=443): Max retries exceeded with url: /History/25559236668122210/20251112 (Caused by SSLError(SSLCertVerificationError(1, '[SSL: CERTIFICATE_VERIFY_FAILED] certificate verify failed: unable to get local issuer certificate (_ssl.c:1010)')))","chan":"stdout","logger":"task"}
{"timestamp":"2025-12-07T10:19:13.350532Z","level":"info","event":"[]","chan":"stdout","logger":"task"}
{"timestamp":"2025-12-07T10:19:14.393155Z","level":"info","event":"[]","chan":"stdout","logger":"task"}
{"timestamp":"2025-12-07T10:19:14.438988Z","level":"info","event":"Failed to fetch https://tsetmc.com/History/25559236668122210/20251115: HTTPSConnectionPool(host='tsetmc.com', port=443): Max retries exceeded with url: /History/25559236668122210/20251115 (Caused by SSLError(SSLCertVerificationError(1, '[SSL: CERTIFICATE_VERIFY_FAILED] certificate verify failed: unable to get local issuer certificate (_ssl.c:1010)')))","chan":"stdout","logger":"task"}
{"timestamp":"2025-12-07T10:19:14.470763Z","level":"info","event":"[]","chan":"stdout","logger":"task"}
{"timestamp":"2025-12-07T10:19:14.501197Z","level":"info","event":"[]","chan":"stdout","logger":"task"}
{"timestamp":"2025-12-07T10:19:14.544317Z","level":"info","event":"Failed to fetch https://tsetmc.com/History/25559236668122210/20251118: HTTPSConnectionPool(host='tsetmc.com', port=443): Max retries exceeded with url: /History/25559236668122210/20251118 (Caused by SSLError(SSLCertVerificationError(1, '[SSL: CERTIFICATE_VERIFY_FAILED] certificate verify failed: unable to get local issuer certificate (_ssl.c:1010)')))","chan":"stdout","logger":"task"}
{"timestamp":"2025-12-07T10:19:14.575420Z","level":"info","event":"[]","chan":"stdout","logger":"task"}
{"timestamp":"2025-12-07T10:19:14.605233Z","level":"info","event":"[]","chan":"stdout","logger":"task"}
{"timestamp":"2025-12-07T10:19:14.645920Z","level":"info","event":"Failed to fetch https://tsetmc.com/History/25559236668122210/20251121: HTTPSConnectionPool(host='tsetmc.com', port=443): Max retries exceeded with url: /History/25559236668122210/20251121 (Caused by SSLError(SSLCertVerificationError(1, '[SSL: CERTIFICATE_VERIFY_FAILED] certificate verify failed: unable to get local issuer certificate (_ssl.c:1010)')))","chan":"stdout","logger":"task"}
{"timestamp":"2025-12-07T10:19:14.678721Z","level":"info","event":"[]","chan":"stdout","logger":"task"}
{"timestamp":"2025-12-07T10:19:14.711413Z","level":"info","event":"[]","chan":"stdout","logger":"task"}
{"timestamp":"2025-12-07T10:19:14.757738Z","level":"info","event":"Failed to fetch https://tsetmc.com/History/25559236668122210/20251124: HTTPSConnectionPool(host='tsetmc.com', port=443): Max retries exceeded with url: /History/25559236668122210/20251124 (Caused by SSLError(SSLCertVerificationError(1, '[SSL: CERTIFICATE_VERIFY_FAILED] certificate verify failed: unable to get local issuer certificate (_ssl.c:1010)')))","chan":"stdout","logger":"task"}
{"timestamp":"2025-12-07T10:19:14.792911Z","level":"info","event":"[]","chan":"stdout","logger":"task"}
{"timestamp":"2025-12-07T10:19:14.827641Z","level":"info","event":"[]","chan":"stdout","logger":"task"}
{"timestamp":"2025-12-07T10:19:14.869788Z","level":"info","event":"Failed to fetch https://tsetmc.com/History/25559236668122210/20251127: HTTPSConnectionPool(host='tsetmc.com', port=443): Max retries exceeded with url: /History/25559236668122210/20251127 (Caused by SSLError(SSLCertVerificationError(1, '[SSL: CERTIFICATE_VERIFY_FAILED] certificate verify failed: unable to get local issuer certificate (_ssl.c:1010)')))","chan":"stdout","logger":"task"}
{"timestamp":"2025-12-07T10:19:14.913967Z","level":"info","event":"[]","chan":"stdout","logger":"task"}
{"timestamp":"2025-12-07T10:19:14.942043Z","level":"info","event":"[]","chan":"stdout","logger":"task"}
{"timestamp":"2025-12-07T10:19:14.985009Z","level":"info","event":"Failed to fetch https://tsetmc.com/History/25559236668122210/20251130: HTTPSConnectionPool(host='tsetmc.com', port=443): Max retries exceeded with url: /History/25559236668122210/20251130 (Caused by SSLError(SSLCertVerificationError(1, '[SSL: CERTIFICATE_VERIFY_FAILED] certificate verify failed: unable to get local issuer certificate (_ssl.c:1010)')))","chan":"stdout","logger":"task"}
{"timestamp":"2025-12-07T10:19:15.017549Z","level":"info","event":"[]","chan":"stdout","logger":"task"}
{"timestamp":"2025-12-07T10:19:15.046489Z","level":"info","event":"[]","chan":"stdout","logger":"task"}
{"timestamp":"2025-12-07T10:19:15.089070Z","level":"info","event":"Failed to fetch https://tsetmc.com/History/25559236668122210/20251203: HTTPSConnectionPool(host='tsetmc.com', port=443): Max retries exceeded with url: /History/25559236668122210/20251203 (Caused by SSLError(SSLCertVerificationError(1, '[SSL: CERTIFICATE_VERIFY_FAILED] certificate verify failed: unable to get local issuer certificate (_ssl.c:1010)')))","chan":"stdout","logger":"task"}
{"timestamp":"2025-12-07T10:19:15.117888Z","level":"info","event":"[]","chan":"stdout","logger":"task"}
{"timestamp":"2025-12-07T10:19:15.154087Z","level":"info","event":"[]","chan":"stdout","logger":"task"}
{"timestamp":"2025-12-07T10:19:15.193645Z","level":"info","event":"Failed to fetch https://tsetmc.com/History/25559236668122210/20251206: HTTPSConnectionPool(host='tsetmc.com', port=443): Max retries exceeded with url: /History/25559236668122210/20251206 (Caused by SSLError(SSLCertVerificationError(1, '[SSL: CERTIFICATE_VERIFY_FAILED] certificate verify failed: unable to get local issuer certificate (_ssl.c:1010)')))","chan":"stdout","logger":"task"}
{"timestamp":"2025-12-07T10:19:15.225307Z","level":"info","event":"[]","chan":"stdout","logger":"task"}
{"timestamp":"2025-12-07T10:19:15.255967Z","level":"info","event":"[]","chan":"stdout","logger":"task"}
{"timestamp":"2025-12-07T10:19:15.307732Z","level":"info","event":"Failed to fetch https://tsetmc.com/History/17914401175772326/20251108: HTTPSConnectionPool(host='tsetmc.com', port=443): Max retries exceeded with url: /History/17914401175772326/20251108 (Caused by SSLError(SSLCertVerificationError(1, '[SSL: CERTIFICATE_VERIFY_FAILED] certificate verify failed: unable to get local issuer certificate (_ssl.c:1010)')))","chan":"stdout","logger":"task"}
{"timestamp":"2025-12-07T10:19:15.339958Z","level":"info","event":"[]","chan":"stdout","logger":"task"}
{"timestamp":"2025-12-07T10:19:15.370527Z","level":"info","event":"[]","chan":"stdout","logger":"task"}
{"timestamp":"2025-12-07T10:19:15.411969Z","level":"info","event":"Failed to fetch https://tsetmc.com/History/17914401175772326/20251111: HTTPSConnectionPool(host='tsetmc.com', port=443): Max retries exceeded with url: /History/17914401175772326/20251111 (Caused by SSLError(SSLCertVerificationError(1, '[SSL: CERTIFICATE_VERIFY_FAILED] certificate verify failed: unable to get local issuer certificate (_ssl.c:1010)')))","chan":"stdout","logger":"task"}
{"timestamp":"2025-12-07T10:19:15.442621Z","level":"info","event":"[]","chan":"stdout","logger":"task"}
{"timestamp":"2025-12-07T10:19:15.471815Z","level":"info","event":"[]","chan":"stdout","logger":"task"}
{"timestamp":"2025-12-07T10:19:15.517786Z","level":"info","event":"Failed to fetch https://tsetmc.com/History/17914401175772326/20251114: HTTPSConnectionPool(host='tsetmc.com', port=443): Max retries exceeded with url: /History/17914401175772326/20251114 (Caused by SSLError(SSLCertVerificationError(1, '[SSL: CERTIFICATE_VERIFY_FAILED] certificate verify failed: unable to get local issuer certificate (_ssl.c:1010)')))","chan":"stdout","logger":"task"}
{"timestamp":"2025-12-07T10:19:15.553188Z","level":"info","event":"[]","chan":"stdout","logger":"task"}
{"timestamp":"2025-12-07T10:19:15.584938Z","level":"info","event":"[]","chan":"stdout","logger":"task"}
{"timestamp":"2025-12-07T10:19:15.629562Z","level":"info","event":"Failed to fetch https://tsetmc.com/History/17914401175772326/20251117: HTTPSConnectionPool(host='tsetmc.com', port=443): Max retries exceeded with url: /History/17914401175772326/20251117 (Caused by SSLError(SSLCertVerificationError(1, '[SSL: CERTIFICATE_VERIFY_FAILED] certificate verify failed: unable to get local issuer certificate (_ssl.c:1010)')))","chan":"stdout","logger":"task"}
{"timestamp":"2025-12-07T10:19:15.670490Z","level":"info","event":"[]","chan":"stdout","logger":"task"}
{"timestamp":"2025-12-07T10:19:15.704793Z","level":"info","event":"[]","chan":"stdout","logger":"task"}
{"timestamp":"2025-12-07T10:19:15.752954Z","level":"info","event":"Failed to fetch https://tsetmc.com/History/17914401175772326/20251120: HTTPSConnectionPool(host='tsetmc.com', port=443): Max retries exceeded with url: /History/17914401175772326/20251120 (Caused by SSLError(SSLCertVerificationError(1, '[SSL: CERTIFICATE_VERIFY_FAILED] certificate verify failed: unable to get local issuer certificate (_ssl.c:1010)')))","chan":"stdout","logger":"task"}
{"timestamp":"2025-12-07T10:19:15.792286Z","level":"info","event":"[]","chan":"stdout","logger":"task"}
{"timestamp":"2025-12-07T10:19:15.820139Z","level":"info","event":"[]","chan":"stdout","logger":"task"}
{"timestamp":"2025-12-07T10:19:15.871806Z","level":"info","event":"Failed to fetch https://tsetmc.com/History/17914401175772326/20251123: HTTPSConnectionPool(host='tsetmc.com', port=443): Max retries exceeded with url: /History/17914401175772326/20251123 (Caused by SSLError(SSLCertVerificationError(1, '[SSL: CERTIFICATE_VERIFY_FAILED] certificate verify failed: unable to get local issuer certificate (_ssl.c:1010)')))","chan":"stdout","logger":"task"}
{"timestamp":"2025-12-07T10:19:15.904334Z","level":"info","event":"[]","chan":"stdout","logger":"task"}
{"timestamp":"2025-12-07T10:19:15.931265Z","level":"info","event":"[]","chan":"stdout","logger":"task"}
{"timestamp":"2025-12-07T10:19:15.971671Z","level":"info","event":"Failed to fetch https://tsetmc.com/History/17914401175772326/20251126: HTTPSConnectionPool(host='tsetmc.com', port=443): Max retries exceeded with url: /History/17914401175772326/20251126 (Caused by SSLError(SSLCertVerificationError(1, '[SSL: CERTIFICATE_VERIFY_FAILED] certificate verify failed: unable to get local issuer certificate (_ssl.c:1010)')))","chan":"stdout","logger":"task"}
{"timestamp":"2025-12-07T10:19:16.008303Z","level":"info","event":"[]","chan":"stdout","logger":"task"}
{"timestamp":"2025-12-07T10:19:16.037653Z","level":"info","event":"[]","chan":"stdout","logger":"task"}
{"timestamp":"2025-12-07T10:19:16.088626Z","level":"info","event":"Failed to fetch https://tsetmc.com/History/17914401175772326/20251129: HTTPSConnectionPool(host='tsetmc.com', port=443): Max retries exceeded with url: /History/17914401175772326/20251129 (Caused by SSLError(SSLCertVerificationError(1, '[SSL: CERTIFICATE_VERIFY_FAILED] certificate verify failed: unable to get local issuer certificate (_ssl.c:1010)')))","chan":"stdout","logger":"task"}
{"timestamp":"2025-12-07T10:19:16.120029Z","level":"info","event":"[]","chan":"stdout","logger":"task"}
{"timestamp":"2025-12-07T10:19:16.146049Z","level":"info","event":"[]","chan":"stdout","logger":"task"}
{"timestamp":"2025-12-07T10:19:16.194219Z","level":"info","event":"Failed to fetch https://tsetmc.com/History/17914401175772326/20251202: HTTPSConnectionPool(host='tsetmc.com', port=443): Max retries exceeded with url: /History/17914401175772326/20251202 (Caused by SSLError(SSLCertVerificationError(1, '[SSL: CERTIFICATE_VERIFY_FAILED] certificate verify failed: unable to get local issuer certificate (_ssl.c:1010)')))","chan":"stdout","logger":"task"}
{"timestamp":"2025-12-07T10:19:16.222352Z","level":"info","event":"[]","chan":"stdout","logger":"task"}
{"timestamp":"2025-12-07T10:19:16.254360Z","level":"info","event":"[]","chan":"stdout","logger":"task"}
{"timestamp":"2025-12-07T10:19:16.302192Z","level":"info","event":"Failed to fetch https://tsetmc.com/History/17914401175772326/20251205: HTTPSConnectionPool(host='tsetmc.com', port=443): Max retries exceeded with url: /History/17914401175772326/20251205 (Caused by SSLError(SSLCertVerificationError(1, '[SSL: CERTIFICATE_VERIFY_FAILED] certificate verify failed: unable to get local issuer certificate (_ssl.c:1010)')))","chan":"stdout","logger":"task"}
{"timestamp":"2025-12-07T10:19:16.330961Z","level":"info","event":"[]","chan":"stdout","logger":"task"}
{"timestamp":"2025-12-07T10:19:16.359289Z","level":"info","event":"[]","chan":"stdout","logger":"task"}
{"timestamp":"2025-12-07T10:19:16.359307","level":"info","event":"Done. Returned value was: []","logger":"airflow.task.operators.airflow.providers.standard.decorators.python._PythonDecoratedOperator"}
{"timestamp":"2025-12-07T10:19:16.359605","level":"info","event":"Pushing xcom","ti":"RuntimeTaskInstance(id=UUID('019af852-7aaa-7309-8a83-ef3f62b0a936'), task_id='fetch_and_save_csv', dag_id='tsetmc_data_pipeline', run_id='manual__2025-12-07T10:15:14.103735+00:00', try_number=2, map_index=-1, hostname='da7b7117e734', context_carrier=None, task=<Task(_PythonDecoratedOperator): fetch_and_save_csv>, bundle_instance=LocalDagBundle(name=dags-folder), max_tries=4, start_date=datetime.datetime(2025, 12, 7, 10, 19, 7, 128322, tzinfo=datetime.timezone.utc), end_date=None, state=<TaskInstanceState.RUNNING: 'running'>, is_mapped=False, rendered_map_index=None, log_url='http://localhost:8080/dags/tsetmc_data_pipeline/runs/manual__2025-12-07T10%3A15%3A14.103735%2B00%3A00/tasks/fetch_and_save_csv?try_number=2')","logger":"task"}
