{"timestamp":"2025-12-07T10:22:18.194283","level":"info","event":"DAG bundles loaded: dags-folder","logger":"airflow.dag_processing.bundles.manager.DagBundlesManager"}
{"timestamp":"2025-12-07T10:22:18.195055","level":"info","event":"Filling up the DagBag from /opt/airflow/dags/tsetmc_history_dag.py","logger":"airflow.models.dagbag.DagBag"}
{"timestamp":"2025-12-07T10:22:19.346008Z","level":"info","event":"Failed to fetch https://tsetmc.com/History/34144395039913458/20251107: list index out of range","chan":"stdout","logger":"task"}
{"timestamp":"2025-12-07T10:22:19.405557Z","level":"info","event":"Failed to fetch https://tsetmc.com/History/34144395039913458/20251108: list index out of range","chan":"stdout","logger":"task"}
{"timestamp":"2025-12-07T10:22:19.457062Z","level":"info","event":"Failed to fetch https://tsetmc.com/History/34144395039913458/20251109: HTTPSConnectionPool(host='tsetmc.com', port=443): Max retries exceeded with url: /History/34144395039913458/20251109 (Caused by SSLError(SSLCertVerificationError(1, '[SSL: CERTIFICATE_VERIFY_FAILED] certificate verify failed: unable to get local issuer certificate (_ssl.c:1010)')))","chan":"stdout","logger":"task"}
{"timestamp":"2025-12-07T10:22:19.484972Z","level":"info","event":"Failed to fetch https://tsetmc.com/History/34144395039913458/20251110: list index out of range","chan":"stdout","logger":"task"}
{"timestamp":"2025-12-07T10:22:19.511384Z","level":"info","event":"Failed to fetch https://tsetmc.com/History/34144395039913458/20251111: list index out of range","chan":"stdout","logger":"task"}
{"timestamp":"2025-12-07T10:22:19.555109Z","level":"info","event":"Failed to fetch https://tsetmc.com/History/34144395039913458/20251112: HTTPSConnectionPool(host='tsetmc.com', port=443): Max retries exceeded with url: /History/34144395039913458/20251112 (Caused by SSLError(SSLCertVerificationError(1, '[SSL: CERTIFICATE_VERIFY_FAILED] certificate verify failed: unable to get local issuer certificate (_ssl.c:1010)')))","chan":"stdout","logger":"task"}
{"timestamp":"2025-12-07T10:22:19.585500Z","level":"info","event":"Failed to fetch https://tsetmc.com/History/34144395039913458/20251113: list index out of range","chan":"stdout","logger":"task"}
{"timestamp":"2025-12-07T10:22:19.616769Z","level":"info","event":"Failed to fetch https://tsetmc.com/History/34144395039913458/20251114: list index out of range","chan":"stdout","logger":"task"}
{"timestamp":"2025-12-07T10:22:19.663249Z","level":"info","event":"Failed to fetch https://tsetmc.com/History/34144395039913458/20251115: HTTPSConnectionPool(host='tsetmc.com', port=443): Max retries exceeded with url: /History/34144395039913458/20251115 (Caused by SSLError(SSLCertVerificationError(1, '[SSL: CERTIFICATE_VERIFY_FAILED] certificate verify failed: unable to get local issuer certificate (_ssl.c:1010)')))","chan":"stdout","logger":"task"}
{"timestamp":"2025-12-07T10:22:19.690170Z","level":"info","event":"Failed to fetch https://tsetmc.com/History/34144395039913458/20251116: list index out of range","chan":"stdout","logger":"task"}
{"timestamp":"2025-12-07T10:22:19.718971Z","level":"info","event":"Failed to fetch https://tsetmc.com/History/34144395039913458/20251117: list index out of range","chan":"stdout","logger":"task"}
{"timestamp":"2025-12-07T10:22:19.758082Z","level":"info","event":"Failed to fetch https://tsetmc.com/History/34144395039913458/20251118: HTTPSConnectionPool(host='tsetmc.com', port=443): Max retries exceeded with url: /History/34144395039913458/20251118 (Caused by SSLError(SSLCertVerificationError(1, '[SSL: CERTIFICATE_VERIFY_FAILED] certificate verify failed: unable to get local issuer certificate (_ssl.c:1010)')))","chan":"stdout","logger":"task"}
{"timestamp":"2025-12-07T10:22:19.803728Z","level":"info","event":"Failed to fetch https://tsetmc.com/History/34144395039913458/20251119: list index out of range","chan":"stdout","logger":"task"}
{"timestamp":"2025-12-07T10:22:19.839340Z","level":"info","event":"Failed to fetch https://tsetmc.com/History/34144395039913458/20251120: list index out of range","chan":"stdout","logger":"task"}
{"timestamp":"2025-12-07T10:22:19.888242Z","level":"info","event":"Failed to fetch https://tsetmc.com/History/34144395039913458/20251121: HTTPSConnectionPool(host='tsetmc.com', port=443): Max retries exceeded with url: /History/34144395039913458/20251121 (Caused by SSLError(SSLCertVerificationError(1, '[SSL: CERTIFICATE_VERIFY_FAILED] certificate verify failed: unable to get local issuer certificate (_ssl.c:1010)')))","chan":"stdout","logger":"task"}
{"timestamp":"2025-12-07T10:22:19.979242Z","level":"info","event":"Failed to fetch https://tsetmc.com/History/34144395039913458/20251122: list index out of range","chan":"stdout","logger":"task"}
{"timestamp":"2025-12-07T10:22:20.054347Z","level":"info","event":"Failed to fetch https://tsetmc.com/History/34144395039913458/20251123: list index out of range","chan":"stdout","logger":"task"}
{"timestamp":"2025-12-07T10:22:20.098365Z","level":"info","event":"Failed to fetch https://tsetmc.com/History/34144395039913458/20251124: HTTPSConnectionPool(host='tsetmc.com', port=443): Max retries exceeded with url: /History/34144395039913458/20251124 (Caused by SSLError(SSLCertVerificationError(1, '[SSL: CERTIFICATE_VERIFY_FAILED] certificate verify failed: unable to get local issuer certificate (_ssl.c:1010)')))","chan":"stdout","logger":"task"}
{"timestamp":"2025-12-07T10:22:20.340759Z","level":"info","event":"Failed to fetch https://tsetmc.com/History/34144395039913458/20251125: list index out of range","chan":"stdout","logger":"task"}
{"timestamp":"2025-12-07T10:22:20.368277Z","level":"info","event":"Failed to fetch https://tsetmc.com/History/34144395039913458/20251126: list index out of range","chan":"stdout","logger":"task"}
{"timestamp":"2025-12-07T10:22:20.418991Z","level":"info","event":"Failed to fetch https://tsetmc.com/History/34144395039913458/20251127: HTTPSConnectionPool(host='tsetmc.com', port=443): Max retries exceeded with url: /History/34144395039913458/20251127 (Caused by SSLError(SSLCertVerificationError(1, '[SSL: CERTIFICATE_VERIFY_FAILED] certificate verify failed: unable to get local issuer certificate (_ssl.c:1010)')))","chan":"stdout","logger":"task"}
{"timestamp":"2025-12-07T10:22:20.453358Z","level":"info","event":"Failed to fetch https://tsetmc.com/History/34144395039913458/20251128: list index out of range","chan":"stdout","logger":"task"}
{"timestamp":"2025-12-07T10:22:20.483688Z","level":"info","event":"Failed to fetch https://tsetmc.com/History/34144395039913458/20251129: list index out of range","chan":"stdout","logger":"task"}
{"timestamp":"2025-12-07T10:22:20.527829Z","level":"info","event":"Failed to fetch https://tsetmc.com/History/34144395039913458/20251130: HTTPSConnectionPool(host='tsetmc.com', port=443): Max retries exceeded with url: /History/34144395039913458/20251130 (Caused by SSLError(SSLCertVerificationError(1, '[SSL: CERTIFICATE_VERIFY_FAILED] certificate verify failed: unable to get local issuer certificate (_ssl.c:1010)')))","chan":"stdout","logger":"task"}
{"timestamp":"2025-12-07T10:22:20.555159Z","level":"info","event":"Failed to fetch https://tsetmc.com/History/34144395039913458/20251201: list index out of range","chan":"stdout","logger":"task"}
{"timestamp":"2025-12-07T10:22:20.587201Z","level":"info","event":"Failed to fetch https://tsetmc.com/History/34144395039913458/20251202: list index out of range","chan":"stdout","logger":"task"}
{"timestamp":"2025-12-07T10:22:20.625629Z","level":"info","event":"Failed to fetch https://tsetmc.com/History/34144395039913458/20251203: HTTPSConnectionPool(host='tsetmc.com', port=443): Max retries exceeded with url: /History/34144395039913458/20251203 (Caused by SSLError(SSLCertVerificationError(1, '[SSL: CERTIFICATE_VERIFY_FAILED] certificate verify failed: unable to get local issuer certificate (_ssl.c:1010)')))","chan":"stdout","logger":"task"}
{"timestamp":"2025-12-07T10:22:20.654239Z","level":"info","event":"Failed to fetch https://tsetmc.com/History/34144395039913458/20251204: list index out of range","chan":"stdout","logger":"task"}
{"timestamp":"2025-12-07T10:22:20.690536Z","level":"info","event":"Failed to fetch https://tsetmc.com/History/34144395039913458/20251205: list index out of range","chan":"stdout","logger":"task"}
{"timestamp":"2025-12-07T10:22:20.730814Z","level":"info","event":"Failed to fetch https://tsetmc.com/History/34144395039913458/20251206: HTTPSConnectionPool(host='tsetmc.com', port=443): Max retries exceeded with url: /History/34144395039913458/20251206 (Caused by SSLError(SSLCertVerificationError(1, '[SSL: CERTIFICATE_VERIFY_FAILED] certificate verify failed: unable to get local issuer certificate (_ssl.c:1010)')))","chan":"stdout","logger":"task"}
{"timestamp":"2025-12-07T10:22:20.780133Z","level":"info","event":"Failed to fetch https://tsetmc.com/History/34144395039913458/20251207: list index out of range","chan":"stdout","logger":"task"}
{"timestamp":"2025-12-07T10:22:20.811393Z","level":"info","event":"Failed to fetch https://tsetmc.com/History/26014913469567886/20251107: list index out of range","chan":"stdout","logger":"task"}
{"timestamp":"2025-12-07T10:22:20.854695Z","level":"info","event":"Failed to fetch https://tsetmc.com/History/26014913469567886/20251108: HTTPSConnectionPool(host='tsetmc.com', port=443): Max retries exceeded with url: /History/26014913469567886/20251108 (Caused by SSLError(SSLCertVerificationError(1, '[SSL: CERTIFICATE_VERIFY_FAILED] certificate verify failed: unable to get local issuer certificate (_ssl.c:1010)')))","chan":"stdout","logger":"task"}
{"timestamp":"2025-12-07T10:22:20.885951Z","level":"info","event":"Failed to fetch https://tsetmc.com/History/26014913469567886/20251109: list index out of range","chan":"stdout","logger":"task"}
{"timestamp":"2025-12-07T10:22:20.919243Z","level":"info","event":"Failed to fetch https://tsetmc.com/History/26014913469567886/20251110: list index out of range","chan":"stdout","logger":"task"}
{"timestamp":"2025-12-07T10:22:20.962305Z","level":"info","event":"Failed to fetch https://tsetmc.com/History/26014913469567886/20251111: HTTPSConnectionPool(host='tsetmc.com', port=443): Max retries exceeded with url: /History/26014913469567886/20251111 (Caused by SSLError(SSLCertVerificationError(1, '[SSL: CERTIFICATE_VERIFY_FAILED] certificate verify failed: unable to get local issuer certificate (_ssl.c:1010)')))","chan":"stdout","logger":"task"}
{"timestamp":"2025-12-07T10:22:20.996746Z","level":"info","event":"Failed to fetch https://tsetmc.com/History/26014913469567886/20251112: list index out of range","chan":"stdout","logger":"task"}
{"timestamp":"2025-12-07T10:22:21.028930Z","level":"info","event":"Failed to fetch https://tsetmc.com/History/26014913469567886/20251113: list index out of range","chan":"stdout","logger":"task"}
{"timestamp":"2025-12-07T10:22:21.077620Z","level":"info","event":"Failed to fetch https://tsetmc.com/History/26014913469567886/20251114: HTTPSConnectionPool(host='tsetmc.com', port=443): Max retries exceeded with url: /History/26014913469567886/20251114 (Caused by SSLError(SSLCertVerificationError(1, '[SSL: CERTIFICATE_VERIFY_FAILED] certificate verify failed: unable to get local issuer certificate (_ssl.c:1010)')))","chan":"stdout","logger":"task"}
{"timestamp":"2025-12-07T10:22:21.129574Z","level":"info","event":"Failed to fetch https://tsetmc.com/History/26014913469567886/20251115: list index out of range","chan":"stdout","logger":"task"}
{"timestamp":"2025-12-07T10:22:21.166653Z","level":"info","event":"Failed to fetch https://tsetmc.com/History/26014913469567886/20251116: list index out of range","chan":"stdout","logger":"task"}
{"timestamp":"2025-12-07T10:22:21.214324Z","level":"info","event":"Failed to fetch https://tsetmc.com/History/26014913469567886/20251117: HTTPSConnectionPool(host='tsetmc.com', port=443): Max retries exceeded with url: /History/26014913469567886/20251117 (Caused by SSLError(SSLCertVerificationError(1, '[SSL: CERTIFICATE_VERIFY_FAILED] certificate verify failed: unable to get local issuer certificate (_ssl.c:1010)')))","chan":"stdout","logger":"task"}
{"timestamp":"2025-12-07T10:22:21.253877Z","level":"info","event":"Failed to fetch https://tsetmc.com/History/26014913469567886/20251118: list index out of range","chan":"stdout","logger":"task"}
{"timestamp":"2025-12-07T10:22:21.293190Z","level":"info","event":"Failed to fetch https://tsetmc.com/History/26014913469567886/20251119: list index out of range","chan":"stdout","logger":"task"}
{"timestamp":"2025-12-07T10:22:21.443673Z","level":"info","event":"Failed to fetch https://tsetmc.com/History/26014913469567886/20251120: HTTPSConnectionPool(host='tsetmc.com', port=443): Max retries exceeded with url: /History/26014913469567886/20251120 (Caused by SSLError(SSLCertVerificationError(1, '[SSL: CERTIFICATE_VERIFY_FAILED] certificate verify failed: unable to get local issuer certificate (_ssl.c:1010)')))","chan":"stdout","logger":"task"}
{"timestamp":"2025-12-07T10:22:21.473163Z","level":"info","event":"Failed to fetch https://tsetmc.com/History/26014913469567886/20251121: list index out of range","chan":"stdout","logger":"task"}
{"timestamp":"2025-12-07T10:22:21.509042Z","level":"info","event":"Failed to fetch https://tsetmc.com/History/26014913469567886/20251122: list index out of range","chan":"stdout","logger":"task"}
{"timestamp":"2025-12-07T10:22:21.554999Z","level":"info","event":"Failed to fetch https://tsetmc.com/History/26014913469567886/20251123: HTTPSConnectionPool(host='tsetmc.com', port=443): Max retries exceeded with url: /History/26014913469567886/20251123 (Caused by SSLError(SSLCertVerificationError(1, '[SSL: CERTIFICATE_VERIFY_FAILED] certificate verify failed: unable to get local issuer certificate (_ssl.c:1010)')))","chan":"stdout","logger":"task"}
{"timestamp":"2025-12-07T10:22:21.582620Z","level":"info","event":"Failed to fetch https://tsetmc.com/History/26014913469567886/20251124: list index out of range","chan":"stdout","logger":"task"}
{"timestamp":"2025-12-07T10:22:21.614219Z","level":"info","event":"Failed to fetch https://tsetmc.com/History/26014913469567886/20251125: list index out of range","chan":"stdout","logger":"task"}
{"timestamp":"2025-12-07T10:22:21.654886Z","level":"info","event":"Failed to fetch https://tsetmc.com/History/26014913469567886/20251126: HTTPSConnectionPool(host='tsetmc.com', port=443): Max retries exceeded with url: /History/26014913469567886/20251126 (Caused by SSLError(SSLCertVerificationError(1, '[SSL: CERTIFICATE_VERIFY_FAILED] certificate verify failed: unable to get local issuer certificate (_ssl.c:1010)')))","chan":"stdout","logger":"task"}
{"timestamp":"2025-12-07T10:22:21.686094Z","level":"info","event":"Failed to fetch https://tsetmc.com/History/26014913469567886/20251127: list index out of range","chan":"stdout","logger":"task"}
{"timestamp":"2025-12-07T10:22:21.721790Z","level":"info","event":"Failed to fetch https://tsetmc.com/History/26014913469567886/20251128: list index out of range","chan":"stdout","logger":"task"}
{"timestamp":"2025-12-07T10:22:21.770417Z","level":"info","event":"Failed to fetch https://tsetmc.com/History/26014913469567886/20251129: HTTPSConnectionPool(host='tsetmc.com', port=443): Max retries exceeded with url: /History/26014913469567886/20251129 (Caused by SSLError(SSLCertVerificationError(1, '[SSL: CERTIFICATE_VERIFY_FAILED] certificate verify failed: unable to get local issuer certificate (_ssl.c:1010)')))","chan":"stdout","logger":"task"}
{"timestamp":"2025-12-07T10:22:21.804208Z","level":"info","event":"Failed to fetch https://tsetmc.com/History/26014913469567886/20251130: list index out of range","chan":"stdout","logger":"task"}
{"timestamp":"2025-12-07T10:22:21.837906Z","level":"info","event":"Failed to fetch https://tsetmc.com/History/26014913469567886/20251201: list index out of range","chan":"stdout","logger":"task"}
{"timestamp":"2025-12-07T10:22:21.879420Z","level":"info","event":"Failed to fetch https://tsetmc.com/History/26014913469567886/20251202: HTTPSConnectionPool(host='tsetmc.com', port=443): Max retries exceeded with url: /History/26014913469567886/20251202 (Caused by SSLError(SSLCertVerificationError(1, '[SSL: CERTIFICATE_VERIFY_FAILED] certificate verify failed: unable to get local issuer certificate (_ssl.c:1010)')))","chan":"stdout","logger":"task"}
{"timestamp":"2025-12-07T10:22:21.912186Z","level":"info","event":"Failed to fetch https://tsetmc.com/History/26014913469567886/20251203: list index out of range","chan":"stdout","logger":"task"}
{"timestamp":"2025-12-07T10:22:21.943740Z","level":"info","event":"Failed to fetch https://tsetmc.com/History/26014913469567886/20251204: list index out of range","chan":"stdout","logger":"task"}
{"timestamp":"2025-12-07T10:22:21.995704Z","level":"info","event":"Failed to fetch https://tsetmc.com/History/26014913469567886/20251205: HTTPSConnectionPool(host='tsetmc.com', port=443): Max retries exceeded with url: /History/26014913469567886/20251205 (Caused by SSLError(SSLCertVerificationError(1, '[SSL: CERTIFICATE_VERIFY_FAILED] certificate verify failed: unable to get local issuer certificate (_ssl.c:1010)')))","chan":"stdout","logger":"task"}
{"timestamp":"2025-12-07T10:22:22.025680Z","level":"info","event":"Failed to fetch https://tsetmc.com/History/26014913469567886/20251206: list index out of range","chan":"stdout","logger":"task"}
{"timestamp":"2025-12-07T10:22:22.056941Z","level":"info","event":"Failed to fetch https://tsetmc.com/History/26014913469567886/20251207: list index out of range","chan":"stdout","logger":"task"}
{"timestamp":"2025-12-07T10:22:22.105201Z","level":"info","event":"Failed to fetch https://tsetmc.com/History/26014913469567886/20251107: HTTPSConnectionPool(host='tsetmc.com', port=443): Max retries exceeded with url: /History/26014913469567886/20251107 (Caused by SSLError(SSLCertVerificationError(1, '[SSL: CERTIFICATE_VERIFY_FAILED] certificate verify failed: unable to get local issuer certificate (_ssl.c:1010)')))","chan":"stdout","logger":"task"}
{"timestamp":"2025-12-07T10:22:22.136834Z","level":"info","event":"Failed to fetch https://tsetmc.com/History/26014913469567886/20251108: list index out of range","chan":"stdout","logger":"task"}
{"timestamp":"2025-12-07T10:22:22.163128Z","level":"info","event":"Failed to fetch https://tsetmc.com/History/26014913469567886/20251109: list index out of range","chan":"stdout","logger":"task"}
{"timestamp":"2025-12-07T10:22:22.228713Z","level":"info","event":"Failed to fetch https://tsetmc.com/History/26014913469567886/20251110: HTTPSConnectionPool(host='tsetmc.com', port=443): Max retries exceeded with url: /History/26014913469567886/20251110 (Caused by SSLError(SSLCertVerificationError(1, '[SSL: CERTIFICATE_VERIFY_FAILED] certificate verify failed: unable to get local issuer certificate (_ssl.c:1010)')))","chan":"stdout","logger":"task"}
{"timestamp":"2025-12-07T10:22:22.260136Z","level":"info","event":"Failed to fetch https://tsetmc.com/History/26014913469567886/20251111: list index out of range","chan":"stdout","logger":"task"}
{"timestamp":"2025-12-07T10:22:22.289133Z","level":"info","event":"Failed to fetch https://tsetmc.com/History/26014913469567886/20251112: list index out of range","chan":"stdout","logger":"task"}
{"timestamp":"2025-12-07T10:22:22.329200Z","level":"info","event":"Failed to fetch https://tsetmc.com/History/26014913469567886/20251113: HTTPSConnectionPool(host='tsetmc.com', port=443): Max retries exceeded with url: /History/26014913469567886/20251113 (Caused by SSLError(SSLCertVerificationError(1, '[SSL: CERTIFICATE_VERIFY_FAILED] certificate verify failed: unable to get local issuer certificate (_ssl.c:1010)')))","chan":"stdout","logger":"task"}
{"timestamp":"2025-12-07T10:22:22.381106Z","level":"info","event":"Failed to fetch https://tsetmc.com/History/26014913469567886/20251114: list index out of range","chan":"stdout","logger":"task"}
{"timestamp":"2025-12-07T10:22:22.415664Z","level":"info","event":"Failed to fetch https://tsetmc.com/History/26014913469567886/20251115: list index out of range","chan":"stdout","logger":"task"}
{"timestamp":"2025-12-07T10:22:22.457397Z","level":"info","event":"Failed to fetch https://tsetmc.com/History/26014913469567886/20251116: HTTPSConnectionPool(host='tsetmc.com', port=443): Max retries exceeded with url: /History/26014913469567886/20251116 (Caused by SSLError(SSLCertVerificationError(1, '[SSL: CERTIFICATE_VERIFY_FAILED] certificate verify failed: unable to get local issuer certificate (_ssl.c:1010)')))","chan":"stdout","logger":"task"}
{"timestamp":"2025-12-07T10:22:22.489763Z","level":"info","event":"Failed to fetch https://tsetmc.com/History/26014913469567886/20251117: list index out of range","chan":"stdout","logger":"task"}
{"timestamp":"2025-12-07T10:22:22.531782Z","level":"info","event":"Failed to fetch https://tsetmc.com/History/26014913469567886/20251118: list index out of range","chan":"stdout","logger":"task"}
{"timestamp":"2025-12-07T10:22:22.579877Z","level":"info","event":"Failed to fetch https://tsetmc.com/History/26014913469567886/20251119: HTTPSConnectionPool(host='tsetmc.com', port=443): Max retries exceeded with url: /History/26014913469567886/20251119 (Caused by SSLError(SSLCertVerificationError(1, '[SSL: CERTIFICATE_VERIFY_FAILED] certificate verify failed: unable to get local issuer certificate (_ssl.c:1010)')))","chan":"stdout","logger":"task"}
{"timestamp":"2025-12-07T10:22:22.615204Z","level":"info","event":"Failed to fetch https://tsetmc.com/History/26014913469567886/20251120: list index out of range","chan":"stdout","logger":"task"}
{"timestamp":"2025-12-07T10:22:22.648196Z","level":"info","event":"Failed to fetch https://tsetmc.com/History/26014913469567886/20251121: list index out of range","chan":"stdout","logger":"task"}
{"timestamp":"2025-12-07T10:22:22.698197Z","level":"info","event":"Failed to fetch https://tsetmc.com/History/26014913469567886/20251122: HTTPSConnectionPool(host='tsetmc.com', port=443): Max retries exceeded with url: /History/26014913469567886/20251122 (Caused by SSLError(SSLCertVerificationError(1, '[SSL: CERTIFICATE_VERIFY_FAILED] certificate verify failed: unable to get local issuer certificate (_ssl.c:1010)')))","chan":"stdout","logger":"task"}
{"timestamp":"2025-12-07T10:22:22.737892Z","level":"info","event":"Failed to fetch https://tsetmc.com/History/26014913469567886/20251123: list index out of range","chan":"stdout","logger":"task"}
{"timestamp":"2025-12-07T10:22:22.778967Z","level":"info","event":"Failed to fetch https://tsetmc.com/History/26014913469567886/20251124: list index out of range","chan":"stdout","logger":"task"}
{"timestamp":"2025-12-07T10:22:22.841265Z","level":"info","event":"Failed to fetch https://tsetmc.com/History/26014913469567886/20251125: HTTPSConnectionPool(host='tsetmc.com', port=443): Max retries exceeded with url: /History/26014913469567886/20251125 (Caused by SSLError(SSLCertVerificationError(1, '[SSL: CERTIFICATE_VERIFY_FAILED] certificate verify failed: unable to get local issuer certificate (_ssl.c:1010)')))","chan":"stdout","logger":"task"}
{"timestamp":"2025-12-07T10:22:22.878580Z","level":"info","event":"Failed to fetch https://tsetmc.com/History/26014913469567886/20251126: list index out of range","chan":"stdout","logger":"task"}
{"timestamp":"2025-12-07T10:22:22.913891Z","level":"info","event":"Failed to fetch https://tsetmc.com/History/26014913469567886/20251127: list index out of range","chan":"stdout","logger":"task"}
{"timestamp":"2025-12-07T10:22:22.967100Z","level":"info","event":"Failed to fetch https://tsetmc.com/History/26014913469567886/20251128: HTTPSConnectionPool(host='tsetmc.com', port=443): Max retries exceeded with url: /History/26014913469567886/20251128 (Caused by SSLError(SSLCertVerificationError(1, '[SSL: CERTIFICATE_VERIFY_FAILED] certificate verify failed: unable to get local issuer certificate (_ssl.c:1010)')))","chan":"stdout","logger":"task"}
{"timestamp":"2025-12-07T10:22:23.013423Z","level":"info","event":"Failed to fetch https://tsetmc.com/History/26014913469567886/20251129: list index out of range","chan":"stdout","logger":"task"}
{"timestamp":"2025-12-07T10:22:23.051529Z","level":"info","event":"Failed to fetch https://tsetmc.com/History/26014913469567886/20251130: list index out of range","chan":"stdout","logger":"task"}
{"timestamp":"2025-12-07T10:22:23.093611Z","level":"info","event":"Failed to fetch https://tsetmc.com/History/26014913469567886/20251201: HTTPSConnectionPool(host='tsetmc.com', port=443): Max retries exceeded with url: /History/26014913469567886/20251201 (Caused by SSLError(SSLCertVerificationError(1, '[SSL: CERTIFICATE_VERIFY_FAILED] certificate verify failed: unable to get local issuer certificate (_ssl.c:1010)')))","chan":"stdout","logger":"task"}
{"timestamp":"2025-12-07T10:22:23.122403Z","level":"info","event":"Failed to fetch https://tsetmc.com/History/26014913469567886/20251202: list index out of range","chan":"stdout","logger":"task"}
{"timestamp":"2025-12-07T10:22:23.170794Z","level":"info","event":"Failed to fetch https://tsetmc.com/History/26014913469567886/20251203: list index out of range","chan":"stdout","logger":"task"}
{"timestamp":"2025-12-07T10:22:23.210923Z","level":"info","event":"Failed to fetch https://tsetmc.com/History/26014913469567886/20251204: HTTPSConnectionPool(host='tsetmc.com', port=443): Max retries exceeded with url: /History/26014913469567886/20251204 (Caused by SSLError(SSLCertVerificationError(1, '[SSL: CERTIFICATE_VERIFY_FAILED] certificate verify failed: unable to get local issuer certificate (_ssl.c:1010)')))","chan":"stdout","logger":"task"}
{"timestamp":"2025-12-07T10:22:23.250294Z","level":"info","event":"Failed to fetch https://tsetmc.com/History/26014913469567886/20251205: list index out of range","chan":"stdout","logger":"task"}
{"timestamp":"2025-12-07T10:22:23.291739Z","level":"info","event":"Failed to fetch https://tsetmc.com/History/26014913469567886/20251206: list index out of range","chan":"stdout","logger":"task"}
{"timestamp":"2025-12-07T10:22:23.332745Z","level":"info","event":"Failed to fetch https://tsetmc.com/History/26014913469567886/20251207: HTTPSConnectionPool(host='tsetmc.com', port=443): Max retries exceeded with url: /History/26014913469567886/20251207 (Caused by SSLError(SSLCertVerificationError(1, '[SSL: CERTIFICATE_VERIFY_FAILED] certificate verify failed: unable to get local issuer certificate (_ssl.c:1010)')))","chan":"stdout","logger":"task"}
{"timestamp":"2025-12-07T10:22:23.365696Z","level":"info","event":"Failed to fetch https://tsetmc.com/History/25559236668122210/20251107: list index out of range","chan":"stdout","logger":"task"}
{"timestamp":"2025-12-07T10:22:23.402842Z","level":"info","event":"Failed to fetch https://tsetmc.com/History/25559236668122210/20251108: list index out of range","chan":"stdout","logger":"task"}
{"timestamp":"2025-12-07T10:22:23.447905Z","level":"info","event":"Failed to fetch https://tsetmc.com/History/25559236668122210/20251109: HTTPSConnectionPool(host='tsetmc.com', port=443): Max retries exceeded with url: /History/25559236668122210/20251109 (Caused by SSLError(SSLCertVerificationError(1, '[SSL: CERTIFICATE_VERIFY_FAILED] certificate verify failed: unable to get local issuer certificate (_ssl.c:1010)')))","chan":"stdout","logger":"task"}
{"timestamp":"2025-12-07T10:22:23.481814Z","level":"info","event":"Failed to fetch https://tsetmc.com/History/25559236668122210/20251110: list index out of range","chan":"stdout","logger":"task"}
{"timestamp":"2025-12-07T10:22:23.520104Z","level":"info","event":"Failed to fetch https://tsetmc.com/History/25559236668122210/20251111: list index out of range","chan":"stdout","logger":"task"}
{"timestamp":"2025-12-07T10:22:23.573773Z","level":"info","event":"Failed to fetch https://tsetmc.com/History/25559236668122210/20251112: HTTPSConnectionPool(host='tsetmc.com', port=443): Max retries exceeded with url: /History/25559236668122210/20251112 (Caused by SSLError(SSLCertVerificationError(1, '[SSL: CERTIFICATE_VERIFY_FAILED] certificate verify failed: unable to get local issuer certificate (_ssl.c:1010)')))","chan":"stdout","logger":"task"}
{"timestamp":"2025-12-07T10:22:23.606256Z","level":"info","event":"Failed to fetch https://tsetmc.com/History/25559236668122210/20251113: list index out of range","chan":"stdout","logger":"task"}
{"timestamp":"2025-12-07T10:22:24.666213Z","level":"info","event":"Failed to fetch https://tsetmc.com/History/25559236668122210/20251114: list index out of range","chan":"stdout","logger":"task"}
{"timestamp":"2025-12-07T10:22:24.711047Z","level":"info","event":"Failed to fetch https://tsetmc.com/History/25559236668122210/20251115: HTTPSConnectionPool(host='tsetmc.com', port=443): Max retries exceeded with url: /History/25559236668122210/20251115 (Caused by SSLError(SSLCertVerificationError(1, '[SSL: CERTIFICATE_VERIFY_FAILED] certificate verify failed: unable to get local issuer certificate (_ssl.c:1010)')))","chan":"stdout","logger":"task"}
{"timestamp":"2025-12-07T10:22:24.750655Z","level":"info","event":"Failed to fetch https://tsetmc.com/History/25559236668122210/20251116: list index out of range","chan":"stdout","logger":"task"}
{"timestamp":"2025-12-07T10:22:24.783560Z","level":"info","event":"Failed to fetch https://tsetmc.com/History/25559236668122210/20251117: list index out of range","chan":"stdout","logger":"task"}
{"timestamp":"2025-12-07T10:22:24.825925Z","level":"info","event":"Failed to fetch https://tsetmc.com/History/25559236668122210/20251118: HTTPSConnectionPool(host='tsetmc.com', port=443): Max retries exceeded with url: /History/25559236668122210/20251118 (Caused by SSLError(SSLCertVerificationError(1, '[SSL: CERTIFICATE_VERIFY_FAILED] certificate verify failed: unable to get local issuer certificate (_ssl.c:1010)')))","chan":"stdout","logger":"task"}
{"timestamp":"2025-12-07T10:22:24.852935Z","level":"info","event":"Failed to fetch https://tsetmc.com/History/25559236668122210/20251119: list index out of range","chan":"stdout","logger":"task"}
{"timestamp":"2025-12-07T10:22:24.888115Z","level":"info","event":"Failed to fetch https://tsetmc.com/History/25559236668122210/20251120: list index out of range","chan":"stdout","logger":"task"}
{"timestamp":"2025-12-07T10:22:24.930134Z","level":"info","event":"Failed to fetch https://tsetmc.com/History/25559236668122210/20251121: HTTPSConnectionPool(host='tsetmc.com', port=443): Max retries exceeded with url: /History/25559236668122210/20251121 (Caused by SSLError(SSLCertVerificationError(1, '[SSL: CERTIFICATE_VERIFY_FAILED] certificate verify failed: unable to get local issuer certificate (_ssl.c:1010)')))","chan":"stdout","logger":"task"}
{"timestamp":"2025-12-07T10:22:24.967568Z","level":"info","event":"Failed to fetch https://tsetmc.com/History/25559236668122210/20251122: list index out of range","chan":"stdout","logger":"task"}
{"timestamp":"2025-12-07T10:22:25.012335Z","level":"info","event":"Failed to fetch https://tsetmc.com/History/25559236668122210/20251123: list index out of range","chan":"stdout","logger":"task"}
{"timestamp":"2025-12-07T10:22:25.059430Z","level":"info","event":"Failed to fetch https://tsetmc.com/History/25559236668122210/20251124: HTTPSConnectionPool(host='tsetmc.com', port=443): Max retries exceeded with url: /History/25559236668122210/20251124 (Caused by SSLError(SSLCertVerificationError(1, '[SSL: CERTIFICATE_VERIFY_FAILED] certificate verify failed: unable to get local issuer certificate (_ssl.c:1010)')))","chan":"stdout","logger":"task"}
{"timestamp":"2025-12-07T10:22:25.089574Z","level":"info","event":"Failed to fetch https://tsetmc.com/History/25559236668122210/20251125: list index out of range","chan":"stdout","logger":"task"}
{"timestamp":"2025-12-07T10:22:25.118126Z","level":"info","event":"Failed to fetch https://tsetmc.com/History/25559236668122210/20251126: list index out of range","chan":"stdout","logger":"task"}
{"timestamp":"2025-12-07T10:22:25.161712Z","level":"info","event":"Failed to fetch https://tsetmc.com/History/25559236668122210/20251127: HTTPSConnectionPool(host='tsetmc.com', port=443): Max retries exceeded with url: /History/25559236668122210/20251127 (Caused by SSLError(SSLCertVerificationError(1, '[SSL: CERTIFICATE_VERIFY_FAILED] certificate verify failed: unable to get local issuer certificate (_ssl.c:1010)')))","chan":"stdout","logger":"task"}
{"timestamp":"2025-12-07T10:22:25.194182Z","level":"info","event":"Failed to fetch https://tsetmc.com/History/25559236668122210/20251128: list index out of range","chan":"stdout","logger":"task"}
{"timestamp":"2025-12-07T10:22:25.221903Z","level":"info","event":"Failed to fetch https://tsetmc.com/History/25559236668122210/20251129: list index out of range","chan":"stdout","logger":"task"}
{"timestamp":"2025-12-07T10:22:25.260548Z","level":"info","event":"Failed to fetch https://tsetmc.com/History/25559236668122210/20251130: HTTPSConnectionPool(host='tsetmc.com', port=443): Max retries exceeded with url: /History/25559236668122210/20251130 (Caused by SSLError(SSLCertVerificationError(1, '[SSL: CERTIFICATE_VERIFY_FAILED] certificate verify failed: unable to get local issuer certificate (_ssl.c:1010)')))","chan":"stdout","logger":"task"}
{"timestamp":"2025-12-07T10:22:25.292490Z","level":"info","event":"Failed to fetch https://tsetmc.com/History/25559236668122210/20251201: list index out of range","chan":"stdout","logger":"task"}
{"timestamp":"2025-12-07T10:22:25.322038Z","level":"info","event":"Failed to fetch https://tsetmc.com/History/25559236668122210/20251202: list index out of range","chan":"stdout","logger":"task"}
{"timestamp":"2025-12-07T10:22:25.367937Z","level":"info","event":"Failed to fetch https://tsetmc.com/History/25559236668122210/20251203: HTTPSConnectionPool(host='tsetmc.com', port=443): Max retries exceeded with url: /History/25559236668122210/20251203 (Caused by SSLError(SSLCertVerificationError(1, '[SSL: CERTIFICATE_VERIFY_FAILED] certificate verify failed: unable to get local issuer certificate (_ssl.c:1010)')))","chan":"stdout","logger":"task"}
{"timestamp":"2025-12-07T10:22:25.397883Z","level":"info","event":"Failed to fetch https://tsetmc.com/History/25559236668122210/20251204: list index out of range","chan":"stdout","logger":"task"}
{"timestamp":"2025-12-07T10:22:25.443621Z","level":"info","event":"Failed to fetch https://tsetmc.com/History/25559236668122210/20251205: list index out of range","chan":"stdout","logger":"task"}
{"timestamp":"2025-12-07T10:22:25.484446Z","level":"info","event":"Failed to fetch https://tsetmc.com/History/25559236668122210/20251206: HTTPSConnectionPool(host='tsetmc.com', port=443): Max retries exceeded with url: /History/25559236668122210/20251206 (Caused by SSLError(SSLCertVerificationError(1, '[SSL: CERTIFICATE_VERIFY_FAILED] certificate verify failed: unable to get local issuer certificate (_ssl.c:1010)')))","chan":"stdout","logger":"task"}
{"timestamp":"2025-12-07T10:22:25.514071Z","level":"info","event":"Failed to fetch https://tsetmc.com/History/25559236668122210/20251207: list index out of range","chan":"stdout","logger":"task"}
{"timestamp":"2025-12-07T10:22:25.543359Z","level":"info","event":"Failed to fetch https://tsetmc.com/History/17914401175772326/20251107: list index out of range","chan":"stdout","logger":"task"}
{"timestamp":"2025-12-07T10:22:25.590448Z","level":"info","event":"Failed to fetch https://tsetmc.com/History/17914401175772326/20251108: HTTPSConnectionPool(host='tsetmc.com', port=443): Max retries exceeded with url: /History/17914401175772326/20251108 (Caused by SSLError(SSLCertVerificationError(1, '[SSL: CERTIFICATE_VERIFY_FAILED] certificate verify failed: unable to get local issuer certificate (_ssl.c:1010)')))","chan":"stdout","logger":"task"}
{"timestamp":"2025-12-07T10:22:25.618421Z","level":"info","event":"Failed to fetch https://tsetmc.com/History/17914401175772326/20251109: list index out of range","chan":"stdout","logger":"task"}
{"timestamp":"2025-12-07T10:22:25.651350Z","level":"info","event":"Failed to fetch https://tsetmc.com/History/17914401175772326/20251110: list index out of range","chan":"stdout","logger":"task"}
{"timestamp":"2025-12-07T10:22:25.692559Z","level":"info","event":"Failed to fetch https://tsetmc.com/History/17914401175772326/20251111: HTTPSConnectionPool(host='tsetmc.com', port=443): Max retries exceeded with url: /History/17914401175772326/20251111 (Caused by SSLError(SSLCertVerificationError(1, '[SSL: CERTIFICATE_VERIFY_FAILED] certificate verify failed: unable to get local issuer certificate (_ssl.c:1010)')))","chan":"stdout","logger":"task"}
{"timestamp":"2025-12-07T10:22:25.731504Z","level":"info","event":"Failed to fetch https://tsetmc.com/History/17914401175772326/20251112: list index out of range","chan":"stdout","logger":"task"}
{"timestamp":"2025-12-07T10:22:25.764002Z","level":"info","event":"Failed to fetch https://tsetmc.com/History/17914401175772326/20251113: list index out of range","chan":"stdout","logger":"task"}
{"timestamp":"2025-12-07T10:22:25.810112Z","level":"info","event":"Failed to fetch https://tsetmc.com/History/17914401175772326/20251114: HTTPSConnectionPool(host='tsetmc.com', port=443): Max retries exceeded with url: /History/17914401175772326/20251114 (Caused by SSLError(SSLCertVerificationError(1, '[SSL: CERTIFICATE_VERIFY_FAILED] certificate verify failed: unable to get local issuer certificate (_ssl.c:1010)')))","chan":"stdout","logger":"task"}
{"timestamp":"2025-12-07T10:22:25.843726Z","level":"info","event":"Failed to fetch https://tsetmc.com/History/17914401175772326/20251115: list index out of range","chan":"stdout","logger":"task"}
{"timestamp":"2025-12-07T10:22:25.895315Z","level":"info","event":"Failed to fetch https://tsetmc.com/History/17914401175772326/20251116: list index out of range","chan":"stdout","logger":"task"}
{"timestamp":"2025-12-07T10:22:25.940133Z","level":"info","event":"Failed to fetch https://tsetmc.com/History/17914401175772326/20251117: HTTPSConnectionPool(host='tsetmc.com', port=443): Max retries exceeded with url: /History/17914401175772326/20251117 (Caused by SSLError(SSLCertVerificationError(1, '[SSL: CERTIFICATE_VERIFY_FAILED] certificate verify failed: unable to get local issuer certificate (_ssl.c:1010)')))","chan":"stdout","logger":"task"}
{"timestamp":"2025-12-07T10:22:25.969148Z","level":"info","event":"Failed to fetch https://tsetmc.com/History/17914401175772326/20251118: list index out of range","chan":"stdout","logger":"task"}
{"timestamp":"2025-12-07T10:22:26.003110Z","level":"info","event":"Failed to fetch https://tsetmc.com/History/17914401175772326/20251119: list index out of range","chan":"stdout","logger":"task"}
{"timestamp":"2025-12-07T10:22:26.048615Z","level":"info","event":"Failed to fetch https://tsetmc.com/History/17914401175772326/20251120: HTTPSConnectionPool(host='tsetmc.com', port=443): Max retries exceeded with url: /History/17914401175772326/20251120 (Caused by SSLError(SSLCertVerificationError(1, '[SSL: CERTIFICATE_VERIFY_FAILED] certificate verify failed: unable to get local issuer certificate (_ssl.c:1010)')))","chan":"stdout","logger":"task"}
{"timestamp":"2025-12-07T10:22:26.088316Z","level":"info","event":"Failed to fetch https://tsetmc.com/History/17914401175772326/20251121: list index out of range","chan":"stdout","logger":"task"}
{"timestamp":"2025-12-07T10:22:26.125308Z","level":"info","event":"Failed to fetch https://tsetmc.com/History/17914401175772326/20251122: list index out of range","chan":"stdout","logger":"task"}
{"timestamp":"2025-12-07T10:22:26.168531Z","level":"info","event":"Failed to fetch https://tsetmc.com/History/17914401175772326/20251123: HTTPSConnectionPool(host='tsetmc.com', port=443): Max retries exceeded with url: /History/17914401175772326/20251123 (Caused by SSLError(SSLCertVerificationError(1, '[SSL: CERTIFICATE_VERIFY_FAILED] certificate verify failed: unable to get local issuer certificate (_ssl.c:1010)')))","chan":"stdout","logger":"task"}
{"timestamp":"2025-12-07T10:22:26.200217Z","level":"info","event":"Failed to fetch https://tsetmc.com/History/17914401175772326/20251124: list index out of range","chan":"stdout","logger":"task"}
{"timestamp":"2025-12-07T10:22:26.265330Z","level":"info","event":"Failed to fetch https://tsetmc.com/History/17914401175772326/20251125: list index out of range","chan":"stdout","logger":"task"}
{"timestamp":"2025-12-07T10:22:26.323518Z","level":"info","event":"Failed to fetch https://tsetmc.com/History/17914401175772326/20251126: HTTPSConnectionPool(host='tsetmc.com', port=443): Max retries exceeded with url: /History/17914401175772326/20251126 (Caused by SSLError(SSLCertVerificationError(1, '[SSL: CERTIFICATE_VERIFY_FAILED] certificate verify failed: unable to get local issuer certificate (_ssl.c:1010)')))","chan":"stdout","logger":"task"}
{"timestamp":"2025-12-07T10:22:26.352223Z","level":"info","event":"Failed to fetch https://tsetmc.com/History/17914401175772326/20251127: list index out of range","chan":"stdout","logger":"task"}
{"timestamp":"2025-12-07T10:22:26.398487Z","level":"info","event":"Failed to fetch https://tsetmc.com/History/17914401175772326/20251128: list index out of range","chan":"stdout","logger":"task"}
{"timestamp":"2025-12-07T10:22:26.445405Z","level":"info","event":"Failed to fetch https://tsetmc.com/History/17914401175772326/20251129: HTTPSConnectionPool(host='tsetmc.com', port=443): Max retries exceeded with url: /History/17914401175772326/20251129 (Caused by SSLError(SSLCertVerificationError(1, '[SSL: CERTIFICATE_VERIFY_FAILED] certificate verify failed: unable to get local issuer certificate (_ssl.c:1010)')))","chan":"stdout","logger":"task"}
{"timestamp":"2025-12-07T10:22:26.471543Z","level":"info","event":"Failed to fetch https://tsetmc.com/History/17914401175772326/20251130: list index out of range","chan":"stdout","logger":"task"}
{"timestamp":"2025-12-07T10:22:26.503318Z","level":"info","event":"Failed to fetch https://tsetmc.com/History/17914401175772326/20251201: list index out of range","chan":"stdout","logger":"task"}
{"timestamp":"2025-12-07T10:22:26.546172Z","level":"info","event":"Failed to fetch https://tsetmc.com/History/17914401175772326/20251202: HTTPSConnectionPool(host='tsetmc.com', port=443): Max retries exceeded with url: /History/17914401175772326/20251202 (Caused by SSLError(SSLCertVerificationError(1, '[SSL: CERTIFICATE_VERIFY_FAILED] certificate verify failed: unable to get local issuer certificate (_ssl.c:1010)')))","chan":"stdout","logger":"task"}
{"timestamp":"2025-12-07T10:22:26.579008Z","level":"info","event":"Failed to fetch https://tsetmc.com/History/17914401175772326/20251203: list index out of range","chan":"stdout","logger":"task"}
{"timestamp":"2025-12-07T10:22:26.620817Z","level":"info","event":"Failed to fetch https://tsetmc.com/History/17914401175772326/20251204: list index out of range","chan":"stdout","logger":"task"}
{"timestamp":"2025-12-07T10:22:26.666637Z","level":"info","event":"Failed to fetch https://tsetmc.com/History/17914401175772326/20251205: HTTPSConnectionPool(host='tsetmc.com', port=443): Max retries exceeded with url: /History/17914401175772326/20251205 (Caused by SSLError(SSLCertVerificationError(1, '[SSL: CERTIFICATE_VERIFY_FAILED] certificate verify failed: unable to get local issuer certificate (_ssl.c:1010)')))","chan":"stdout","logger":"task"}
{"timestamp":"2025-12-07T10:22:26.695013Z","level":"info","event":"Failed to fetch https://tsetmc.com/History/17914401175772326/20251206: list index out of range","chan":"stdout","logger":"task"}
{"timestamp":"2025-12-07T10:22:26.727603Z","level":"info","event":"Failed to fetch https://tsetmc.com/History/17914401175772326/20251207: list index out of range","chan":"stdout","logger":"task"}
{"timestamp":"2025-12-07T10:22:26.727669","level":"info","event":"Done. Returned value was: []","logger":"airflow.task.operators.airflow.providers.standard.decorators.python._PythonDecoratedOperator"}
{"timestamp":"2025-12-07T10:22:26.728000","level":"info","event":"Pushing xcom","ti":"RuntimeTaskInstance(id=UUID('019af855-66cc-7383-954c-7c103e758039'), task_id='fetch_and_save_csv', dag_id='tsetmc_data_pipeline', run_id='manual__2025-12-07T10:15:14.103735+00:00', try_number=3, map_index=-1, hostname='da7b7117e734', context_carrier=None, task=<Task(_PythonDecoratedOperator): fetch_and_save_csv>, bundle_instance=LocalDagBundle(name=dags-folder), max_tries=5, start_date=datetime.datetime(2025, 12, 7, 10, 22, 18, 101771, tzinfo=datetime.timezone.utc), end_date=None, state=<TaskInstanceState.RUNNING: 'running'>, is_mapped=False, rendered_map_index=None, log_url='http://localhost:8080/dags/tsetmc_data_pipeline/runs/manual__2025-12-07T10%3A15%3A14.103735%2B00%3A00/tasks/fetch_and_save_csv?try_number=3')","logger":"task"}
